UP-TO-DATE 1/607 PaperIV.ChordalStructure
UP-TO-DATE 2/607 PaperIV.FarRounding
UP-TO-DATE 3/607 A4S1.HostAbsorption
UP-TO-DATE 4/607 PaperIV.Model
UP-TO-DATE 5/607 PaperIV.PhysicalCompletion
UP-TO-DATE 6/607 PaperIV.SplitUniformIncidence
UP-TO-DATE 7/607 PaperIV.SplitEdgeCount
UP-TO-DATE 8/607 PaperIV.DefectComparatorGraph
UP-TO-DATE 9/607 PaperIV.DefectTargetArithmetic
UP-TO-DATE 10/607 PaperI.FiniteLP
UP-TO-DATE 11/607 PaperI.RationalFarkas
UP-TO-DATE 12/607 PaperI.FiniteLPDuality
UP-TO-DATE 13/607 PaperIV.CertifiedOptimumExistence
UP-TO-DATE 14/607 PaperIV.ClassCopy
UP-TO-DATE 15/607 PaperIV.ChordalBasics
UP-TO-DATE 16/607 PaperIV.ChordalCopy
UP-TO-DATE 17/607 PaperIV.DiracEngine
UP-TO-DATE 18/607 PaperIV.TerminalSplit
UP-TO-DATE 19/607 PaperIV.TerminalSplitAdapter
UP-TO-DATE 20/607 PaperIV.CloneMeasure
UP-TO-DATE 21/607 PaperIV.Dirac1
UP-TO-DATE 22/607 PaperIV.CopySelector
UP-TO-DATE 23/607 PaperIV.EditMetric
UP-TO-DATE 24/607 PaperIV.FirstEntryWindow
UP-TO-DATE 25/607 PaperIV.EditFirstEntry
UP-TO-DATE 26/607 PaperIV.CopyPathWindow
UP-TO-DATE 27/607 PaperIV.DeficitAlongPath
UP-TO-DATE 28/607 PaperIV.CopyPathNearEntry
UP-TO-DATE 29/607 PaperIV.VertexCopy
UP-TO-DATE 30/607 PaperIV.VertexCopySelector
UP-TO-DATE 31/607 PaperIV.FiniteLPDuality
UP-TO-DATE 32/607 PaperIV.FarRoundingRealLP
UP-TO-DATE 33/607 PaperIV.VertexCopyItems
UP-TO-DATE 34/607 PaperIV.VertexCopyTransport
UP-TO-DATE 35/607 PaperIV.VertexCopyMonotone
UP-TO-DATE 36/607 PaperIV.VertexCopyRank
UP-TO-DATE 37/607 PaperIV.VertexCopyGate
UP-TO-DATE 38/607 PaperIV.GatedTerminalSplit
UP-TO-DATE 39/607 PaperIV.NearH1Calibration
UP-TO-DATE 40/607 PaperIV.GraphFamilyDistance
UP-TO-DATE 41/607 PaperIV.SplitComparatorFamily
UP-TO-DATE 42/607 PaperIV.FarRoundingToPhysical
UP-TO-DATE 43/607 PaperIV.VertexCopyWBridge
UP-TO-DATE 44/607 PaperIV.F4EditRobustness
UP-TO-DATE 45/607 PaperIV.SplitPackingObstruction
UP-TO-DATE 46/607 PaperIV.ColourClasses
UP-TO-DATE 47/607 PaperIV.Vizing
UP-TO-DATE 48/607 PaperIV.LineGraphColouring
UP-TO-DATE 49/607 PaperIV.ExteriorTriangleLift
UP-TO-DATE 50/607 PaperIV.PackingUnion
UP-TO-DATE 51/607 PaperIV.MultiHostTriangleLift
UP-TO-DATE 52/607 PaperIV.OneFactorization
UP-TO-DATE 53/607 PaperIV.TransportedMatchings
UP-TO-DATE 54/607 PaperIV.RD09PhaseII
UP-TO-DATE 55/607 PaperIV.RD09RootFactorPhase
UP-TO-DATE 56/607 PaperIV.RoundRobinPairs
UP-TO-DATE 57/607 PaperIV.SplitTriangleFactor
UP-TO-DATE 58/607 PaperIV.SplitTriangleFactorHighHost
UP-TO-DATE 59/607 PaperIV.GatedSplitTargetBridge
UP-TO-DATE 60/607 PaperIV.CriticalBranch
UP-TO-DATE 61/607 PaperIV.SharpEnvelope
UP-TO-DATE 62/607 PaperIV.CriticalResidual
UP-TO-DATE 63/607 PaperIV.TerminalSeparation
UP-TO-DATE 64/607 PaperIV.NearTerminalSynthesis
UP-TO-DATE 65/607 PaperIV.SplitFamilyDisjoint
UP-TO-DATE 66/607 PaperIV.UniformWeightValue
UP-TO-DATE 67/607 PaperIV.SplitCanonicalWeight
UP-TO-DATE 68/607 PaperIV.SplitItems
UP-TO-DATE 69/607 PaperIV.SplitCanonicalSupportSum
UP-TO-DATE 70/607 PaperIV.SplitFamilyNonempty
UP-TO-DATE 71/607 PaperIV.SplitCanonicalValue
UP-TO-DATE 72/607 PaperIV.SplitTerminalLP
UP-TO-DATE 73/607 PaperIV.UniformSplitLoads
UP-TO-DATE 74/607 PaperIV.SplitLPToPhysicalLoads
UP-TO-DATE 75/607 PaperIV.SplitFarRounding
UP-TO-DATE 76/607 PaperIV.SplitComparatorResidual
UP-TO-DATE 77/607 PaperIV.NearH1SplitComparator
UP-TO-DATE 78/607 PaperIV.RD09FiniteAveraging
UP-TO-DATE 79/607 PaperIV.EquitableEdgeColouring
UP-TO-DATE 80/607 PaperIV.EquitableKempe
UP-TO-DATE 81/607 PaperIV.RD09LocalPhaseI
UP-TO-DATE 82/607 PaperIV.RD09L1Adapter
UP-TO-DATE 83/607 PaperIV.RootedEliminationOrder
UP-TO-DATE 84/607 PaperIV.RD09RootedOrderAdapter
UP-TO-DATE 85/607 PaperIV.ClassCopyEdit
UP-TO-DATE 86/607 PaperIV.PaddedEquitableColouring
UP-TO-DATE 87/607 PaperIV.RootVocabulary
UP-TO-DATE 88/607 PaperIV.RootEdgeSplit
UP-TO-DATE 89/607 PaperIV.RD09SplitEditAccount
UP-TO-DATE 90/607 PaperIV.ChordalCoreMissing
UP-TO-DATE 91/607 PaperIV.NearH1FinalScalars
UP-TO-DATE 92/607 PaperIV.NearH1PromotionAccounts
UP-TO-DATE 93/607 PaperIV.NearH1RootRegularization
UP-TO-DATE 94/607 PaperIV.ChordalC4
UP-TO-DATE 95/607 PaperIV.OutsideCounting
UP-TO-DATE 96/607 PaperIV.Regularization
UP-TO-DATE 97/607 PaperIV.RegularizationBounds
UP-TO-DATE 98/607 PaperIV.RegularizedRootGoal
UP-TO-DATE 99/607 PaperIV.RootRegularizationBridge
UP-TO-DATE 100/607 PaperIV.NearH1CalibratedRoot
UP-TO-DATE 101/607 PaperIV.ParametricBudget
UP-TO-DATE 102/607 PaperIV.CanonicalBudget
UP-TO-DATE 103/607 PaperIV.TerminalLedger
UP-TO-DATE 104/607 PaperIV.H1LedgerArithmetic
UP-TO-DATE 105/607 PaperIV.H1ImprovedConstants
UP-TO-DATE 106/607 PaperIV.FiniteHeavySelection
UP-TO-DATE 107/607 PaperIV.RD09PaddedHostBase
UP-TO-DATE 108/607 PaperIV.RD09PaddedL1Adapter
UP-TO-DATE 109/607 PaperIV.RD09PaddedL1Mass
UP-TO-DATE 110/607 PaperIV.RD09RootExteriorAdapter
UP-TO-DATE 111/607 PaperIV.NearH1PhaseI
UP-TO-DATE 112/607 PaperIV.RD09CandidateCounting
UP-TO-DATE 113/607 PaperIV.RD09FactorCandidateMoments
UP-TO-DATE 114/607 PaperIV.RD09TerminalAssembly
UP-TO-DATE 115/607 PaperIV.RD09PhysicalLedger
UP-TO-DATE 116/607 PaperIV.RD09FactorCandidateAverage
UP-TO-DATE 117/607 PaperIV.RD09SpokeCompatibility
UP-TO-DATE 118/607 PaperIV.RD09H1SpokeRealization
UP-TO-DATE 119/607 PaperIV.RD09CanonicalBadAccounts
UP-TO-DATE 120/607 PaperIV.RD09CanonicalL2Assembly
UP-TO-DATE 121/607 PaperIV.RD09CompleteFactorAdapter
UP-TO-DATE 122/607 PaperIV.NearH1FinalAssembly
UP-TO-DATE 123/607 PaperIV.NearH1StructureWitness
UP-TO-DATE 124/607 PaperIV.CertifiedF4Bridge
UP-TO-DATE 125/607 PaperIV.PathDescentBridge
UP-TO-DATE 126/607 PaperIV.PathDescentBarrier
UP-TO-DATE 127/607 PaperIV.SymmetrizationMetricStep
UP-TO-DATE 128/607 PaperIV.H1DescentBarrier
UP-TO-DATE 129/607 PaperIV.SymmetrizationBarrier
UP-TO-DATE 130/607 PaperIV.SymmetrizationInvariantBarrier
UP-TO-DATE 131/607 PaperIV.LocalStabilityS01S03
UP-TO-DATE 132/607 PaperIV.RD09RootSplitDistance
UP-TO-DATE 133/607 PaperIV.NearH1WindowAccounts
UP-TO-DATE 134/607 PaperIV.NearH1Localization
UP-TO-DATE 135/607 MixedRounding.Defs
UP-TO-DATE 136/607 MixedRounding.Cleanup
UP-TO-DATE 137/607 PaperIV.MixedRoundingAdapter
UP-TO-DATE 138/607 PaperIV.TargetEnvelope
UP-TO-DATE 139/607 PaperIV.NB08Interface
UP-TO-DATE 140/607 PaperIV.RC01GlobalBudget
UP-TO-DATE 141/607 PaperIV.FarRoundingBatchBridge
UP-TO-DATE 142/607 PaperIV.FarRoundingFromAssignment
UP-TO-DATE 143/607 PaperIV.AssignmentLemma
UP-TO-DATE 144/607 PaperIV.CliqueBagNibble
UP-TO-DATE 145/607 PaperIV.DonationBudget
UP-TO-DATE 146/607 PaperIV.ChordalBridge
UP-TO-DATE 147/607 PaperIV.DenseBagClosure
UP-TO-DATE 148/607 PaperIV.AssignmentEquivalence
UP-TO-DATE 149/607 PaperIV.TwoRegimeAccounting
UP-TO-DATE 150/607 PaperIV.E01Ledger
UP-TO-DATE 151/607 PaperIV.NibblePort
UP-TO-DATE 152/607 PaperIV.RootedCounting
UP-TO-DATE 153/607 PaperIV.RootedCountingBridge
UP-TO-DATE 154/607 PaperIV.CountingTelescope
UP-TO-DATE 155/607 PaperIV.OneStepEstimate
UP-TO-DATE 156/607 PaperIV.TelescopeK3
UP-TO-DATE 157/607 PaperIV.TelescopeK3Full
UP-TO-DATE 158/607 PaperIV.TelescopeK4
UP-TO-DATE 159/607 PaperIV.TelescopeK4Step2
UP-TO-DATE 160/607 PaperIV.TelescopeK4Full
UP-TO-DATE 161/607 PaperIV.RegularityFormat
UP-TO-DATE 162/607 PaperIV.DoubledPattern
UP-TO-DATE 163/607 PaperIV.PatternCounting
UP-TO-DATE 164/607 PaperIV.EighthMoment
UP-TO-DATE 165/607 PaperIV.RootedVariance
UP-TO-DATE 166/607 PaperIV.CopyCleanup
UP-TO-DATE 167/607 PaperIV.PatternMass
UP-TO-DATE 168/607 PaperIV.SimultaneousSelection
UP-TO-DATE 169/607 PaperIV.CyclicLayering
UP-TO-DATE 170/607 PaperIV.OwnerCoins
UP-TO-DATE 171/607 PaperIV.DegreeConcentration
UP-TO-DATE 172/607 PaperIV.CenteredMoments
UP-TO-DATE 173/607 PaperIV.ResourceSizes
UP-TO-DATE 174/607 PaperIV.WeightedCodegree
UP-TO-DATE 175/607 PaperIV.RC01Candidates
UP-TO-DATE 176/607 PaperIV.RC01CandidatePool
UP-TO-DATE 177/607 PaperIV.RC01CanonicalSlots
UP-TO-DATE 178/607 PaperIV.K4UniformNibbleCounts
UP-TO-DATE 179/607 PaperIV.RC01CanonicalSupports
UP-TO-DATE 180/607 PaperIV.TriangleNibblePort
UP-TO-DATE 181/607 PaperIV.RC01K3Pool
UP-TO-DATE 182/607 PaperIV.OwnerCoinMoments
UP-TO-DATE 183/607 PaperIV.WeightedMoments
UP-TO-DATE 184/607 PaperIV.WeightedPatternCoins
UP-TO-DATE 185/607 PaperIV.RC01PatternCapacity
UP-TO-DATE 186/607 PaperIV.RC01MixedPatterns
UP-TO-DATE 187/607 PaperIV.WeightedCoin
UP-TO-DATE 188/607 PaperIV.PatternCoin
UP-TO-DATE 189/607 PaperIV.PatternTransfer
UP-TO-DATE 190/607 PaperIV.PartitionBridge
UP-TO-DATE 191/607 PaperIV.NibbleHypotheses
UP-TO-DATE 192/607 PaperIV.PatternPoolGeometry
UP-TO-DATE 193/607 MixedRounding.Lift
UP-TO-DATE 194/607 MixedRounding.Producer
UP-TO-DATE 195/607 PaperIV.MixedNibbleUnion
UP-TO-DATE 196/607 PaperIV.JointTypedNibbleGate
UP-TO-DATE 197/607 PaperIV.JointTypedQuota
UP-TO-DATE 198/607 Nibble.BeckFiala
UP-TO-DATE 199/607 Nibble.BeckFialaPairs
UP-TO-DATE 200/607 Nibble.Basic
UP-TO-DATE 201/607 Nibble.FracMatchingBound
UP-TO-DATE 202/607 Nibble.Tight.Pruning
UP-TO-DATE 203/607 Nibble.Prelude
UP-TO-DATE 204/607 Nibble.Conflict
UP-TO-DATE 205/607 Nibble.Survival
UP-TO-DATE 206/607 Nibble.BernoulliSpace
UP-TO-DATE 207/607 Nibble.Greedy
UP-TO-DATE 208/607 Nibble.Round
UP-TO-DATE 209/607 Nibble.Covered
UP-TO-DATE 210/607 Nibble.Measurable
UP-TO-DATE 211/607 Nibble.RoundConflict
UP-TO-DATE 212/607 Nibble.CoveredExpectation
UP-TO-DATE 213/607 Nibble.Tight.CoverProb
UP-TO-DATE 214/607 Nibble.Tight.SafeDegree
UP-TO-DATE 215/607 Nibble.Tight.CoverWeight
UP-TO-DATE 216/607 Nibble.Tight.CoverWeightMoments
UP-TO-DATE 217/607 Nibble.Tight.LossVariance
UP-TO-DATE 218/607 Nibble.Tight.PairWeightMean
UP-TO-DATE 219/607 Nibble.Tight.Selection
UP-TO-DATE 220/607 Nibble.Tight.TightRound
UP-TO-DATE 221/607 Nibble.Tight.TightRoundConcrete
UP-TO-DATE 222/607 Nibble.Tight.ResidualBand
UP-TO-DATE 223/607 Nibble.Tight.ConflictCount
UP-TO-DATE 224/607 Nibble.Tight.TwoEdgeMatch
UP-TO-DATE 225/607 Nibble.Tight.PairExcessCodegree
UP-TO-DATE 226/607 Nibble.Tight.CoverVariance
UP-TO-DATE 227/607 Nibble.Tight.TightRoundCheb
UP-TO-DATE 228/607 Nibble.Tight.ResidualBandCheb
UP-TO-DATE 229/607 Nibble.Tight.RoundExplicit
UP-TO-DATE 230/607 Nibble.Tight.SharpRound
UP-TO-DATE 231/607 Nibble.Tight.CubeVariance
UP-TO-DATE 232/607 Nibble.Tight.CubeRetention
UP-TO-DATE 233/607 Nibble.Tight.SafeDegreeVariance
UP-TO-DATE 234/607 Nibble.Tight.SafeRoundCheb
UP-TO-DATE 235/607 Nibble.Tight.FlipStability
UP-TO-DATE 236/607 Nibble.Tight.SharpVariance
UP-TO-DATE 237/607 Nibble.Tight.SharpRoundProof
UP-TO-DATE 238/607 Nibble.Tight.SharpRoundAssembly
UP-TO-DATE 239/607 Nibble.Convergence
UP-TO-DATE 240/607 Nibble.Assembly
UP-TO-DATE 241/607 Nibble.Iteration
UP-TO-DATE 242/607 Nibble.Assemble
UP-TO-DATE 243/607 Nibble.IterationSeq
UP-TO-DATE 244/607 Nibble.DischargeSeq
UP-TO-DATE 245/607 Nibble.AdaptiveRounds
UP-TO-DATE 246/607 Nibble.Regular
UP-TO-DATE 247/607 Nibble.Interface
UP-TO-DATE 248/607 Nibble.RegularMost
UP-TO-DATE 249/607 Nibble.AdaptiveAssembly
UP-TO-DATE 250/607 Nibble.TightAssembly
UP-TO-DATE 251/607 Nibble.TightSchedule
UP-TO-DATE 252/607 Nibble.TightNibble
UP-TO-DATE 253/607 Nibble.WeightedSpreadNibble
UP-TO-DATE 254/607 Nibble.FracNibbleRepaired
UP-TO-DATE 255/607 PaperIV.PaperIIINibbleAdapter
UP-TO-DATE 256/607 PaperIV.MarkedQuotaNibble
UP-TO-DATE 257/607 PaperIV.MarkedQuotaTokens
UP-TO-DATE 258/607 PaperIV.MarkedQuotaGate
UP-TO-DATE 259/607 Nibble.FracNibbleSlack
UP-TO-DATE 260/607 Nibble.FracNibbleSlackR
UP-TO-DATE 261/607 Nibble.FracNibbleLE
UP-TO-DATE 262/607 PaperIV.PaperIIISlackNibbleAdapter
UP-TO-DATE 263/607 PaperIV.MarkedQuotaSlackGate
UP-TO-DATE 264/607 PaperIV.MarkedQuotaTypedGain
UP-TO-DATE 265/607 PaperIV.TrianglePairingDefs
UP-TO-DATE 266/607 PaperIV.TrianglePairingSplit
UP-TO-DATE 267/607 PaperIV.TrianglePairingSums
UP-TO-DATE 268/607 PaperIV.MarkedQuotaPairing
UP-TO-DATE 269/607 PaperIV.JointTwoQuotaPhysical
UP-TO-DATE 270/607 PaperIV.RC01CanonicalFractional
UP-TO-DATE 271/607 PaperIV.RC01CanonicalNormalization
UP-TO-DATE 272/607 PaperIV.RC01CanonicalSlackBridge
UP-TO-DATE 273/607 PaperIV.SpreadPacking
UP-TO-DATE 274/607 PaperIV.RC01CleanedSpreadPacking
UP-TO-DATE 275/607 PaperIV.RC01DeviationCleanup
UP-TO-DATE 276/607 PaperIV.RC01CleanFiber
UP-TO-DATE 277/607 PaperIV.RC01RegularVolume
UP-TO-DATE 278/607 PaperIV.RC01CanonicalProfile
UP-TO-DATE 279/607 PaperIV.RC01CanonicalFiberProfile
UP-TO-DATE 280/607 PaperIV.RC01CleanedMixedCodegree
UP-TO-DATE 281/607 PaperIV.UniformDual
UP-TO-DATE 282/607 PaperIV.LowTriangleReduction
UP-TO-DATE 283/607 PaperIV.RC01MarkedRounding
UP-TO-DATE 284/607 PaperIV.RC01PatternMassScale
UP-TO-DATE 285/607 PaperIV.RC01CleanedGate
UP-TO-DATE 286/607 PaperIV.RC01CanonicalValueAccounting
UP-TO-DATE 287/607 PaperIV.RC01CanonicalTransferBridge
UP-TO-DATE 288/607 PaperIV.DiscardCounts
UP-TO-DATE 289/607 PaperIV.RC01ResidualCoverage
UP-TO-DATE 290/607 PaperIV.EpsilonBudgetFull
UP-TO-DATE 291/607 PaperIV.SpreadRestricted
UP-TO-DATE 292/607 PaperIV.SpreadValueTransfer
UP-TO-DATE 293/607 PaperIV.RC01ResidualTransferClosure
UP-TO-DATE 294/607 PaperIV.RC01PatternCardinality
UP-TO-DATE 295/607 PaperIV.RC01GlobalSchedule
UP-TO-DATE 296/607 PaperIV.RC01DenseAssembly
UP-TO-DATE 297/607 PaperIV.SparseRegime
UP-TO-DATE 298/607 PaperIV.RoundingTrichotomy
UP-TO-DATE 299/607 PaperIV.Corollary73Assembly
UP-TO-DATE 300/607 PaperIV.TriangleCover
UP-TO-DATE 301/607 PaperIV.TriangleSwap
UP-TO-DATE 302/607 PaperIV.CleanedLowTriangleBridge
UP-TO-DATE 303/607 PaperIV.RC01TriangleSchedule
UP-TO-DATE 304/607 PaperIV.CleanedTriangleMass
UP-TO-DATE 305/607 PaperIV.RC01TriangleTransfer
UP-TO-DATE 306/607 PaperIV.RC01RootwiseReference
UP-TO-DATE 307/607 PaperIV.RootedK3Counting
UP-TO-DATE 308/607 PaperIV.RootedK4Degree
UP-TO-DATE 309/607 PaperIV.RootedK4Counting
UP-TO-DATE 310/607 PaperIV.RC01RootedMomentAdapter
UP-TO-DATE 311/607 PaperIV.RC01RootwiseCleanupBudget
UP-TO-DATE 312/607 PaperIV.RC01RootwiseRetention
UP-TO-DATE 313/607 PaperIV.RootedK4Pool
UP-TO-DATE 314/607 PaperIV.RootedK3Pool
UP-TO-DATE 315/607 PaperIV.RC01DenseRootwiseRetention
UP-TO-DATE 316/607 PaperIV.RC01DensePhysicalGate
UP-TO-DATE 317/607 PaperIV.RC01UniformDenseGate
UP-TO-DATE 318/607 PaperIV.RC01Final
UP-TO-DATE 319/607 PaperIV.RC01FarAssembly
UP-TO-DATE 320/607 PaperIV.SplitBaselineTarget
UP-TO-DATE 321/607 PaperIV.NearRegimePackingInterface
UP-TO-DATE 322/607 PaperIV.NearH1TargetAssembly
UP-TO-DATE 323/607 PaperIV.NearH1GlobalAssembly
UP-TO-DATE 324/607 PaperIV.Erdos81Unconditional
UP-TO-DATE 325/607 PaperIV.FarSlackQuantitative
UP-TO-DATE 326/607 PaperIV.HybridDichotomy
UP-TO-DATE 327/607 PaperIV.SplitEditIdentity
UP-TO-DATE 328/607 PaperIV.IntegralStability
UP-TO-DATE 329/607 PaperIV.SubgraphPadding
UP-TO-DATE 330/607 PaperIV.DefectApexStability
UP-TO-DATE 331/607 A4S1.DefectOneAbsorbedStability
UP-TO-DATE 332/607 A4S1.PerVertexAbsorption
UP-TO-DATE 333/607 A4S1.ApexChordalSharp
UP-TO-DATE 334/607 PaperIV.RootedSimplicialDefect
UP-TO-DATE 335/607 PaperIV.DefectDeletionRoute
UP-TO-DATE 336/607 A4S1.DefectOneReduction
UP-TO-DATE 337/607 PaperIV.FarRegimeAllGraphs
UP-TO-DATE 338/607 A4S1.CriticalReduction
UP-TO-DATE 339/607 A4S1.IndepAbsorb
UP-TO-DATE 340/607 PaperIV.GalvinRectangle
UP-TO-DATE 341/607 PaperIV.DyadicHosting
UP-TO-DATE 342/607 PaperIV.PhysicalToCliquePartition
UP-TO-DATE 343/607 PaperIV.SplitCompleteExactValue
UP-TO-DATE 344/607 PaperIV.SplitTriangleFactorOdd
UP-TO-DATE 345/607 PaperIV.TwoRegimeAssembly
UP-TO-DATE 346/607 PaperIV.TerminalToNear
UP-TO-DATE 347/607 PaperIV.SplitTerminalNear
UP-TO-DATE 348/607 PaperIV.SplitTerminalTarget
UP-TO-DATE 349/607 PaperIV.SplitTriangleFactorOddHighHost
UP-TO-DATE 350/607 PaperIV.SplitCompleteExactValueAllParities
UP-TO-DATE 351/607 PaperIV.SplitCompleteSharpLower
UP-TO-DATE 352/607 PaperIV.SplitCompleteSharpValue
UP-TO-DATE 353/607 PaperIV.SplitCompleteRigidity
UP-TO-DATE 354/607 PaperIV.LiftedPieceBudget
UP-TO-DATE 355/607 PaperIV.LiftedPieceGreedy
UP-TO-DATE 356/607 PaperIV.LiftedHostingAssembly
UP-TO-DATE 357/607 A4S1.TerminalPacking
UP-TO-DATE 358/607 A4S1.IndepHostingTools
UP-TO-DATE 359/607 A4S1.IndepLedger
UP-TO-DATE 360/607 A4S1.IndepPhaseOne
UP-TO-DATE 361/607 A4S1.IndepConstructor
UP-TO-DATE 362/607 PaperIV.EditRouteCliqueRecovery
UP-TO-DATE 363/607 PaperIV.ErdosKPartite
UP-TO-DATE 364/607 PaperIV.EditRouteLemmaK
UP-TO-DATE 365/607 PaperIV.EditRouteChordalBridge
UP-TO-DATE 366/607 PaperIV.CliqueTree.Basic
UP-TO-DATE 367/607 PaperIV.CliqueTree.PEO
UP-TO-DATE 368/607 PaperIV.CliqueTree.Helly
UP-TO-DATE 369/607 PaperIV.CliqueTree.Characterization
UP-TO-DATE 370/607 PaperIV.RootedDefectZeroChordal
UP-TO-DATE 371/607 PaperIV.FixedL4Localization
UP-TO-DATE 372/607 PaperIV.Erdos81AllOrders
UP-TO-DATE 373/607 PaperIV.SplitCompleteDefect
UP-TO-DATE 374/607 PaperIV.SplitMixedGap
UP-TO-DATE 375/607 PaperIV.LossBudget
UP-TO-DATE 376/607 PaperIV.FixedL4LocalizationAllEps
UP-TO-DATE 377/607 PaperIV.EditRouteLocalization
UP-TO-DATE 378/607 RequestProject.AS.Defs
UP-TO-DATE 379/607 RequestProject.AS.ColoredHom
UP-TO-DATE 380/607 RequestProject.AFKS.MeanSquare
UP-TO-DATE 381/607 RequestProject.AFKS.Refine
UP-TO-DATE 382/607 RequestProject.AFKS.Lemma41
UP-TO-DATE 383/607 RequestProject.AFKS.Selection
UP-TO-DATE 384/607 RequestProject.AFKS.Corollary42
UP-TO-DATE 385/607 RequestProject.AS.Counting
UP-TO-DATE 386/607 RequestProject.AS.Ramsey
UP-TO-DATE 387/607 RequestProject.AS.Lemma35
UP-TO-DATE 388/607 RequestProject.AS.EditDist
UP-TO-DATE 389/607 RequestProject.AS.Modify
UP-TO-DATE 390/607 RequestProject.AS.Lemma42
UP-TO-DATE 391/607 RequestProject.AlonShapira
UP-TO-DATE 392/607 PaperIV.EditRouteUnconditional
UP-TO-DATE 393/607 A4S1.MinDegreeTerminal
UP-TO-DATE 394/607 PaperIV.A4AllDefects
UP-TO-DATE 395/607 A4S1.MinDegreeAll
UP-TO-DATE 396/607 PaperIV.A4ExceptionalBound
UP-TO-DATE 397/607 PaperIV.DefectOneRootStar
UP-TO-DATE 398/607 A4S1.IndepAllTools
UP-TO-DATE 399/607 A4S1.IndepAllArith
UP-TO-DATE 400/607 A4S1.IndepAllPairs
UP-TO-DATE 401/607 A4S1.IndepAllPeel
UP-TO-DATE 402/607 A4S1.IndepAllSetup
UP-TO-DATE 403/607 A4S1.IndepAllBounds
UP-TO-DATE 404/607 A4S1.IndepAllObstr
UP-TO-DATE 405/607 A4S1.IndepAllParams
UP-TO-DATE 406/607 A4S1.IndepAllBudget
UP-TO-DATE 407/607 A4S1.IndepAllMain
PASS 408/607 A4S1.IndepAllAudit 189.5s
UP-TO-DATE 409/607 E34.CycleCount
UP-TO-DATE 410/607 E34.CoBipartite
UP-TO-DATE 411/607 E34.Trees
UP-TO-DATE 412/607 E34.Compress
UP-TO-DATE 413/607 E34.Sampling
UP-TO-DATE 414/607 E34.Pinned
UP-TO-DATE 415/607 E34.SetColoring
UP-TO-DATE 416/607 E34.Theorem2
UP-TO-DATE 417/607 E34.Theorem6
UP-TO-DATE 418/607 E34.L11Claim2
UP-TO-DATE 419/607 E34.L11Claim5
UP-TO-DATE 420/607 E34.L11Subdiv
UP-TO-DATE 421/607 E34.L11Glue
UP-TO-DATE 422/607 E34.L11Claim6
PASS 423/607 E34.SampleBound 140.9s
PASS 424/607 E34.ChordalTools 147.4s
PASS 425/607 E34.Gavril 118.6s
PASS 426/607 E34.NearlySimplicial 123.2s
PASS 427/607 E34.Sec6Claim1 111.6s
PASS 428/607 E34.Sec6Claim2 100.8s
PASS 429/607 E34.Sec6Count 117.2s
PASS 430/607 E34.Sec6Main 103.9s
PASS 431/607 E34.Bridge 98.7s
PASS 432/607 E34.Params 137.2s
PASS 433/607 E34.L11Params 155.8s
PASS 434/607 E18.NibbleSchedule 70.5s
PASS 435/607 E18.NibbleOracle 138.0s
PASS 436/607 E18.NibbleChain 106.4s
PASS 437/607 E18.Gate 98.8s
PASS 438/607 E18.Rounding 146.5s
PASS 439/607 E18.Far 54.5s
PASS 440/607 E18.Numeric 60.5s
PASS 441/607 E19.ScheduleBounds 66.5s
PASS 442/607 E19.ChainBounds 55.4s
PASS 443/607 E19.GateBounds 56.2s
PASS 444/607 E19.Tower 33.2s
PASS 445/607 E19.Main 66.7s
PASS 446/607 E33.FarExplicit 62.0s
PASS 447/607 E33.LocExplicit 135.1s
PASS 448/607 E33.Assembly 118.7s
PASS 449/607 E34.Reduction 104.5s
PASS 450/607 E34.Main 101.1s
PASS 451/607 E34.L11Main 122.8s
PASS 452/607 SublinearEdit 135.8s
PASS 453/607 PaperIV.DefectComparatorLower 39.6s
PASS 454/607 PaperIV.DefectComparatorRootedDefect 30.6s
PASS 455/607 PaperIV.E11Core 22.3s
PASS 456/607 PaperIV.E11K10 30.0s
PASS 457/607 PaperIV.DefectSharpPublication 91.4s
PASS 458/607 PaperIV.CliquePartitionTransport 21.2s
PASS 459/607 PaperIV.ExtremalClassification 33.7s
PASS 460/607 E32.Basic 90.7s
PASS 461/607 E32.Transfer 97.6s
PASS 462/607 RootedCliqueRecovery 99.0s
PASS 463/607 EditRootRecovery 94.2s
PASS 464/607 PaperIV.RootPartitionStability 73.3s
PASS 465/607 SublinearStabilityTransfer 102.6s
PASS 466/607 SublinearStability 79.4s
PASS 467/607 SublinearLocalization 71.8s
PASS 468/607 RootScore 62.6s
PASS 469/607 PieceEdgeStability 85.8s
PASS 470/607 AsymptoticTools 49.7s
PASS 471/607 SublinearPartitionBound 59.8s
PASS 472/607 SublinearSequences 69.3s
PASS 473/607 ArbitraryOrderSequences 60.7s
PASS 474/607 BaselineCapacity 66.3s
PASS 475/607 CliqueShiftArithmetic 43.6s
PASS 476/607 E32.Deletion 51.3s
PASS 477/607 E32.DeletionInduction 68.2s
PASS 478/607 E32.PieceIdentity 72.3s
PASS 479/607 E32.Consequences 67.3s
PASS 480/607 E32.FarMargin 56.5s
PASS 481/607 E32.Main 65.1s
PASS 482/607 CoreRepair 68.1s
PASS 483/607 CoreCliqueAlternative 62.6s
PASS 484/607 LargeCliqueCore 55.1s
PASS 485/607 NormalizedCliqueCore 55.6s
PASS 486/607 StrictBudget 166.1s
PASS 487/607 StrictConstructor 36.7s
PASS 488/607 StrictParams 106.7s
PASS 489/607 StrictTerminal 61.0s
PASS 490/607 NormalizedDeficit 56.8s
PASS 491/607 ResidualExcess 56.8s
PASS 492/607 VertexEditBound 52.3s
PASS 493/607 TemplateDistance 52.2s
PASS 494/607 TemplateShift 56.3s
PASS 495/607 RootPartition 54.7s
PASS 496/607 NormalizedStability 63.1s
PASS 497/607 E32Bridge 61.0s
PASS 498/607 ExplicitFixedStability 75.0s
PASS 499/607 OptimalCoreDistance 76.2s
PASS 500/607 ComparatorResize 62.9s
PASS 501/607 Contrib.SpreadMatchingDirac 25.7s
PASS 502/607 DualBudgetArithmetic 56.5s
PASS 503/607 E17.Cleanup 33.0s
PASS 504/607 E17.FarBudget 32.4s
PASS 505/607 E17.ImprovedFarRounding 134.1s
PASS 506/607 E17.ExplicitFarRounding 111.6s
PASS 507/607 E17.ExplicitFarAssembly 33.5s
PASS 508/607 PaperIV.ExplicitThreshold 32.5s
PASS 509/607 E17.ExplicitFarAudit 65.6s
PASS 510/607 E17.ImprovedFarRoundingAudit 44.2s
PASS 511/607 E19.AxiomCheck 54.7s
PASS 512/607 E32.Comparison 56.9s
PASS 513/607 E33.RemovalReduction 66.4s
PASS 514/607 E33.ClosedForms 55.5s
PASS 515/607 E34.Audit 100.6s
PASS 516/607 E35.Edit 72.0s
PASS 517/607 E35.Sched 65.5s
PASS 518/607 E35.Gate 36.5s
PASS 519/607 E35.Numeric 118.7s
PASS 520/607 E35.Main 54.9s
PASS 521/607 E35.Theorem 79.2s
PASS 522/607 E35.Audit 457.2s
PASS 523/607 ExactReduction.Arithmetic 28.4s
PASS 524/607 ExactReduction.ShellObstruction 30.5s
PASS 525/607 ExtremalEditStability 52.1s
PASS 526/607 PaperIV.DefectExplicitPublication 51.4s
PASS 527/607 FixedDefectPieceEdges 64.1s
PASS 528/607 PublicationStability 60.5s
PASS 529/607 FDCheck.ASCheck 72.4s
PASS 530/607 FixedDefectConclusion 41.4s
PASS 531/607 FDCheck.Audit 125.6s
PASS 532/607 FDCheck.FinalAudit 126.3s
PASS 533/607 FarExploration.CleanupLP 20.0s
PASS 534/607 FarExploration.CodegreeCleanup 24.6s
PASS 535/607 FarExploration.CleanupBridge 21.8s
PASS 536/607 FarExploration.CleanupThreshold 28.8s
PASS 537/607 FarExploration.CleanupDense 47.1s
PASS 538/607 FarExploration.RigidThreshold 30.8s
PASS 539/607 FarExploration.RuzsaSzemeredi 34.3s
PASS 540/607 FarExploration.CleanupRigidVerdict 39.5s
PASS 541/607 FarExploration.CleanupTriangleRegular 31.9s
PASS 542/607 FarExploration.CleanupDuality 21.1s
PASS 543/607 FarExploration.CleanupObstruction 28.2s
PASS 544/607 FarExploration.CleanupCertificate 23.0s
PASS 545/607 FarExploration.CleanupVerdict 27.7s
PASS 546/607 FarExploration.ThresholdCalculus 36.1s
PASS 547/607 FarExploration.TowerHeight 37.4s
PASS 548/607 FarExploration.AxiomCheck 73.8s
PASS 549/607 PaperIV.BalancedReserve 23.6s
PASS 550/607 PaperIV.CliqueTree.Counting 20.4s
PASS 551/607 PaperIV.CliqueTree.Maximal 19.9s
PASS 552/607 PaperIV.CliqueTree.MaximalBridge 19.1s
PASS 553/607 PaperIV.CliqueTree.Separator 17.0s
PASS 554/607 PaperIV.CliqueTree 22.4s
PASS 555/607 PaperIV.FourHostClosure 29.2s
PASS 556/607 PaperIV.HybridRoute 30.9s
PASS 557/607 PaperIV.PaperTheorems 46.4s
PASS 558/607 PaperIV.LinearCoefficient 56.5s
PASS 559/607 PaperIV.ReserveIdentity 45.0s
PASS 560/607 PaperIV.NearRootWindow 60.6s
PASS 561/607 PaperIV.NearEdgeDensity 59.2s
PASS 562/607 PaperIV.NearCriticalDichotomy 55.7s
PASS 563/607 PaperIV.NearH1LocalConstructor 54.1s
PASS 564/607 PaperIV.NearThresholdSensitivity 60.5s
PASS 565/607 PaperIV.OptimalTemplateObstruction 133.6s
PASS 566/607 PaperIV.SeparationAbsorptionRoute 43.8s
PASS 567/607 PaperIV.SharpConstantOptimality 49.6s
PASS 568/607 PaperIV.SimplicialReduction 1527.0s
PASS 569/607 PaperIV.SimplicialReductionRefined 52.7s
PASS 570/607 PaperIV.SpreadAbsorption 39.1s
PASS 571/607 PaperIV.SpreadLedgerAbsorption 42.7s
PASS 572/607 PaperIV.SpreadAbsorptionCompatibility 33.1s
PASS 573/607 PaperIVEditorial.ConstructorBudget 111.6s
PASS 574/607 RootStepBudget 34.0s
PASS 575/607 SignedDualModel 38.0s
PASS 576/607 SignedElimination 58.6s
PASS 577/607 RootCliquePrices 46.4s
PASS 578/607 RefinedFractionalBound 36.3s
PASS 579/607 UniformFractionalBound 39.4s
PASS 580/607 SmallOrderFractional 60.7s
PASS 581/607 RefinedRounding 34.6s
PASS 582/607 PaperIV 35.2s
PASS 583/607 PaperIV.ExplicitThresholdAudit 69.5s
PASS 584/607 PaperIV.PublicationIncrementAudit 117.0s
PASS 585/607 PaperIV.Audit 220.6s
PASS 586/607 PaperIV.CliqueTreeAudit 116.5s
PASS 587/607 PaperIV.ConeAudit 352.7s
PASS 588/607 PaperIV.OptimalTemplateObstructionAudit 98.4s
PASS 589/607 PaperIVEditorial.ConstructorBudgetAudit 95.5s
PASS 590/607 ReleaseExportCheck 95.3s
PASS 591/607 ResearchAudit 111.3s
PASS 592/607 ThreeRegime.CentreDefectArithmetic 12.7s
PASS 593/607 ThreeRegime.CompleteStateCentre 17.6s
PASS 594/607 ThreeRegime.CompleteStateExtreme 16.0s
PASS 595/607 ThreeRegime.CompleteStateSeparator 9.8s
PASS 596/607 ThreeRegime.Selector 9.4s
PASS 597/607 ThreeRegime.AggregateRefutation 11.9s
PASS 598/607 ThreeRegime.PackingTransport 12.7s
PASS 599/607 ThreeRegime.CompleteStateObligation 15.4s
PASS 600/607 ThreeRegime.TrianglePackingParity 18.6s
PASS 601/607 ThreeRegime.OwnerPacking 14.3s
PASS 602/607 ThreeRegime.LatinBlocks 21.5s
PASS 603/607 ThreeRegime.HalvingFrames 24.4s
PASS 604/607 ThreeRegime.CompleteStateAllOrders 29.8s
PASS 605/607 ThreeRegime.SeparatorBudget 20.6s
PASS 606/607 ThreeRegime.TriplePackingBound 22.5s
PASS 607/607 ThreeRegime.AxiomCheck 25.7s
{
 "modulesPlanned": 607,
 "pass": 186,
 "upToDate": 421,
 "fail": [],
 "blocked": [],
 "notRun": 0,
 "sourcesChangedDuringRun": [],
 "sumModuleWallSeconds": 13975.62,
 "runWallSeconds": 14019.14,
 "status": "PASS"
}
{
  "status": "PASS",
  "targets": [
    "PaperIV",
    "PaperIV.Audit",
    "PaperIV.ConeAudit",
    "PaperIV.PublicationIncrementAudit",
    "A4S1.IndepAllAudit",
    "ThreeRegime.AxiomCheck",
    "FarExploration.AxiomCheck",
    "PaperIV.CliqueTreeAudit",
    "E17.ImprovedFarRoundingAudit",
    "E17.ExplicitFarAudit",
    "PaperIV.ExplicitThresholdAudit",
    "ReleaseExportCheck",
    "PaperIVEditorial.ConstructorBudgetAudit",
    "ResearchAudit",
    "FDCheck.FinalAudit",
    "E35.Audit",
    "FDCheck.ASCheck",
    "E34.Audit",
    "PaperIV.OptimalTemplateObstructionAudit"
  ],
  "target_count": 19,
  "modules": 607,
  "axiom_records": 461,
  "export_checks": 224,
  "config_sha256": {
    "lakefile.toml": "162d3b567187594b59687ed8eca8c55f9bda9e2e01d94872d1bf996fc1a95a5d",
    "lake-manifest.json": "bac9b117fb6f817eb17a9dec751d91428b84775f3821546bbd085f691b4f3a8d",
    "lean-toolchain": "db7bb24b756d745bbde83fe92718b51bd3625dae3701ba0f598d0eedcd3f3028",
    "FREEZE_SCOPE.json": "cc9abf9a9d4ed113eab7bdf8262c225e9d84a266097bf74531880da518eafe49",
    "tools/paperiv_build.py": "8247989347985ee5973fdc937e60bfa4be3d79880597d47bb257cf8f6f4178a9",
    "tools/audit_publication.py": "0a7e66a2e3cd3c7e9d90ea6475fb9ac9f89e55cb17e6de8c14001a11714f02cb"
  },
  "build_summary": {
    "modulesPlanned": 607,
    "pass": 186,
    "upToDate": 421,
    "fail": [],
    "blocked": [],
    "notRun": 0,
    "sourcesChangedDuringRun": [],
    "sumModuleWallSeconds": 13975.62,
    "runWallSeconds": 14019.14,
    "status": "PASS"
  },
  "scope": "Local formal checks only; not a manuscript audit or release."
}
