PASS 1/607 PaperIV.ChordalStructure 313.2s
PASS 2/607 PaperIV.FarRounding 43.2s
PASS 3/607 A4S1.HostAbsorption 44.3s
PASS 4/607 PaperIV.Model 22.0s
PASS 5/607 PaperIV.PhysicalCompletion 20.9s
PASS 6/607 PaperIV.SplitUniformIncidence 49.1s
PASS 7/607 PaperIV.SplitEdgeCount 32.4s
PASS 8/607 PaperIV.DefectComparatorGraph 34.1s
PASS 9/607 PaperIV.DefectTargetArithmetic 35.1s
PASS 10/607 PaperI.FiniteLP 22.0s
PASS 11/607 PaperI.RationalFarkas 28.6s
PASS 12/607 PaperI.FiniteLPDuality 29.6s
PASS 13/607 PaperIV.CertifiedOptimumExistence 28.4s
PASS 14/607 PaperIV.ClassCopy 17.8s
PASS 15/607 PaperIV.ChordalBasics 21.7s
PASS 16/607 PaperIV.ChordalCopy 35.3s
PASS 17/607 PaperIV.DiracEngine 73.7s
PASS 18/607 PaperIV.TerminalSplit 30.8s
PASS 19/607 PaperIV.TerminalSplitAdapter 22.2s
PASS 20/607 PaperIV.CloneMeasure 18.4s
PASS 21/607 PaperIV.Dirac1 205.7s
PASS 22/607 PaperIV.CopySelector 57.4s
PASS 23/607 PaperIV.EditMetric 27.2s
PASS 24/607 PaperIV.FirstEntryWindow 29.7s
PASS 25/607 PaperIV.EditFirstEntry 28.7s
PASS 26/607 PaperIV.CopyPathWindow 26.7s
PASS 27/607 PaperIV.DeficitAlongPath 26.5s
PASS 28/607 PaperIV.CopyPathNearEntry 26.2s
PASS 29/607 PaperIV.VertexCopy 30.2s
PASS 30/607 PaperIV.VertexCopySelector 28.2s
PASS 31/607 PaperIV.FiniteLPDuality 164.4s
PASS 32/607 PaperIV.FarRoundingRealLP 37.5s
PASS 33/607 PaperIV.VertexCopyItems 37.6s
PASS 34/607 PaperIV.VertexCopyTransport 40.2s
PASS 35/607 PaperIV.VertexCopyMonotone 35.8s
PASS 36/607 PaperIV.VertexCopyRank 29.8s
PASS 37/607 PaperIV.VertexCopyGate 44.4s
PASS 38/607 PaperIV.GatedTerminalSplit 32.9s
PASS 39/607 PaperIV.NearH1Calibration 42.3s
PASS 40/607 PaperIV.GraphFamilyDistance 25.0s
PASS 41/607 PaperIV.SplitComparatorFamily 27.3s
PASS 42/607 PaperIV.FarRoundingToPhysical 28.7s
PASS 43/607 PaperIV.VertexCopyWBridge 34.8s
PASS 44/607 PaperIV.F4EditRobustness 40.7s
PASS 45/607 PaperIV.SplitPackingObstruction 30.8s
PASS 46/607 PaperIV.ColourClasses 19.0s
PASS 47/607 PaperIV.Vizing 34.4s
PASS 48/607 PaperIV.LineGraphColouring 26.5s
PASS 49/607 PaperIV.ExteriorTriangleLift 26.2s
PASS 50/607 PaperIV.PackingUnion 23.1s
PASS 51/607 PaperIV.MultiHostTriangleLift 24.7s
PASS 52/607 PaperIV.OneFactorization 25.6s
PASS 53/607 PaperIV.TransportedMatchings 20.6s
PASS 54/607 PaperIV.RD09PhaseII 31.4s
PASS 55/607 PaperIV.RD09RootFactorPhase 25.6s
PASS 56/607 PaperIV.RoundRobinPairs 26.3s
PASS 57/607 PaperIV.SplitTriangleFactor 30.0s
PASS 58/607 PaperIV.SplitTriangleFactorHighHost 31.6s
PASS 59/607 PaperIV.GatedSplitTargetBridge 31.1s
PASS 60/607 PaperIV.CriticalBranch 16.6s
PASS 61/607 PaperIV.SharpEnvelope 21.6s
PASS 62/607 PaperIV.CriticalResidual 21.3s
PASS 63/607 PaperIV.TerminalSeparation 27.1s
PASS 64/607 PaperIV.NearTerminalSynthesis 21.3s
PASS 65/607 PaperIV.SplitFamilyDisjoint 21.6s
PASS 66/607 PaperIV.UniformWeightValue 23.1s
PASS 67/607 PaperIV.SplitCanonicalWeight 21.7s
PASS 68/607 PaperIV.SplitItems 22.6s
PASS 69/607 PaperIV.SplitCanonicalSupportSum 24.3s
PASS 70/607 PaperIV.SplitFamilyNonempty 20.9s
PASS 71/607 PaperIV.SplitCanonicalValue 24.3s
PASS 72/607 PaperIV.SplitTerminalLP 25.6s
PASS 73/607 PaperIV.UniformSplitLoads 21.3s
PASS 74/607 PaperIV.SplitLPToPhysicalLoads 25.0s
PASS 75/607 PaperIV.SplitFarRounding 30.1s
PASS 76/607 PaperIV.SplitComparatorResidual 38.7s
PASS 77/607 PaperIV.NearH1SplitComparator 35.0s
PASS 78/607 PaperIV.RD09FiniteAveraging 21.0s
PASS 79/607 PaperIV.EquitableEdgeColouring 24.2s
PASS 80/607 PaperIV.EquitableKempe 35.3s
PASS 81/607 PaperIV.RD09LocalPhaseI 27.6s
PASS 82/607 PaperIV.RD09L1Adapter 32.8s
PASS 83/607 PaperIV.RootedEliminationOrder 24.0s
PASS 84/607 PaperIV.RD09RootedOrderAdapter 29.0s
PASS 85/607 PaperIV.ClassCopyEdit 35.6s
PASS 86/607 PaperIV.PaddedEquitableColouring 34.1s
PASS 87/607 PaperIV.RootVocabulary 32.3s
PASS 88/607 PaperIV.RootEdgeSplit 24.8s
PASS 89/607 PaperIV.RD09SplitEditAccount 25.6s
PASS 90/607 PaperIV.ChordalCoreMissing 32.6s
PASS 91/607 PaperIV.NearH1FinalScalars 39.1s
PASS 92/607 PaperIV.NearH1PromotionAccounts 34.8s
PASS 93/607 PaperIV.NearH1RootRegularization 36.8s
PASS 94/607 PaperIV.ChordalC4 28.2s
PASS 95/607 PaperIV.OutsideCounting 26.1s
PASS 96/607 PaperIV.Regularization 30.8s
PASS 97/607 PaperIV.RegularizationBounds 26.6s
PASS 98/607 PaperIV.RegularizedRootGoal 28.3s
PASS 99/607 PaperIV.RootRegularizationBridge 27.8s
PASS 100/607 PaperIV.NearH1CalibratedRoot 31.0s
PASS 101/607 PaperIV.ParametricBudget 28.4s
PASS 102/607 PaperIV.CanonicalBudget 25.1s
PASS 103/607 PaperIV.TerminalLedger 23.4s
PASS 104/607 PaperIV.H1LedgerArithmetic 27.4s
PASS 105/607 PaperIV.H1ImprovedConstants 45.8s
PASS 106/607 PaperIV.FiniteHeavySelection 21.9s
PASS 107/607 PaperIV.RD09PaddedHostBase 29.7s
PASS 108/607 PaperIV.RD09PaddedL1Adapter 29.9s
PASS 109/607 PaperIV.RD09PaddedL1Mass 26.9s
PASS 110/607 PaperIV.RD09RootExteriorAdapter 30.2s
PASS 111/607 PaperIV.NearH1PhaseI 34.8s
PASS 112/607 PaperIV.RD09CandidateCounting 28.4s
PASS 113/607 PaperIV.RD09FactorCandidateMoments 22.1s
PASS 114/607 PaperIV.RD09TerminalAssembly 24.4s
PASS 115/607 PaperIV.RD09PhysicalLedger 31.5s
PASS 116/607 PaperIV.RD09FactorCandidateAverage 50.9s
PASS 117/607 PaperIV.RD09SpokeCompatibility 25.0s
PASS 118/607 PaperIV.RD09H1SpokeRealization 31.9s
PASS 119/607 PaperIV.RD09CanonicalBadAccounts 35.5s
PASS 120/607 PaperIV.RD09CanonicalL2Assembly 32.7s
PASS 121/607 PaperIV.RD09CompleteFactorAdapter 24.8s
PASS 122/607 PaperIV.NearH1FinalAssembly 55.8s
PASS 123/607 PaperIV.NearH1StructureWitness 43.1s
PASS 124/607 PaperIV.CertifiedF4Bridge 29.4s
PASS 125/607 PaperIV.PathDescentBridge 31.8s
PASS 126/607 PaperIV.PathDescentBarrier 33.3s
PASS 127/607 PaperIV.SymmetrizationMetricStep 33.0s
PASS 128/607 PaperIV.H1DescentBarrier 40.5s
PASS 129/607 PaperIV.SymmetrizationBarrier 39.7s
PASS 130/607 PaperIV.SymmetrizationInvariantBarrier 31.3s
PASS 131/607 PaperIV.LocalStabilityS01S03 32.4s
PASS 132/607 PaperIV.RD09RootSplitDistance 25.3s
PASS 133/607 PaperIV.NearH1WindowAccounts 40.9s
PASS 134/607 PaperIV.NearH1Localization 40.3s
PASS 135/607 MixedRounding.Defs 27.0s
PASS 136/607 MixedRounding.Cleanup 21.8s
PASS 137/607 PaperIV.MixedRoundingAdapter 24.5s
PASS 138/607 PaperIV.TargetEnvelope 24.7s
PASS 139/607 PaperIV.NB08Interface 30.8s
PASS 140/607 PaperIV.RC01GlobalBudget 22.2s
PASS 141/607 PaperIV.FarRoundingBatchBridge 23.9s
PASS 142/607 PaperIV.FarRoundingFromAssignment 26.0s
PASS 143/607 PaperIV.AssignmentLemma 23.3s
PASS 144/607 PaperIV.CliqueBagNibble 27.8s
PASS 145/607 PaperIV.DonationBudget 24.9s
PASS 146/607 PaperIV.ChordalBridge 25.1s
PASS 147/607 PaperIV.DenseBagClosure 32.6s
PASS 148/607 PaperIV.AssignmentEquivalence 26.6s
PASS 149/607 PaperIV.TwoRegimeAccounting 27.3s
PASS 150/607 PaperIV.E01Ledger 25.8s
PASS 151/607 PaperIV.NibblePort 25.1s
PASS 152/607 PaperIV.RootedCounting 22.2s
PASS 153/607 PaperIV.RootedCountingBridge 23.7s
PASS 154/607 PaperIV.CountingTelescope 23.5s
PASS 155/607 PaperIV.OneStepEstimate 33.2s
PASS 156/607 PaperIV.TelescopeK3 20.6s
PASS 157/607 PaperIV.TelescopeK3Full 33.0s
PASS 158/607 PaperIV.TelescopeK4 25.1s
PASS 159/607 PaperIV.TelescopeK4Step2 23.9s
PASS 160/607 PaperIV.TelescopeK4Full 31.2s
PASS 161/607 PaperIV.RegularityFormat 41.1s
PASS 162/607 PaperIV.DoubledPattern 43.0s
PASS 163/607 PaperIV.PatternCounting 50.3s
PASS 164/607 PaperIV.EighthMoment 44.4s
PASS 165/607 PaperIV.RootedVariance 59.9s
PASS 166/607 PaperIV.CopyCleanup 31.2s
PASS 167/607 PaperIV.PatternMass 30.1s
PASS 168/607 PaperIV.SimultaneousSelection 27.6s
PASS 169/607 PaperIV.CyclicLayering 28.1s
PASS 170/607 PaperIV.OwnerCoins 29.5s
PASS 171/607 PaperIV.DegreeConcentration 29.7s
PASS 172/607 PaperIV.CenteredMoments 27.9s
PASS 173/607 PaperIV.ResourceSizes 27.5s
PASS 174/607 PaperIV.WeightedCodegree 31.7s
PASS 175/607 PaperIV.RC01Candidates 33.1s
PASS 176/607 PaperIV.RC01CandidatePool 30.7s
PASS 177/607 PaperIV.RC01CanonicalSlots 35.8s
PASS 178/607 PaperIV.K4UniformNibbleCounts 43.7s
PASS 179/607 PaperIV.RC01CanonicalSupports 26.4s
PASS 180/607 PaperIV.TriangleNibblePort 23.3s
PASS 181/607 PaperIV.RC01K3Pool 28.6s
PASS 182/607 PaperIV.OwnerCoinMoments 31.3s
PASS 183/607 PaperIV.WeightedMoments 30.1s
PASS 184/607 PaperIV.WeightedPatternCoins 36.5s
PASS 185/607 PaperIV.RC01PatternCapacity 30.9s
PASS 186/607 PaperIV.RC01MixedPatterns 30.3s
PASS 187/607 PaperIV.WeightedCoin 30.8s
PASS 188/607 PaperIV.PatternCoin 33.2s
PASS 189/607 PaperIV.PatternTransfer 30.4s
PASS 190/607 PaperIV.PartitionBridge 30.7s
PASS 191/607 PaperIV.NibbleHypotheses 36.7s
PASS 192/607 PaperIV.PatternPoolGeometry 29.4s
PASS 193/607 MixedRounding.Lift 23.2s
PASS 194/607 MixedRounding.Producer 27.2s
PASS 195/607 PaperIV.MixedNibbleUnion 26.3s
PASS 196/607 PaperIV.JointTypedNibbleGate 34.0s
PASS 197/607 PaperIV.JointTypedQuota 26.1s
PASS 198/607 Nibble.BeckFiala 34.7s
PASS 199/607 Nibble.BeckFialaPairs 30.8s
PASS 200/607 Nibble.Basic 16.8s
PASS 201/607 Nibble.FracMatchingBound 20.7s
PASS 202/607 Nibble.Tight.Pruning 18.0s
PASS 203/607 Nibble.Prelude 47.5s
PASS 204/607 Nibble.Conflict 20.0s
PASS 205/607 Nibble.Survival 41.3s
PASS 206/607 Nibble.BernoulliSpace 33.0s
PASS 207/607 Nibble.Greedy 18.6s
PASS 208/607 Nibble.Round 18.4s
PASS 209/607 Nibble.Covered 32.9s
PASS 210/607 Nibble.Measurable 33.1s
PASS 211/607 Nibble.RoundConflict 17.0s
PASS 212/607 Nibble.CoveredExpectation 33.6s
PASS 213/607 Nibble.Tight.CoverProb 36.1s
PASS 214/607 Nibble.Tight.SafeDegree 34.4s
PASS 215/607 Nibble.Tight.CoverWeight 33.8s
PASS 216/607 Nibble.Tight.CoverWeightMoments 36.4s
PASS 217/607 Nibble.Tight.LossVariance 42.2s
PASS 218/607 Nibble.Tight.PairWeightMean 36.7s
PASS 219/607 Nibble.Tight.Selection 34.3s
PASS 220/607 Nibble.Tight.TightRound 45.6s
PASS 221/607 Nibble.Tight.TightRoundConcrete 35.8s
PASS 222/607 Nibble.Tight.ResidualBand 30.7s
PASS 223/607 Nibble.Tight.ConflictCount 15.0s
PASS 224/607 Nibble.Tight.TwoEdgeMatch 18.9s
PASS 225/607 Nibble.Tight.PairExcessCodegree 19.1s
PASS 226/607 Nibble.Tight.CoverVariance 16.7s
PASS 227/607 Nibble.Tight.TightRoundCheb 17.3s
PASS 228/607 Nibble.Tight.ResidualBandCheb 18.8s
PASS 229/607 Nibble.Tight.RoundExplicit 32.0s
PASS 230/607 Nibble.Tight.SharpRound 15.4s
PASS 231/607 Nibble.Tight.CubeVariance 14.9s
PASS 232/607 Nibble.Tight.CubeRetention 16.4s
PASS 233/607 Nibble.Tight.SafeDegreeVariance 24.3s
PASS 234/607 Nibble.Tight.SafeRoundCheb 17.2s
PASS 235/607 Nibble.Tight.FlipStability 16.8s
PASS 236/607 Nibble.Tight.SharpVariance 21.5s
PASS 237/607 Nibble.Tight.SharpRoundProof 19.3s
PASS 238/607 Nibble.Tight.SharpRoundAssembly 49.3s
PASS 239/607 Nibble.Convergence 13.4s
PASS 240/607 Nibble.Assembly 11.6s
PASS 241/607 Nibble.Iteration 9.4s
PASS 242/607 Nibble.Assemble 8.9s
PASS 243/607 Nibble.IterationSeq 9.0s
PASS 244/607 Nibble.DischargeSeq 12.0s
PASS 245/607 Nibble.AdaptiveRounds 13.7s
PASS 246/607 Nibble.Regular 10.3s
PASS 247/607 Nibble.Interface 10.4s
PASS 248/607 Nibble.RegularMost 10.4s
PASS 249/607 Nibble.AdaptiveAssembly 11.4s
PASS 250/607 Nibble.TightAssembly 25.5s
PASS 251/607 Nibble.TightSchedule 26.5s
PASS 252/607 Nibble.TightNibble 23.6s
PASS 253/607 Nibble.WeightedSpreadNibble 18.0s
PASS 254/607 Nibble.FracNibbleRepaired 16.2s
PASS 255/607 PaperIV.PaperIIINibbleAdapter 15.3s
PASS 256/607 PaperIV.MarkedQuotaNibble 16.1s
PASS 257/607 PaperIV.MarkedQuotaTokens 14.7s
PASS 258/607 PaperIV.MarkedQuotaGate 34.6s
PASS 259/607 Nibble.FracNibbleSlack 25.8s
PASS 260/607 Nibble.FracNibbleSlackR 24.5s
PASS 261/607 Nibble.FracNibbleLE 30.4s
PASS 262/607 PaperIV.PaperIIISlackNibbleAdapter 18.1s
PASS 263/607 PaperIV.MarkedQuotaSlackGate 52.3s
PASS 264/607 PaperIV.MarkedQuotaTypedGain 52.4s
PASS 265/607 PaperIV.TrianglePairingDefs 34.0s
PASS 266/607 PaperIV.TrianglePairingSplit 32.8s
PASS 267/607 PaperIV.TrianglePairingSums 42.6s
PASS 268/607 PaperIV.MarkedQuotaPairing 47.0s
PASS 269/607 PaperIV.JointTwoQuotaPhysical 50.6s
PASS 270/607 PaperIV.RC01CanonicalFractional 29.8s
PASS 271/607 PaperIV.RC01CanonicalNormalization 42.1s
PASS 272/607 PaperIV.RC01CanonicalSlackBridge 47.0s
PASS 273/607 PaperIV.SpreadPacking 41.8s
PASS 274/607 PaperIV.RC01CleanedSpreadPacking 44.1s
PASS 275/607 PaperIV.RC01DeviationCleanup 31.9s
PASS 276/607 PaperIV.RC01CleanFiber 48.3s
PASS 277/607 PaperIV.RC01RegularVolume 45.6s
PASS 278/607 PaperIV.RC01CanonicalProfile 31.6s
PASS 279/607 PaperIV.RC01CanonicalFiberProfile 19.9s
PASS 280/607 PaperIV.RC01CleanedMixedCodegree 21.4s
PASS 281/607 PaperIV.UniformDual 12.5s
PASS 282/607 PaperIV.LowTriangleReduction 13.1s
PASS 283/607 PaperIV.RC01MarkedRounding 20.9s
PASS 284/607 PaperIV.RC01PatternMassScale 13.9s
PASS 285/607 PaperIV.RC01CleanedGate 18.2s
PASS 286/607 PaperIV.RC01CanonicalValueAccounting 15.9s
PASS 287/607 PaperIV.RC01CanonicalTransferBridge 15.9s
PASS 288/607 PaperIV.DiscardCounts 17.4s
PASS 289/607 PaperIV.RC01ResidualCoverage 18.6s
PASS 290/607 PaperIV.EpsilonBudgetFull 11.6s
PASS 291/607 PaperIV.SpreadRestricted 14.7s
PASS 292/607 PaperIV.SpreadValueTransfer 21.2s
PASS 293/607 PaperIV.RC01ResidualTransferClosure 31.5s
PASS 294/607 PaperIV.RC01PatternCardinality 21.8s
PASS 295/607 PaperIV.RC01GlobalSchedule 19.6s
PASS 296/607 PaperIV.RC01DenseAssembly 17.5s
PASS 297/607 PaperIV.SparseRegime 13.2s
PASS 298/607 PaperIV.RoundingTrichotomy 13.3s
PASS 299/607 PaperIV.Corollary73Assembly 16.8s
PASS 300/607 PaperIV.TriangleCover 12.3s
PASS 301/607 PaperIV.TriangleSwap 36.0s
PASS 302/607 PaperIV.CleanedLowTriangleBridge 43.1s
PASS 303/607 PaperIV.RC01TriangleSchedule 44.0s
PASS 304/607 PaperIV.CleanedTriangleMass 44.1s
PASS 305/607 PaperIV.RC01TriangleTransfer 36.1s
PASS 306/607 PaperIV.RC01RootwiseReference 40.0s
PASS 307/607 PaperIV.RootedK3Counting 41.6s
PASS 308/607 PaperIV.RootedK4Degree 34.1s
PASS 309/607 PaperIV.RootedK4Counting 30.2s
PASS 310/607 PaperIV.RC01RootedMomentAdapter 24.4s
PASS 311/607 PaperIV.RC01RootwiseCleanupBudget 12.0s
PASS 312/607 PaperIV.RC01RootwiseRetention 18.9s
PASS 313/607 PaperIV.RootedK4Pool 16.0s
PASS 314/607 PaperIV.RootedK3Pool 15.6s
PASS 315/607 PaperIV.RC01DenseRootwiseRetention 16.8s
PASS 316/607 PaperIV.RC01DensePhysicalGate 20.0s
PASS 317/607 PaperIV.RC01UniformDenseGate 20.3s
PASS 318/607 PaperIV.RC01Final 45.2s
PASS 319/607 PaperIV.RC01FarAssembly 18.5s
PASS 320/607 PaperIV.SplitBaselineTarget 12.4s
PASS 321/607 PaperIV.NearRegimePackingInterface 17.0s
PASS 322/607 PaperIV.NearH1TargetAssembly 16.5s
PASS 323/607 PaperIV.NearH1GlobalAssembly 16.5s
PASS 324/607 PaperIV.Erdos81Unconditional 17.4s
PASS 325/607 PaperIV.FarSlackQuantitative 17.6s
PASS 326/607 PaperIV.HybridDichotomy 16.7s
PASS 327/607 PaperIV.SplitEditIdentity 12.5s
PASS 328/607 PaperIV.IntegralStability 20.3s
PASS 329/607 PaperIV.SubgraphPadding 12.7s
PASS 330/607 PaperIV.DefectApexStability 28.5s
PASS 331/607 A4S1.DefectOneAbsorbedStability 26.8s
PASS 332/607 A4S1.PerVertexAbsorption 23.1s
PASS 333/607 A4S1.ApexChordalSharp 38.3s
PASS 334/607 PaperIV.RootedSimplicialDefect 14.0s
PASS 335/607 PaperIV.DefectDeletionRoute 21.2s
PASS 336/607 A4S1.DefectOneReduction 22.2s
PASS 337/607 PaperIV.FarRegimeAllGraphs 18.7s
PASS 338/607 A4S1.CriticalReduction 25.6s
PASS 339/607 A4S1.IndepAbsorb 17.3s
PASS 340/607 PaperIV.GalvinRectangle 11.6s
PASS 341/607 PaperIV.DyadicHosting 12.6s
PASS 342/607 PaperIV.PhysicalToCliquePartition 17.4s
PASS 343/607 PaperIV.SplitCompleteExactValue 18.6s
PASS 344/607 PaperIV.SplitTriangleFactorOdd 38.7s
PASS 345/607 PaperIV.TwoRegimeAssembly 33.5s
PASS 346/607 PaperIV.TerminalToNear 34.7s
PASS 347/607 PaperIV.SplitTerminalNear 40.2s
PASS 348/607 PaperIV.SplitTerminalTarget 19.2s
PASS 349/607 PaperIV.SplitTriangleFactorOddHighHost 24.5s
PASS 350/607 PaperIV.SplitCompleteExactValueAllParities 15.2s
PASS 351/607 PaperIV.SplitCompleteSharpLower 24.7s
PASS 352/607 PaperIV.SplitCompleteSharpValue 19.5s
PASS 353/607 PaperIV.SplitCompleteRigidity 22.8s
PASS 354/607 PaperIV.LiftedPieceBudget 17.1s
PASS 355/607 PaperIV.LiftedPieceGreedy 18.5s
PASS 356/607 PaperIV.LiftedHostingAssembly 21.3s
PASS 357/607 A4S1.TerminalPacking 24.4s
PASS 358/607 A4S1.IndepHostingTools 17.0s
PASS 359/607 A4S1.IndepLedger 16.3s
PASS 360/607 A4S1.IndepPhaseOne 15.2s
PASS 361/607 A4S1.IndepConstructor 19.2s
PASS 362/607 PaperIV.EditRouteCliqueRecovery 21.1s
PASS 363/607 PaperIV.ErdosKPartite 21.0s
PASS 364/607 PaperIV.EditRouteLemmaK 20.0s
PASS 365/607 PaperIV.EditRouteChordalBridge 15.0s
PASS 366/607 PaperIV.CliqueTree.Basic 17.1s
PASS 367/607 PaperIV.CliqueTree.PEO 17.8s
PASS 368/607 PaperIV.CliqueTree.Helly 17.0s
PASS 369/607 PaperIV.CliqueTree.Characterization 15.7s
PASS 370/607 PaperIV.RootedDefectZeroChordal 19.5s
PASS 371/607 PaperIV.FixedL4Localization 28.0s
PASS 372/607 PaperIV.Erdos81AllOrders 26.1s
PASS 373/607 PaperIV.SplitCompleteDefect 19.8s
PASS 374/607 PaperIV.SplitMixedGap 17.3s
PASS 375/607 PaperIV.LossBudget 24.2s
PASS 376/607 PaperIV.FixedL4LocalizationAllEps 80.3s
PASS 377/607 PaperIV.EditRouteLocalization 60.1s
PASS 378/607 RequestProject.AS.Defs 177.4s
PASS 379/607 RequestProject.AS.ColoredHom 81.2s
PASS 380/607 RequestProject.AFKS.MeanSquare 83.9s
PASS 381/607 RequestProject.AFKS.Refine 96.4s
PASS 382/607 RequestProject.AFKS.Lemma41 89.8s
PASS 383/607 RequestProject.AFKS.Selection 85.7s
PASS 384/607 RequestProject.AFKS.Corollary42 170.2s
PASS 385/607 RequestProject.AS.Counting 93.9s
PASS 386/607 RequestProject.AS.Ramsey 61.9s
PASS 387/607 RequestProject.AS.Lemma35 66.9s
PASS 388/607 RequestProject.AS.EditDist 67.0s
PASS 389/607 RequestProject.AS.Modify 94.1s
PASS 390/607 RequestProject.AS.Lemma42 174.7s
PASS 391/607 RequestProject.AlonShapira 72.7s
PASS 392/607 PaperIV.EditRouteUnconditional 139.9s
PASS 393/607 A4S1.MinDegreeTerminal 111.4s
PASS 394/607 PaperIV.A4AllDefects 104.2s
PASS 395/607 A4S1.MinDegreeAll 112.0s
PASS 396/607 PaperIV.A4ExceptionalBound 36.4s
PASS 397/607 PaperIV.DefectOneRootStar 36.2s
PASS 398/607 A4S1.IndepAllTools 99.3s
PASS 399/607 A4S1.IndepAllArith 108.9s
PASS 400/607 A4S1.IndepAllPairs 116.9s
PASS 401/607 A4S1.IndepAllPeel 104.8s
PASS 402/607 A4S1.IndepAllSetup 103.4s
PASS 403/607 A4S1.IndepAllBounds 128.6s
PASS 404/607 A4S1.IndepAllObstr 137.3s
PASS 405/607 A4S1.IndepAllParams 151.8s
PASS 406/607 A4S1.IndepAllBudget 246.0s
PASS 407/607 A4S1.IndepAllMain 115.4s
PASS 408/607 A4S1.IndepAllAudit 116.9s
PASS 409/607 E34.CycleCount 106.6s
PASS 410/607 E34.CoBipartite 128.2s
PASS 411/607 E34.Trees 107.3s
PASS 412/607 E34.Compress 101.2s
PASS 413/607 E34.Sampling 102.9s
PASS 414/607 E34.Pinned 96.8s
PASS 415/607 E34.SetColoring 112.6s
PASS 416/607 E34.Theorem2 119.1s
PASS 417/607 E34.Theorem6 112.1s
PASS 418/607 E34.L11Claim2 114.1s
PASS 419/607 E34.L11Claim5 109.4s
PASS 420/607 E34.L11Subdiv 106.0s
PASS 421/607 E34.L11Glue 103.3s
PASS 422/607 E34.L11Claim6 71.2s
