This is LuaHBTeX, Version 1.24.0 (MiKTeX 25.12)
 restricted system commands enabled.
(./PAPER_I_preprint_v1.3_en.tex
LaTeX2e <2025-11-01>
L3 programming layer <2025-12-24>
 (C:/Users/jtrav/AppData/Local/Programs/MiKTeX/tex/latex/base/article.cls
Document Class: article 2025/01/22 v1.4n Standard LaTeX document class
(C:/Users/jtrav/AppData/Local/Programs/MiKTeX/tex/latex/base/size11.clo))
(C:/Users/jtrav/AppData/Local/Programs/MiKTeX/tex/latex/xcolor/xcolor.sty
(C:/Users/jtrav/AppData/Local/Programs/MiKTeX/tex/latex/graphics-cfg/color.cfg)

(C:/Users/jtrav/AppData/Local/Programs/MiKTeX/tex/latex/graphics-def/luatex.def
)
(C:/Users/jtrav/AppData/Local/Programs/MiKTeX/tex/latex/graphics/mathcolor.ltx)
) (C:/Users/jtrav/AppData/Local/Programs/MiKTeX/tex/latex/graphics/dvipsnam.def
) (C:/Users/jtrav/AppData/Local/Programs/MiKTeX/tex/latex/xcolor/svgnam.def)
(C:/Users/jtrav/AppData/Local/Programs/MiKTeX/tex/latex/xcolor/x11nam.def)
(C:/Users/jtrav/AppData/Local/Programs/MiKTeX/tex/latex/microtype/microtype.sty
(C:/Users/jtrav/AppData/Local/Programs/MiKTeX/tex/latex/graphics/keyval.sty)
(C:/Users/jtrav/AppData/Local/Programs/MiKTeX/tex/latex/etoolbox/etoolbox.sty)
(C:/Users/jtrav/AppData/Local/Programs/MiKTeX/tex/latex/microtype/microtype-lua
tex.def)
(C:/Users/jtrav/AppData/Local/Programs/MiKTeX/tex/latex/microtype/microtype.cfg
))
(C:/Users/jtrav/AppData/Local/Programs/MiKTeX/tex/latex/geometry/geometry.sty
(C:/Users/jtrav/AppData/Local/Programs/MiKTeX/tex/generic/iftex/ifvtex.sty
(C:/Users/jtrav/AppData/Local/Programs/MiKTeX/tex/generic/iftex/iftex.sty))
(C:/Users/jtrav/AppData/Local/Programs/MiKTeX/tex/latex/geometry/geometry.cfg))
 (C:/Users/jtrav/AppData/Local/Programs/MiKTeX/tex/latex/amsmath/amsmath.sty
For additional information on amsmath, use the `?' option.
(C:/Users/jtrav/AppData/Local/Programs/MiKTeX/tex/latex/amsmath/amstext.sty
(C:/Users/jtrav/AppData/Local/Programs/MiKTeX/tex/latex/amsmath/amsgen.sty))
(C:/Users/jtrav/AppData/Local/Programs/MiKTeX/tex/latex/amsmath/amsbsy.sty)
(C:/Users/jtrav/AppData/Local/Programs/MiKTeX/tex/latex/amsmath/amsopn.sty))
(C:/Users/jtrav/AppData/Local/Programs/MiKTeX/tex/latex/amsfonts/amssymb.sty
(C:/Users/jtrav/AppData/Local/Programs/MiKTeX/tex/latex/amsfonts/amsfonts.sty))

(C:/Users/jtrav/AppData/Local/Programs/MiKTeX/tex/latex/unicode-math/unicode-ma
th.sty
(C:/Users/jtrav/AppData/Local/Programs/MiKTeX/tex/latex/l3kernel/expl3.sty
(C:/Users/jtrav/AppData/Local/Programs/MiKTeX/tex/latex/l3backend/l3backend-lua
tex.def))
(C:/Users/jtrav/AppData/Local/Programs/MiKTeX/tex/latex/unicode-math/unicode-ma
th-luatex.sty
(C:/Users/jtrav/AppData/Local/Programs/MiKTeX/tex/latex/l3packages/xparse/xpars
e.sty)
(C:/Users/jtrav/AppData/Local/Programs/MiKTeX/tex/latex/l3packages/l3keys2e/l3k
eys2e.sty)
(C:/Users/jtrav/AppData/Local/Programs/MiKTeX/tex/latex/fontspec/fontspec.sty
(C:/Users/jtrav/AppData/Local/Programs/MiKTeX/tex/latex/fontspec/fontspec-luate
x.sty (C:/Users/jtrav/AppData/Local/Programs/MiKTeX/tex/latex/base/fontenc.sty)
 (C:/Users/jtrav/AppData/Local/Programs/MiKTeX/tex/latex/fontspec/fontspec.cfg)
)) (C:/Users/jtrav/AppData/Local/Programs/MiKTeX/tex/latex/base/fix-cm.sty
(C:/Users/jtrav/AppData/Local/Programs/MiKTeX/tex/latex/base/ts1enc.def))
(C:/Users/jtrav/AppData/Local/Programs/MiKTeX/tex/lualatex/lualatex-math/lualat
ex-math.sty)
(C:/Users/jtrav/AppData/Local/Programs/MiKTeX/tex/latex/unicode-math/unicode-ma
th-table.tex)))
(C:/Users/jtrav/AppData/Local/Programs/MiKTeX/tex/fonts/cascadiamono-otf/Cascad
iaMono.fontspec)
(C:/Users/jtrav/AppData/Local/Programs/MiKTeX/tex/fonts/cascadiamono-otf/Cascad
iaMono.fontspec)
(C:/Users/jtrav/AppData/Local/Programs/MiKTeX/tex/fonts/cascadiamono-otf/Cascad
iaMono.fontspec)
(C:/Users/jtrav/AppData/Local/Programs/MiKTeX/tex/fonts/cascadiamono-otf/Cascad
iaMono.fontspec)
(C:/Users/jtrav/AppData/Local/Programs/MiKTeX/tex/fonts/cascadiamono-otf/Cascad
iaMono.fontspec)
(C:/Users/jtrav/AppData/Local/Programs/MiKTeX/tex/fonts/cascadiamono-otf/Cascad
iaMono.fontspec)
(C:/Users/jtrav/AppData/Local/Programs/MiKTeX/tex/latex/lm/lmodern.sty)
(C:/Users/jtrav/AppData/Local/Programs/MiKTeX/tex/fonts/cascadiamono-otf/Cascad
iaMono.fontspec)
(C:/Users/jtrav/AppData/Local/Programs/MiKTeX/tex/latex/upquote/upquote.sty
(C:/Users/jtrav/AppData/Local/Programs/MiKTeX/tex/latex/base/textcomp.sty))
(C:/Users/jtrav/AppData/Local/Programs/MiKTeX/tex/latex/parskip/parskip.sty
(C:/Users/jtrav/AppData/Local/Programs/MiKTeX/tex/latex/kvoptions/kvoptions.sty
(C:/Users/jtrav/AppData/Local/Programs/MiKTeX/tex/generic/ltxcmds/ltxcmds.sty)
(C:/Users/jtrav/AppData/Local/Programs/MiKTeX/tex/latex/kvsetkeys/kvsetkeys.sty
)))
(C:/Users/jtrav/AppData/Local/Programs/MiKTeX/tex/latex/fancyvrb/fancyvrb.sty)
(C:/Users/jtrav/AppData/Local/Programs/MiKTeX/tex/latex/fvextra/fvextra.sty
(C:/Users/jtrav/AppData/Local/Programs/MiKTeX/tex/latex/lineno/lineno.sty))
(C:/Users/jtrav/AppData/Local/Programs/MiKTeX/tex/latex/hyphenat/hyphenat.sty

Package hyphenat Warning: *******************************
(hyphenat)                * You have used the htt option.
(hyphenat)                * You are likely to get many Font Warning messages.
(hyphenat)                * These can usually be ignored.
(hyphenat)                *******************************.

) (C:/Users/jtrav/AppData/Local/Programs/MiKTeX/tex/latex/tools/longtable.sty)
(C:/Users/jtrav/AppData/Local/Programs/MiKTeX/tex/latex/booktabs/booktabs.sty)
(C:/Users/jtrav/AppData/Local/Programs/MiKTeX/tex/latex/tools/array.sty)
(C:/Users/jtrav/AppData/Local/Programs/MiKTeX/tex/latex/tools/calc.sty)
(C:/Users/jtrav/AppData/Local/Programs/MiKTeX/tex/latex/footnotehyper/footnoteh
yper.sty)
(C:/Users/jtrav/AppData/Local/Programs/MiKTeX/tex/latex/graphics/graphicx.sty
(C:/Users/jtrav/AppData/Local/Programs/MiKTeX/tex/latex/graphics/graphics.sty
(C:/Users/jtrav/AppData/Local/Programs/MiKTeX/tex/latex/graphics/trig.sty)
(C:/Users/jtrav/AppData/Local/Programs/MiKTeX/tex/latex/graphics-cfg/graphics.c
fg))) (C:/Users/jtrav/AppData/Local/Programs/MiKTeX/tex/generic/babel/babel.sty
(C:/Users/jtrav/AppData/Local/Programs/MiKTeX/tex/generic/babel/luababel.def)
(C:/Users/jtrav/AppData/Local/Programs/MiKTeX/tex/generic/babel/luababel.def
(C:/Users/jtrav/AppData/Local/Programs/MiKTeX/tex/luatex/luatexbase/luatexbase.
sty
(C:/Users/jtrav/AppData/Local/Programs/MiKTeX/tex/luatex/ctablestack/ctablestac
k.sty)))
*************************************
* Local config file bblopts.cfg used
*
(C:/Users/jtrav/AppData/Local/Programs/MiKTeX/tex/latex/arabi/bblopts.cfg)
(C:/Users/jtrav/AppData/Local/Programs/MiKTeX/tex/generic/babel/locale/en/babel
-american.tex)
(C:/Users/jtrav/AppData/Local/Programs/MiKTeX/tex/latex/babel-english/american.
ldf
(C:/Users/jtrav/AppData/Local/Programs/MiKTeX/tex/latex/babel-english/english.l
df)))
(C:/Users/jtrav/AppData/Local/Programs/MiKTeX/tex/lualatex/selnolig/selnolig.st
y
=== Package selnolig, Version 0.302, Date 2015/10/26 ===
(C:/Users/jtrav/AppData/Local/Programs/MiKTeX/tex/generic/iftex/ifluatex.sty)
(C:/Users/jtrav/AppData/Local/Programs/MiKTeX/tex/lualatex/selnolig/selnolig-en
glish-patterns.sty)
(C:/Users/jtrav/AppData/Local/Programs/MiKTeX/tex/lualatex/selnolig/selnolig-en
glish-hyphex.sty))
(C:/Users/jtrav/AppData/Local/Programs/MiKTeX/tex/latex/bookmark/bookmark.sty
(C:/Users/jtrav/AppData/Local/Programs/MiKTeX/tex/latex/hyperref/hyperref.sty
(C:/Users/jtrav/AppData/Local/Programs/MiKTeX/tex/generic/kvdefinekeys/kvdefine
keys.sty)
(C:/Users/jtrav/AppData/Local/Programs/MiKTeX/tex/generic/pdfescape/pdfescape.s
ty
(C:/Users/jtrav/AppData/Local/Programs/MiKTeX/tex/generic/pdftexcmds/pdftexcmds
.sty
(C:/Users/jtrav/AppData/Local/Programs/MiKTeX/tex/generic/infwarerr/infwarerr.s
ty)))
(C:/Users/jtrav/AppData/Local/Programs/MiKTeX/tex/latex/hycolor/hycolor.sty)
(C:/Users/jtrav/AppData/Local/Programs/MiKTeX/tex/latex/hyperref/nameref.sty
(C:/Users/jtrav/AppData/Local/Programs/MiKTeX/tex/latex/refcount/refcount.sty)
(C:/Users/jtrav/AppData/Local/Programs/MiKTeX/tex/generic/gettitlestring/gettit
lestring.sty))
(C:/Users/jtrav/AppData/Local/Programs/MiKTeX/tex/generic/stringenc/stringenc.s
ty) (C:/Users/jtrav/AppData/Local/Programs/MiKTeX/tex/latex/hyperref/pd1enc.def
) (C:/Users/jtrav/AppData/Local/Programs/MiKTeX/tex/generic/intcalc/intcalc.sty
) (C:/Users/jtrav/AppData/Local/Programs/MiKTeX/tex/latex/hyperref/puenc.def)
(C:/Users/jtrav/AppData/Local/Programs/MiKTeX/tex/latex/url/url.sty)
(C:/Users/jtrav/AppData/Local/Programs/MiKTeX/tex/generic/bitset/bitset.sty
(C:/Users/jtrav/AppData/Local/Programs/MiKTeX/tex/generic/bigintcalc/bigintcalc
.sty)))
(C:/Users/jtrav/AppData/Local/Programs/MiKTeX/tex/latex/hyperref/hluatex.def
(C:/Users/jtrav/AppData/Local/Programs/MiKTeX/tex/latex/rerunfilecheck/rerunfil
echeck.sty
(C:/Users/jtrav/AppData/Local/Programs/MiKTeX/tex/generic/uniquecounter/uniquec
ounter.sty)))
(C:/Users/jtrav/AppData/Local/Programs/MiKTeX/tex/latex/bookmark/bkm-luatex.def
)) (C:/Users/jtrav/AppData/Local/Programs/MiKTeX/tex/latex/xurl/xurl.sty)
(./PAPER_I_preprint_v1.3_en.aux)
(C:/Users/jtrav/AppData/Local/Programs/MiKTeX/tex/context/base/mkii/supp-pdf.mk
ii
[Loading MPS to PDF converter (version 2006.09.02).]
)
(C:/Users/jtrav/AppData/Local/Programs/MiKTeX/tex/latex/epstopdf-pkg/epstopdf-b
ase.sty
(C:/Users/jtrav/AppData/Local/Programs/MiKTeX/tex/latex/00miktex/epstopdf-sys.c
fg))
(C:/Users/jtrav/AppData/Local/Programs/MiKTeX/tex/latex/microtype/mt-LatinModer
nRoman.cfg)
*geometry* driver: auto-detecting
*geometry* detected driver: luatex
(C:/Users/jtrav/AppData/Local/Programs/MiKTeX/tex/latex/lm/omllmm.fd)
(C:/Users/jtrav/AppData/Local/Programs/MiKTeX/tex/latex/amsfonts/umsa.fd)
(C:/Users/jtrav/AppData/Local/Programs/MiKTeX/tex/latex/microtype/mt-msa.cfg)
(C:/Users/jtrav/AppData/Local/Programs/MiKTeX/tex/latex/amsfonts/umsb.fd)
(C:/Users/jtrav/AppData/Local/Programs/MiKTeX/tex/latex/microtype/mt-msb.cfg)

LaTeX Font Warning: Font shape `TU/CascadiaMono(0)/m/it' undefined
(Font)              using `TU/CascadiaMono(0)/m/n' instead on input line 148.


LaTeX Font Warning: Font shape `TU/CascadiaMono(0)/m/sl' undefined
(Font)              using `TU/CascadiaMono(0)/m/it' instead on input line 148.


LaTeX Font Warning: Font shape `TU/CascadiaMono(0)/m/scit' undefined
(Font)              using `TU/CascadiaMono(0)/m/sc' instead on input line 148.


LaTeX Font Warning: Font shape `TU/CascadiaMono(0)/m/sc' undefined
(Font)              using `TU/CascadiaMono(0)/m/n' instead on input line 148.


LaTeX Font Warning: Font shape `TU/CascadiaMono(0)/b/n' undefined
(Font)              using `TU/CascadiaMono(0)/m/n' instead on input line 148.


LaTeX Font Warning: Font shape `TU/CascadiaMono(0)/b/it' undefined
(Font)              using `TU/CascadiaMono(0)/b/n' instead on input line 148.


LaTeX Font Warning: Font shape `TU/CascadiaMono(0)/b/sl' undefined
(Font)              using `TU/CascadiaMono(0)/b/it' instead on input line 148.


LaTeX Font Warning: Font shape `TU/CascadiaMono(0)/b/scit' undefined
(Font)              using `TU/CascadiaMono(0)/b/sc' instead on input line 148.


LaTeX Font Warning: Font shape `TU/CascadiaMono(0)/b/sc' undefined
(Font)              using `TU/CascadiaMono(0)/b/n' instead on input line 148.


LaTeX Font Warning: Font shape `TU/CascadiaMono(0)/bx/sc' undefined
(Font)              using `TU/CascadiaMono(0)/b/sc' instead on input line 148.


LaTeX Font Warning: Font shape `TU/CascadiaMono(0)/bx/n' undefined
(Font)              using `TU/CascadiaMono(0)/b/n' instead on input line 148.


LaTeX Font Warning: Font shape `TU/CascadiaMono(0)/bx/it' undefined
(Font)              using `TU/CascadiaMono(0)/b/it' instead on input line 148.


LaTeX Font Warning: Font shape `TU/CascadiaMono(0)/b/sl' undefined
(Font)              using `TU/CascadiaMono(0)/b/it' instead on input line 148.


LaTeX Font Warning: Font shape `TU/CascadiaMono(0)/bx/it' undefined
(Font)              using `TU/CascadiaMono(0)/b/it' instead on input line 148.


LaTeX Font Warning: Font shape `TU/CascadiaMono(0)/b/scit' undefined
(Font)              using `TU/CascadiaMono(0)/b/sc' instead on input line 148.


LaTeX Font Warning: Font shape `TU/CascadiaMono(0)/sb/sc' undefined
(Font)              using `TU/CascadiaMono(0)/b/sc' instead on input line 148.


LaTeX Font Warning: Font shape `TU/CascadiaMono(0)/sb/n' undefined
(Font)              using `TU/CascadiaMono(0)/b/n' instead on input line 148.


LaTeX Font Warning: Font shape `TU/CascadiaMono(0)/sb/it' undefined
(Font)              using `TU/CascadiaMono(0)/b/it' instead on input line 148.


LaTeX Font Warning: Font shape `TU/CascadiaMono(0)/b/sl' undefined
(Font)              using `TU/CascadiaMono(0)/b/it' instead on input line 148.


LaTeX Font Warning: Font shape `TU/CascadiaMono(0)/sb/it' undefined
(Font)              using `TU/CascadiaMono(0)/b/it' instead on input line 148.


LaTeX Font Warning: Font shape `TU/CascadiaMono(0)/b/scit' undefined
(Font)              using `TU/CascadiaMono(0)/b/sc' instead on input line 148.


LaTeX Font Warning: Font shape `TU/CascadiaMono(0)/bc/sc' undefined
(Font)              using `TU/CascadiaMono(0)/b/sc' instead on input line 148.


LaTeX Font Warning: Font shape `TU/CascadiaMono(0)/bc/n' undefined
(Font)              using `TU/CascadiaMono(0)/b/n' instead on input line 148.


LaTeX Font Warning: Font shape `TU/CascadiaMono(0)/bc/it' undefined
(Font)              using `TU/CascadiaMono(0)/b/it' instead on input line 148.


LaTeX Font Warning: Font shape `TU/CascadiaMono(0)/b/sl' undefined
(Font)              using `TU/CascadiaMono(0)/b/it' instead on input line 148.


LaTeX Font Warning: Font shape `TU/CascadiaMono(0)/bc/it' undefined
(Font)              using `TU/CascadiaMono(0)/b/it' instead on input line 148.


LaTeX Font Warning: Font shape `TU/CascadiaMono(0)/b/scit' undefined
(Font)              using `TU/CascadiaMono(0)/b/sc' instead on input line 148.


LaTeX Font Warning: Font shape `TU/CascadiaMono(0)/l/n' undefined
(Font)              using `TU/CascadiaMono(0)/m/n' instead on input line 148.


LaTeX Font Warning: Font shape `TU/CascadiaMono(0)/l/it' undefined
(Font)              using `TU/CascadiaMono(0)/l/n' instead on input line 148.


LaTeX Font Warning: Font shape `TU/CascadiaMono(0)/l/sl' undefined
(Font)              using `TU/CascadiaMono(0)/l/it' instead on input line 148.


LaTeX Font Warning: Font shape `TU/CascadiaMono(0)/l/scit' undefined
(Font)              using `TU/CascadiaMono(0)/l/sc' instead on input line 148.


LaTeX Font Warning: Font shape `TU/CascadiaMono(0)/l/sc' undefined
(Font)              using `TU/CascadiaMono(0)/l/n' instead on input line 148.


LaTeX Font Warning: Font shape `TU/CascadiaMono(0)/m/ui' undefined
(Font)              using `TU/CascadiaMono(0)/m/n' instead on input line 148.


LaTeX Font Warning: Font shape `TU/CascadiaMono(0)/bx/ui' undefined
(Font)              using `TU/CascadiaMono(0)/m/n' instead on input line 148.


LaTeX Font Warning: Font shape `TU/CascadiaMono(0)/m/In' undefined
(Font)              using `TU/CascadiaMono(0)/m/n' instead on input line 148.

[1{C:/Users/jtrav/AppData/Local/MiKTeX/fonts/map/pdftex/pdftex.map}] [2]
[3] [4] [5<./Figures/fig1_two_phase_packing_en.png>] [6] [7] [8] [9<./Figures/f
ig2_three_orbits_en.png>] [10] [11] [12] [13]
Underfull \hbox (badness 10000) in paragraph at lines 953--954
[]\TU/lmr/m/n/10.95 The frozen source archive is \TU/CascadiaMono(0)/l/it/10.95
 PA-PER_-I_-lean_-v1.2_-freeze.zip\TU/lmr/m/n/10.95 , with SHA-256

Underfull \hbox (badness 2512) in paragraph at lines 953--954
\TU/CascadiaMono(0)/l/it/10.95 0181506408644fc1f8872d711de5a98a500f4052aa295bcd
6f8c82776694fd3a\TU/lmr/m/n/10.95 . It is stored un-
[14] [15] [16] [17] [18] [19] (./PAPER_I_preprint_v1.3_en.aux)

LaTeX Font Warning: Some font shapes were not available, defaults substituted.

)
(see the transcript file for additional information)
 4179 words of node memory still in use:
   7 hlist, 2 vlist, 2 rule, 1 local_par, 4 glue, 4 kern, 1 penalty, 3 glyph, 1
353 attribute, 63 glue_spec, 454 attribute_list, 1 write, 1 user_defined nodes
   avail lists: 1:3,2:18591,3:285,4:106,5:587,6:70,7:8941,8:69,9:678,10:26,11:6
95
<c:/users/jtrav/appdata/local/programs/miktex/fonts/opentype/public/lm/lmroman1
0-italic.otf><c:/users/jtrav/appdata/local/programs/miktex/fonts/opentype/publi
c/lm/lmsans8-regular.otf><c:/users/jtrav/appdata/local/programs/miktex/fonts/op
entype/public/lm/lmroman8-regular.otf><C:/Users/jtrav/AppData/Local/Programs/Mi
KTeX/fonts/opentype/public/lm-math/latinmodern-math.otf><C:/WINDOWS/Fonts/casca
diamono.ttf><C:/Users/jtrav/AppData/Local/Programs/MiKTeX/fonts/opentype/public
/lm-math/latinmodern-math.otf><C:/Users/jtrav/AppData/Local/Programs/MiKTeX/fon
ts/opentype/public/lm-math/latinmodern-math.otf><c:/users/jtrav/appdata/local/p
rograms/miktex/fonts/opentype/public/lm/lmroman12-bold.otf><c:/users/jtrav/appd
ata/local/programs/miktex/fonts/opentype/public/lm/lmroman10-bold.otf><c:/users
/jtrav/appdata/local/programs/miktex/fonts/opentype/public/lm/lmroman10-regular
.otf><c:/users/jtrav/appdata/local/programs/miktex/fonts/opentype/public/lm/lmr
oman12-regular.otf><c:/users/jtrav/appdata/local/programs/miktex/fonts/opentype
/public/lm/lmroman17-regular.otf>
Output written on PAPER_I_preprint_v1.3_en.pdf (19 pages, 332958 bytes).
Transcript written on PAPER_I_preprint_v1.3_en.log.
