start_utc=2026-08-22T23:06:41.9883138Z
cwd=C:\p3build4\P3
command=lake exe cache get
info: mathlib: cloning https://github.com/leanprover-community/mathlib4
info: mathlib: checking out revision '8f9d9cff6bd728b17a24e163c9402775d9e6a365'
info: plausible: cloning https://github.com/leanprover-community/plausible
info: plausible: checking out revision '55c8532eb21ec9f6d565d51d96b8ca50bd1fbef3'
info: LeanSearchClient: cloning https://github.com/leanprover-community/LeanSearchClient
info: LeanSearchClient: checking out revision 'c5d5b8fe6e5158def25cd28eb94e4141ad97c843'
info: importGraph: cloning https://github.com/leanprover-community/import-graph
info: importGraph: checking out revision '85b59af46828c029a9168f2f9c35119bd0721e6e'
info: proofwidgets: cloning https://github.com/leanprover-community/ProofWidgets4
info: proofwidgets: checking out revision 'be3b2e63b1bbf496c478cef98b86972a37c1417d'
info: aesop: cloning https://github.com/leanprover-community/aesop
info: aesop: checking out revision 'f642a64c76df8ba9cb53dba3b919425a0c2aeaf1'
info: Qq: cloning https://github.com/leanprover-community/quote4
info: Qq: checking out revision 'b8f98e9087e02c8553945a2c5abf07cec8e798c3'
info: batteries: cloning https://github.com/leanprover-community/batteries
info: batteries: checking out revision '495c008c3e3f4fb4256ff5582ddb3abf3198026f'
info: Cli: cloning https://github.com/leanprover/lean4-cli
info: Cli: checking out revision '4f10f47646cb7d5748d6f423f4a07f98f7bbcc9e'
✔ [5/23] Built Cache.Init (1.9s)
✔ [6/23] Built Cache.Lean (2.2s)
✔ [7/23] Built Cache.Init:c.o (798ms)
✔ [8/23] Built Batteries.Data.Array.Match (2.4s)
✔ [9/23] Built Batteries.Data.String.Basic (2.3s)
✔ [10/23] Built Batteries.Data.String.Basic:c.o (261ms)
✔ [11/23] Built Batteries.Data.String.Matcher (1.5s)
✔ [12/23] Built Batteries.Data.Array.Match:c.o (1.4s)
✔ [13/23] Built Batteries.Data.String.Matcher:c.o (345ms)
✔ [14/23] Built Cache.Lean:c.o (3.1s)
✔ [15/23] Built Cache.IO (3.2s)
✔ [16/23] Built Cache.Hashing (2.4s)
✔ [17/23] Built Cache.IO:c.o (2.4s)
✔ [18/23] Built Cache.Hashing:c.o (2.8s)
✔ [19/23] Built Cache.Requests (2.9s)
✔ [20/23] Built Cache.Requests:c.o (2.5s)
✔ [21/23] Built Cache.Main (2.6s)
✔ [22/23] Built Cache.Main:c.o (665ms)
✔ [23/23] Built cache:exe (2.8s)
Fetching ProofWidgets cloud release... done!
Current branch: HEAD
Using cache (Azure) from origin: leanprover-community/mathlib4
No files to download
Decompressing 8007 file(s) (3 already decompressed)
Decompressed in 38921 ms
Completed successfully!
