OK   PaperIV.Erdos81AllOrders.erdos81_all_orders
      total 39687 | PaperIV 2598 | PaperI 41 | Nibble 496 | MixedRounding 52 | EXTERNO 0
OK   PaperIV.Erdos81AllOrders.erdos81_all_orders_additive
      total 39688 | PaperIV 2599 | PaperI 41 | Nibble 496 | MixedRounding 52 | EXTERNO 0
OK   PaperIV.Erdos81Unconditional.erdos81_cliquePartition
      total 39681 | PaperIV 2595 | PaperI 41 | Nibble 496 | MixedRounding 52 | EXTERNO 0
OK   PaperIV.Erdos81Unconditional.erdos81_linear_form
      total 39683 | PaperIV 2597 | PaperI 41 | Nibble 496 | MixedRounding 52 | EXTERNO 0
OK   PaperIV.Erdos81Unconditional.erdos81_chordalTarget
      total 39593 | PaperIV 2577 | PaperI 0 | Nibble 496 | MixedRounding 52 | EXTERNO 0
OK   PaperIV.CertifiedOptimumExistence.exists_certifiedFractionalOptimum
      total 13603 | PaperIV 44 | PaperI 41 | Nibble 0 | MixedRounding 0 | EXTERNO 0
OK   PaperI.FiniteLP.exists_optimal_pair
      total 13072 | PaperIV 0 | PaperI 39 | Nibble 0 | MixedRounding 0 | EXTERNO 0
OK   PaperIV.RC01Final.rc01_uniformRoundingTarget
      total 34189 | PaperIV 917 | PaperI 0 | Nibble 496 | MixedRounding 50 | EXTERNO 0
OK   PaperIV.RC01FarAssembly.farRegime_cliquePartition
      total 34262 | PaperIV 968 | PaperI 0 | Nibble 496 | MixedRounding 52 | EXTERNO 0
OK   PaperIV.NearH1GlobalAssembly.nearRegimeAt
      total 30427 | PaperIV 1676 | PaperI 0 | Nibble 0 | MixedRounding 0 | EXTERNO 0
OK   PaperIV.NearH1GlobalAssembly.chordalTargetAt
      total 39592 | PaperIV 2576 | PaperI 0 | Nibble 496 | MixedRounding 52 | EXTERNO 0
OK   PaperIV.RootRegularizationBridge.exists_regularizedRoot_engineFree
      total 13192 | PaperIV 130 | PaperI 0 | Nibble 0 | MixedRounding 0 | EXTERNO 0
OK   PaperIV.HybridDichotomy.chordal_far_or_nearStructure
      total 30379 | PaperIV 1629 | PaperI 0 | Nibble 0 | MixedRounding 0 | EXTERNO 0
OK   PaperIV.HybridDichotomy.chordal_near_extremal_stability
      total 30378 | PaperIV 1628 | PaperI 0 | Nibble 0 | MixedRounding 0 | EXTERNO 0
OK   PaperIV.HybridDichotomy.erdos81_of_structuralDichotomy
      total 39675 | PaperIV 2589 | PaperI 41 | Nibble 496 | MixedRounding 52 | EXTERNO 0
OK   PaperIV.PaperTheorems.erdos81_hybrid_linear_form
      total 39677 | PaperIV 2591 | PaperI 41 | Nibble 496 | MixedRounding 52 | EXTERNO 0
OK   PaperIV.PaperTheorems.splitGraph_isChordal
      total 4739 | PaperIV 10 | PaperI 0 | Nibble 0 | MixedRounding 0 | EXTERNO 0
OK   PaperIV.PaperTheorems.exists_chordal_extremal_witness
      total 15036 | PaperIV 400 | PaperI 0 | Nibble 0 | MixedRounding 0 | EXTERNO 0
OK   PaperIV.PaperTheorems.erdos81_max_eq
      total 39979 | PaperIV 2744 | PaperI 41 | Nibble 496 | MixedRounding 52 | EXTERNO 0
OK   PaperIV.SplitCompleteExactValue.exists_optimal_cliquePartition
      total 13919 | PaperIV 299 | PaperI 0 | Nibble 0 | MixedRounding 0 | EXTERNO 0
OK   PaperIV.SplitCompleteExactValueAllParities.exists_optimal_cliquePartition_allParities
      total 14002 | PaperIV 364 | PaperI 0 | Nibble 0 | MixedRounding 0 | EXTERNO 0
OK   PaperIV.SplitCompleteSharpLower.cliquePartition_size_ge_baseline_unrestricted
      total 4879 | PaperIV 62 | PaperI 0 | Nibble 0 | MixedRounding 0 | EXTERNO 0
OK   PaperIV.SplitCompleteSharpValue.exists_sharp_cliquePartition_allParities
      total 14028 | PaperIV 382 | PaperI 0 | Nibble 0 | MixedRounding 0 | EXTERNO 0
OK   PaperIV.SplitCompleteSharpLower.critical_baseline_eq_targetSize
      total 11894 | PaperIV 7 | PaperI 0 | Nibble 0 | MixedRounding 0 | EXTERNO 0
OK   PaperIV.SplitCompleteRigidity.baseline_eq_targetSize_iff
      total 11674 | PaperIV 22 | PaperI 0 | Nibble 0 | MixedRounding 0 | EXTERNO 0
OK   PaperIV.SplitCompleteRigidity.optimal_cores
      total 11679 | PaperIV 27 | PaperI 0 | Nibble 0 | MixedRounding 0 | EXTERNO 0
OK   PaperIV.SplitCompleteDefect.size_add_choose_eq_mul_add_sum_defect
      total 4831 | PaperIV 63 | PaperI 0 | Nibble 0 | MixedRounding 0 | EXTERNO 0
OK   PaperIV.SplitMixedGap.mixed_gap_zero
      total 14588 | PaperIV 408 | PaperI 0 | Nibble 0 | MixedRounding 0 | EXTERNO 0
OK   PaperIV.SimplicialReduction.sharpBoundAt_of_largeCliqueRegime
      total 13810 | PaperIV 65 | PaperI 0 | Nibble 0 | MixedRounding 0 | EXTERNO 0
OK   PaperIV.SimplicialReductionRefined.not_strongLoosePieceHypothesis
      total 4987 | PaperIV 21 | PaperI 0 | Nibble 0 | MixedRounding 0 | EXTERNO 0
OK   PaperIV.SplitCompleteDefect.card_paying_pieces_le_excess
      total 5173 | PaperIV 65 | PaperI 0 | Nibble 0 | MixedRounding 0 | EXTERNO 0
OK   PaperIV.LinearCoefficient.linear_coefficient_optimal
      total 15073 | PaperIV 402 | PaperI 0 | Nibble 0 | MixedRounding 0 | EXTERNO 0
OK   PaperIV.SpreadAbsorptionCompatibility.exists_budgeted_compatible_spread_absorber
      total 12670 | PaperIV 85 | PaperI 0 | Nibble 0 | MixedRounding 0 | EXTERNO 0
OK   PaperIV.BalancedReserve.exists_balanced_reserve
      total 20014 | PaperIV 10 | PaperI 0 | Nibble 18 | MixedRounding 0 | EXTERNO 0
OK   PaperIV.SpreadAbsorption.exists_certificate
      total 5319 | PaperIV 3 | PaperI 0 | Nibble 0 | MixedRounding 0 | EXTERNO 0
OK   PaperIV.SpreadAbsorption.exists_lowConflict_certificate
      total 12404 | PaperIV 4 | PaperI 0 | Nibble 0 | MixedRounding 0 | EXTERNO 0
OK   PaperIV.SpreadAbsorption.physical_triangle_absorber
      total 4164 | PaperIV 54 | PaperI 0 | Nibble 0 | MixedRounding 0 | EXTERNO 0
OK   PaperIV.SpreadAbsorption.exists_budgeted_physical_triangle_absorber
      total 12653 | PaperIV 71 | PaperI 0 | Nibble 0 | MixedRounding 0 | EXTERNO 0
OK   PaperIV.SpreadLedgerAbsorption.total_ledgerBad_le_paid_mass
      total 13818 | PaperIV 12 | PaperI 0 | Nibble 0 | MixedRounding 0 | EXTERNO 0
OK   PaperIV.SpreadLedgerAbsorption.exists_spread_absorber_count_add_cost_le_baseline
      total 14885 | PaperIV 107 | PaperI 0 | Nibble 0 | MixedRounding 0 | EXTERNO 0
OK   PaperIV.SpreadAbsorptionCompatibility.exists_compatible_spread_absorber
      total 5791 | PaperIV 83 | PaperI 0 | Nibble 0 | MixedRounding 0 | EXTERNO 0
OK   PaperIV.SeparationAbsorptionRoute.erdos81_of_dualSeparation_absorption
      total 39684 | PaperIV 2598 | PaperI 41 | Nibble 496 | MixedRounding 52 | EXTERNO 0
OK   PaperIV.SplitEditIdentity.editDist_split_eq
      total 4802 | PaperIV 37 | PaperI 0 | Nibble 0 | MixedRounding 0 | EXTERNO 0
OK   PaperIV.FarSlackQuantitative.farRegime_cliquePartition_slack
      total 34257 | PaperIV 963 | PaperI 0 | Nibble 496 | MixedRounding 52 | EXTERNO 0
OK   PaperIV.IntegralStability.chordal_linear_stability
      total 39680 | PaperIV 2593 | PaperI 41 | Nibble 496 | MixedRounding 52 | EXTERNO 0
OK   PaperIV.ExtremalClassification.split_value
      total 14038 | PaperIV 391 | PaperI 0 | Nibble 0 | MixedRounding 0 | EXTERNO 0
OK   PaperIV.ExtremalClassification.chordal_extremal_classification
      total 39903 | PaperIV 2794 | PaperI 41 | Nibble 496 | MixedRounding 52 | EXTERNO 0
OK   PaperIV.NearThresholdSensitivity.eps_le_of_physical_budget
      total 11734 | PaperIV 1 | PaperI 0 | Nibble 0 | MixedRounding 0 | EXTERNO 0
OK   PaperIV.NearThresholdSensitivity.near_threshold_of_budget
      total 11925 | PaperIV 2 | PaperI 0 | Nibble 0 | MixedRounding 0 | EXTERNO 0
OK   PaperIV.NearThresholdSensitivity.edit_mass_of_budget
      total 11802 | PaperIV 1 | PaperI 0 | Nibble 0 | MixedRounding 0 | EXTERNO 0
OK   PaperIV.FourHostClosure.exists_fourHost_packing
      total 8813 | PaperIV 75 | PaperI 0 | Nibble 0 | MixedRounding 0 | EXTERNO 0
OK   PaperIV.ReserveIdentity.targetSize_eq_baseline_add_reserve
      total 11673 | PaperIV 12 | PaperI 0 | Nibble 0 | MixedRounding 0 | EXTERNO 0
OK   PaperIV.ReserveIdentity.baseline_eq_targetSize_iff_reserve
      total 11696 | PaperIV 17 | PaperI 0 | Nibble 0 | MixedRounding 0 | EXTERNO 0
OK   PaperIV.ReserveIdentity.residual_sq_le_iff
      total 11803 | PaperIV 3 | PaperI 0 | Nibble 0 | MixedRounding 0 | EXTERNO 0
OK   PaperIV.LossBudget.budget_iff
      total 4637 | PaperIV 23 | PaperI 0 | Nibble 0 | MixedRounding 0 | EXTERNO 0
OK   PaperIV.LossBudget.erdos81_cp_form
      total 39682 | PaperIV 2596 | PaperI 41 | Nibble 496 | MixedRounding 52 | EXTERNO 0
OK   PaperIV.LossBudget.erdos81_cp_form_all_orders
      total 39689 | PaperIV 2600 | PaperI 41 | Nibble 496 | MixedRounding 52 | EXTERNO 0
VEREDICTO: los 57 enunciados del paper no usan ninguna constante del espacio de nombres `Erdos81`.
