start_utc=2026-08-22T20:58:56.0158719Z
cwd=C:\p3build2\P3
command=lake exe cache get
info: mathlib: cloning https://github.com/leanprover-community/mathlib4
info: mathlib: checking out revision '8f9d9cff6bd728b17a24e163c9402775d9e6a365'
info: plausible: cloning https://github.com/leanprover-community/plausible
info: plausible: checking out revision '55c8532eb21ec9f6d565d51d96b8ca50bd1fbef3'
info: LeanSearchClient: cloning https://github.com/leanprover-community/LeanSearchClient
info: LeanSearchClient: checking out revision 'c5d5b8fe6e5158def25cd28eb94e4141ad97c843'
info: importGraph: cloning https://github.com/leanprover-community/import-graph
info: importGraph: checking out revision '85b59af46828c029a9168f2f9c35119bd0721e6e'
info: proofwidgets: cloning https://github.com/leanprover-community/ProofWidgets4
info: proofwidgets: checking out revision 'be3b2e63b1bbf496c478cef98b86972a37c1417d'
info: aesop: cloning https://github.com/leanprover-community/aesop
info: aesop: checking out revision 'f642a64c76df8ba9cb53dba3b919425a0c2aeaf1'
info: Qq: cloning https://github.com/leanprover-community/quote4
info: Qq: checking out revision 'b8f98e9087e02c8553945a2c5abf07cec8e798c3'
info: batteries: cloning https://github.com/leanprover-community/batteries
info: batteries: checking out revision '495c008c3e3f4fb4256ff5582ddb3abf3198026f'
info: Cli: cloning https://github.com/leanprover/lean4-cli
info: Cli: checking out revision '4f10f47646cb7d5748d6f423f4a07f98f7bbcc9e'
✔ [5/23] Built Cache.Lean (2.7s)
✔ [6/23] Built Cache.Init (2.7s)
✔ [7/23] Built Batteries.Data.Array.Match (2.4s)
✔ [8/23] Built Batteries.Data.String.Basic (2.4s)
✔ [9/23] Built Batteries.Data.String.Basic:c.o (653ms)
✔ [10/23] Built Batteries.Data.Array.Match:c.o (1.9s)
✔ [11/23] Built Batteries.Data.String.Matcher (1.9s)
✔ [12/23] Built Batteries.Data.String.Matcher:c.o (307ms)
✔ [13/23] Built Cache.Lean:c.o (3.9s)
✔ [14/23] Built Cache.Init:c.o (3.9s)
✔ [15/23] Built Cache.IO (3.9s)
✔ [16/23] Built Cache.IO:c.o (2.5s)
✔ [17/23] Built Cache.Hashing (2.6s)
✔ [18/23] Built Cache.Hashing:c.o (3.7s)
✔ [19/23] Built Cache.Requests (3.8s)
✔ [20/23] Built Cache.Main (3.5s)
✔ [21/23] Built Cache.Requests:c.o (3.5s)
✔ [22/23] Built Cache.Main:c.o (714ms)
✔ [23/23] Built cache:exe (2.0s)
  % Total    % Received % Xferd  Average Speed  Time    Time    Time   Current
                                 Dload  Upload  Total   Spent   Left   Speed

  0      0   0      0   0      0      0      0                              0
  0      0   0      0   0      0      0      0                              0
  0      0   0      0   0      0      0      0                              0

  0      0   0      0   0      0      0      0                              0
100 745.8k 100 745.8k   0      0 633.6k      0   00:01   00:01              0
100 745.8k 100 745.8k   0      0 633.6k      0   00:01   00:01              0
100 745.8k 100 745.8k   0      0 633.5k      0   00:01   00:01              0

installing leantar 0.1.16
Fetching ProofWidgets cloud release... done!
Current branch: HEAD
Using cache (Azure) from origin: leanprover-community/mathlib4
Attempting to download 8010 file(s) from leanprover-community/mathlib4 cache

Downloaded: 1 file(s) [attempted 1/8010 = 0%, 21 KB/s]
Downloaded: 2 file(s) [attempted 2/8010 = 0%, 21 KB/s]
Downloaded: 6 file(s) [attempted 6/8010 = 0%, 7 KB/s]
Downloaded: 20 file(s) [attempted 20/8010 = 0%, 23 KB/s]
Downloaded: 37 file(s) [attempted 37/8010 = 0%, 25 KB/s]
Downloaded: 52 file(s) [attempted 52/8010 = 0%, 33 KB/s]
Downloaded: 64 file(s) [attempted 64/8010 = 0%, 114 KB/s]
Downloaded: 76 file(s) [attempted 76/8010 = 0%, 61 KB/s]
Downloaded: 94 file(s) [attempted 94/8010 = 1%, 32 KB/s]
Downloaded: 113 file(s) [attempted 113/8010 = 1%, 75 KB/s]
Downloaded: 128 file(s) [attempted 128/8010 = 1%, 107 KB/s]
Downloaded: 141 file(s) [attempted 141/8010 = 1%, 236 KB/s]
Downloaded: 158 file(s) [attempted 158/8010 = 1%, 224 KB/s]
Downloaded: 173 file(s) [attempted 173/8010 = 2%, 75 KB/s]
Downloaded: 188 file(s) [attempted 188/8010 = 2%, 76 KB/s]
Downloaded: 204 file(s) [attempted 204/8010 = 2%, 113 KB/s]
Downloaded: 221 file(s) [attempted 221/8010 = 2%, 109 KB/s]
Downloaded: 240 file(s) [attempted 240/8010 = 2%, 189 KB/s]
Downloaded: 256 file(s) [attempted 256/8010 = 3%, 21 KB/s]
Downloaded: 273 file(s) [attempted 273/8010 = 3%, 256 KB/s]
Downloaded: 289 file(s) [attempted 289/8010 = 3%, 203 KB/s]
Downloaded: 308 file(s) [attempted 308/8010 = 3%, 130 KB/s]
Downloaded: 326 file(s) [attempted 326/8010 = 4%, 37 KB/s]
Downloaded: 339 file(s) [attempted 339/8010 = 4%, 101 KB/s]
Downloaded: 355 file(s) [attempted 355/8010 = 4%, 54 KB/s]
Downloaded: 372 file(s) [attempted 372/8010 = 4%, 96 KB/s]
Downloaded: 388 file(s) [attempted 388/8010 = 4%, 177 KB/s]
Downloaded: 405 file(s) [attempted 405/8010 = 5%, 38 KB/s]
Downloaded: 419 file(s) [attempted 419/8010 = 5%, 45 KB/s]
Downloaded: 434 file(s) [attempted 434/8010 = 5%, 222 KB/s]
Downloaded: 448 file(s) [attempted 448/8010 = 5%, 56 KB/s]
Downloaded: 462 file(s) [attempted 462/8010 = 5%, 188 KB/s]
Downloaded: 478 file(s) [attempted 478/8010 = 5%, 82 KB/s]
Downloaded: 490 file(s) [attempted 490/8010 = 6%, 35 KB/s]
Downloaded: 504 file(s) [attempted 504/8010 = 6%, 40 KB/s]
Downloaded: 525 file(s) [attempted 525/8010 = 6%, 171 KB/s]
Downloaded: 535 file(s) [attempted 535/8010 = 6%, 143 KB/s]
Downloaded: 554 file(s) [attempted 554/8010 = 6%, 41 KB/s]
Downloaded: 570 file(s) [attempted 570/8010 = 7%, 137 KB/s]
Downloaded: 582 file(s) [attempted 582/8010 = 7%, 51 KB/s]
Downloaded: 600 file(s) [attempted 600/8010 = 7%, 133 KB/s]
Downloaded: 613 file(s) [attempted 613/8010 = 7%, 84 KB/s]
Downloaded: 627 file(s) [attempted 627/8010 = 7%, 84 KB/s]
Downloaded: 641 file(s) [attempted 641/8010 = 8%, 234 KB/s]
Downloaded: 654 file(s) [attempted 654/8010 = 8%, 54 KB/s]
Downloaded: 670 file(s) [attempted 670/8010 = 8%, 37 KB/s]
Downloaded: 689 file(s) [attempted 689/8010 = 8%, 194 KB/s]
Downloaded: 700 file(s) [attempted 700/8010 = 8%, 202 KB/s]
Downloaded: 715 file(s) [attempted 715/8010 = 8%, 77 KB/s]
Downloaded: 736 file(s) [attempted 736/8010 = 9%, 118 KB/s]
Downloaded: 755 file(s) [attempted 755/8010 = 9%, 137 KB/s]
Downloaded: 764 file(s) [attempted 764/8010 = 9%, 51 KB/s]
Downloaded: 778 file(s) [attempted 778/8010 = 9%, 86 KB/s]
Downloaded: 795 file(s) [attempted 795/8010 = 9%, 220 KB/s]
Downloaded: 811 file(s) [attempted 811/8010 = 10%, 127 KB/s]
Downloaded: 830 file(s) [attempted 830/8010 = 10%, 109 KB/s]
Downloaded: 845 file(s) [attempted 845/8010 = 10%, 93 KB/s]
Downloaded: 861 file(s) [attempted 861/8010 = 10%, 16 KB/s]
Downloaded: 875 file(s) [attempted 875/8010 = 10%, 242 KB/s]
Downloaded: 889 file(s) [attempted 889/8010 = 11%, 60 KB/s]
Downloaded: 906 file(s) [attempted 906/8010 = 11%, 122 KB/s]
Downloaded: 920 file(s) [attempted 920/8010 = 11%, 82 KB/s]
Downloaded: 934 file(s) [attempted 934/8010 = 11%, 219 KB/s]
Downloaded: 951 file(s) [attempted 951/8010 = 11%, 67 KB/s]
Downloaded: 966 file(s) [attempted 966/8010 = 12%, 181 KB/s]
Downloaded: 977 file(s) [attempted 977/8010 = 12%, 141 KB/s]
Downloaded: 989 file(s) [attempted 989/8010 = 12%, 60 KB/s]
Downloaded: 1003 file(s) [attempted 1003/8010 = 12%, 115 KB/s]
Downloaded: 1017 file(s) [attempted 1017/8010 = 12%, 107 KB/s]
Downloaded: 1034 file(s) [attempted 1034/8010 = 12%, 118 KB/s]
Downloaded: 1050 file(s) [attempted 1050/8010 = 13%, 46 KB/s]
Downloaded: 1064 file(s) [attempted 1064/8010 = 13%, 92 KB/s]
Downloaded: 1085 file(s) [attempted 1085/8010 = 13%, 43 KB/s]
Downloaded: 1100 file(s) [attempted 1100/8010 = 13%, 91 KB/s]
Downloaded: 1116 file(s) [attempted 1116/8010 = 13%, 83 KB/s]
Downloaded: 1135 file(s) [attempted 1135/8010 = 14%, 91 KB/s]
Downloaded: 1149 file(s) [attempted 1149/8010 = 14%, 199 KB/s]
Downloaded: 1166 file(s) [attempted 1166/8010 = 14%, 83 KB/s]
Downloaded: 1182 file(s) [attempted 1182/8010 = 14%, 247 KB/s]
Downloaded: 1196 file(s) [attempted 1196/8010 = 14%, 116 KB/s]
Downloaded: 1213 file(s) [attempted 1213/8010 = 15%, 97 KB/s]
Downloaded: 1229 file(s) [attempted 1229/8010 = 15%, 99 KB/s]
Downloaded: 1246 file(s) [attempted 1246/8010 = 15%, 92 KB/s]
Downloaded: 1263 file(s) [attempted 1263/8010 = 15%, 35 KB/s]
Downloaded: 1274 file(s) [attempted 1274/8010 = 15%, 335 KB/s]
Downloaded: 1293 file(s) [attempted 1293/8010 = 16%, 75 KB/s]
Downloaded: 1310 file(s) [attempted 1310/8010 = 16%, 61 KB/s]
Downloaded: 1326 file(s) [attempted 1326/8010 = 16%, 61 KB/s]
Downloaded: 1345 file(s) [attempted 1345/8010 = 16%, 166 KB/s]
Downloaded: 1359 file(s) [attempted 1359/8010 = 16%, 18 KB/s]
Downloaded: 1373 file(s) [attempted 1373/8010 = 17%, 36 KB/s]
Downloaded: 1391 file(s) [attempted 1391/8010 = 17%, 269 KB/s]
Downloaded: 1407 file(s) [attempted 1407/8010 = 17%, 150 KB/s]
Downloaded: 1423 file(s) [attempted 1423/8010 = 17%, 173 KB/s]
Downloaded: 1442 file(s) [attempted 1442/8010 = 18%, 326 KB/s]
Downloaded: 1456 file(s) [attempted 1456/8010 = 18%, 48 KB/s]
Downloaded: 1477 file(s) [attempted 1477/8010 = 18%, 141 KB/s]
Downloaded: 1491 file(s) [attempted 1491/8010 = 18%, 133 KB/s]
Downloaded: 1508 file(s) [attempted 1508/8010 = 18%, 165 KB/s]
Downloaded: 1525 file(s) [attempted 1525/8010 = 19%, 123 KB/s]
Downloaded: 1546 file(s) [attempted 1546/8010 = 19%, 197 KB/s]
Downloaded: 1562 file(s) [attempted 1562/8010 = 19%, 21 KB/s]
Downloaded: 1581 file(s) [attempted 1581/8010 = 19%, 24 KB/s]
Downloaded: 1595 file(s) [attempted 1595/8010 = 19%, 320 KB/s]
Downloaded: 1610 file(s) [attempted 1610/8010 = 20%, 163 KB/s]
Downloaded: 1628 file(s) [attempted 1628/8010 = 20%, 100 KB/s]
Downloaded: 1645 file(s) [attempted 1645/8010 = 20%, 80 KB/s]
Downloaded: 1661 file(s) [attempted 1661/8010 = 20%, 166 KB/s]
Downloaded: 1680 file(s) [attempted 1680/8010 = 20%, 126 KB/s]
Downloaded: 1699 file(s) [attempted 1699/8010 = 21%, 42 KB/s]
Downloaded: 1713 file(s) [attempted 1713/8010 = 21%, 171 KB/s]
Downloaded: 1730 file(s) [attempted 1730/8010 = 21%, 288 KB/s]
Downloaded: 1745 file(s) [attempted 1745/8010 = 21%, 406 KB/s]
Downloaded: 1758 file(s) [attempted 1758/8010 = 21%, 103 KB/s]
Downloaded: 1772 file(s) [attempted 1772/8010 = 22%, 154 KB/s]
Downloaded: 1789 file(s) [attempted 1789/8010 = 22%, 161 KB/s]
Downloaded: 1805 file(s) [attempted 1805/8010 = 22%, 145 KB/s]
Downloaded: 1820 file(s) [attempted 1820/8010 = 22%, 266 KB/s]
Downloaded: 1834 file(s) [attempted 1834/8010 = 22%, 48 KB/s]
Downloaded: 1850 file(s) [attempted 1850/8010 = 23%, 30 KB/s]
Downloaded: 1867 file(s) [attempted 1867/8010 = 23%, 66 KB/s]
Downloaded: 1881 file(s) [attempted 1881/8010 = 23%, 28 KB/s]
Downloaded: 1897 file(s) [attempted 1897/8010 = 23%, 145 KB/s]
Downloaded: 1916 file(s) [attempted 1916/8010 = 23%, 270 KB/s]
Downloaded: 1934 file(s) [attempted 1934/8010 = 24%, 213 KB/s]
Downloaded: 1949 file(s) [attempted 1949/8010 = 24%, 236 KB/s]
Downloaded: 1966 file(s) [attempted 1966/8010 = 24%, 70 KB/s]
Downloaded: 1982 file(s) [attempted 1982/8010 = 24%, 28 KB/s]
Downloaded: 2001 file(s) [attempted 2001/8010 = 24%, 70 KB/s]
Downloaded: 2018 file(s) [attempted 2018/8010 = 25%, 381 KB/s]
Downloaded: 2037 file(s) [attempted 2037/8010 = 25%, 79 KB/s]
Downloaded: 2053 file(s) [attempted 2053/8010 = 25%, 71 KB/s]
Downloaded: 2072 file(s) [attempted 2072/8010 = 25%, 72 KB/s]
Downloaded: 2089 file(s) [attempted 2089/8010 = 26%, 143 KB/s]
Downloaded: 2108 file(s) [attempted 2108/8010 = 26%, 256 KB/s]
Downloaded: 2126 file(s) [attempted 2126/8010 = 26%, 109 KB/s]
Downloaded: 2145 file(s) [attempted 2145/8010 = 26%, 85 KB/s]
Downloaded: 2164 file(s) [attempted 2164/8010 = 27%, 153 KB/s]
Downloaded: 2181 file(s) [attempted 2181/8010 = 27%, 81 KB/s]
Downloaded: 2197 file(s) [attempted 2197/8010 = 27%, 52 KB/s]
Downloaded: 2216 file(s) [attempted 2216/8010 = 27%, 205 KB/s]
Downloaded: 2221 file(s) [attempted 2221/8010 = 27%, 369 KB/s]
Downloaded: 2237 file(s) [attempted 2237/8010 = 27%, 158 KB/s]
Downloaded: 2256 file(s) [attempted 2256/8010 = 28%, 281 KB/s]
Downloaded: 2273 file(s) [attempted 2273/8010 = 28%, 272 KB/s]
Downloaded: 2292 file(s) [attempted 2292/8010 = 28%, 115 KB/s]
Downloaded: 2308 file(s) [attempted 2308/8010 = 28%, 233 KB/s]
Downloaded: 2327 file(s) [attempted 2327/8010 = 29%, 48 KB/s]
Downloaded: 2344 file(s) [attempted 2344/8010 = 29%, 25 KB/s]
Downloaded: 2360 file(s) [attempted 2360/8010 = 29%, 255 KB/s]
Downloaded: 2374 file(s) [attempted 2374/8010 = 29%, 90 KB/s]
Downloaded: 2395 file(s) [attempted 2395/8010 = 29%, 306 KB/s]
Downloaded: 2412 file(s) [attempted 2412/8010 = 30%, 81 KB/s]
Downloaded: 2424 file(s) [attempted 2424/8010 = 30%, 157 KB/s]
Downloaded: 2443 file(s) [attempted 2443/8010 = 30%, 30 KB/s]
Downloaded: 2459 file(s) [attempted 2459/8010 = 30%, 91 KB/s]
Downloaded: 2476 file(s) [attempted 2476/8010 = 30%, 187 KB/s]
Downloaded: 2490 file(s) [attempted 2490/8010 = 31%, 27 KB/s]
Downloaded: 2504 file(s) [attempted 2504/8010 = 31%, 82 KB/s]
Downloaded: 2518 file(s) [attempted 2518/8010 = 31%, 87 KB/s]
Downloaded: 2535 file(s) [attempted 2535/8010 = 31%, 231 KB/s]
Downloaded: 2551 file(s) [attempted 2551/8010 = 31%, 267 KB/s]
Downloaded: 2568 file(s) [attempted 2568/8010 = 32%, 40 KB/s]
Downloaded: 2584 file(s) [attempted 2584/8010 = 32%, 27 KB/s]
Downloaded: 2603 file(s) [attempted 2603/8010 = 32%, 105 KB/s]
Downloaded: 2620 file(s) [attempted 2620/8010 = 32%, 95 KB/s]
Downloaded: 2641 file(s) [attempted 2641/8010 = 32%, 164 KB/s]
Downloaded: 2657 file(s) [attempted 2657/8010 = 33%, 212 KB/s]
Downloaded: 2673 file(s) [attempted 2673/8010 = 33%, 55 KB/s]
Downloaded: 2685 file(s) [attempted 2685/8010 = 33%, 363 KB/s]
Downloaded: 2700 file(s) [attempted 2700/8010 = 33%, 104 KB/s]
Downloaded: 2716 file(s) [attempted 2716/8010 = 33%, 382 KB/s]
Downloaded: 2728 file(s) [attempted 2728/8010 = 34%, 348 KB/s]
Downloaded: 2750 file(s) [attempted 2750/8010 = 34%, 159 KB/s]
Downloaded: 2768 file(s) [attempted 2768/8010 = 34%, 29 KB/s]
Downloaded: 2785 file(s) [attempted 2785/8010 = 34%, 200 KB/s]
Downloaded: 2801 file(s) [attempted 2801/8010 = 34%, 23 KB/s]
Downloaded: 2813 file(s) [attempted 2813/8010 = 35%, 52 KB/s]
Downloaded: 2830 file(s) [attempted 2830/8010 = 35%, 80 KB/s]
Downloaded: 2849 file(s) [attempted 2849/8010 = 35%, 65 KB/s]
Downloaded: 2865 file(s) [attempted 2865/8010 = 35%, 118 KB/s]
Downloaded: 2882 file(s) [attempted 2882/8010 = 35%, 133 KB/s]
Downloaded: 2898 file(s) [attempted 2898/8010 = 36%, 336 KB/s]
Downloaded: 2914 file(s) [attempted 2914/8010 = 36%, 351 KB/s]
Downloaded: 2932 file(s) [attempted 2932/8010 = 36%, 207 KB/s]
Downloaded: 2950 file(s) [attempted 2950/8010 = 36%, 159 KB/s]
Downloaded: 2964 file(s) [attempted 2964/8010 = 37%, 175 KB/s]
Downloaded: 2981 file(s) [attempted 2981/8010 = 37%, 247 KB/s]
Downloaded: 2997 file(s) [attempted 2997/8010 = 37%, 266 KB/s]
Downloaded: 3023 file(s) [attempted 3023/8010 = 37%, 222 KB/s]
Downloaded: 3040 file(s) [attempted 3040/8010 = 37%, 328 KB/s]
Downloaded: 3056 file(s) [attempted 3056/8010 = 38%, 152 KB/s]
Downloaded: 3075 file(s) [attempted 3075/8010 = 38%, 293 KB/s]
Downloaded: 3096 file(s) [attempted 3096/8010 = 38%, 406 KB/s]
Downloaded: 3113 file(s) [attempted 3113/8010 = 38%, 21 KB/s]
Downloaded: 3127 file(s) [attempted 3127/8010 = 39%, 49 KB/s]
Downloaded: 3141 file(s) [attempted 3141/8010 = 39%, 156 KB/s]
Downloaded: 3160 file(s) [attempted 3160/8010 = 39%, 52 KB/s]
Downloaded: 3174 file(s) [attempted 3174/8010 = 39%, 93 KB/s]
Downloaded: 3196 file(s) [attempted 3196/8010 = 39%, 139 KB/s]
Downloaded: 3214 file(s) [attempted 3214/8010 = 40%, 236 KB/s]
Downloaded: 3226 file(s) [attempted 3226/8010 = 40%, 16 KB/s]
Downloaded: 3245 file(s) [attempted 3245/8010 = 40%, 82 KB/s]
Downloaded: 3257 file(s) [attempted 3257/8010 = 40%, 84 KB/s]
Downloaded: 3267 file(s) [attempted 3267/8010 = 40%, 254 KB/s]
Downloaded: 3285 file(s) [attempted 3285/8010 = 41%, 14 KB/s]
Downloaded: 3304 file(s) [attempted 3304/8010 = 41%, 43 KB/s]
Downloaded: 3325 file(s) [attempted 3325/8010 = 41%, 73 KB/s]
Downloaded: 3344 file(s) [attempted 3344/8010 = 41%, 370 KB/s]
Downloaded: 3363 file(s) [attempted 3363/8010 = 41%, 221 KB/s]
Downloaded: 3377 file(s) [attempted 3377/8010 = 42%, 64 KB/s]
Downloaded: 3396 file(s) [attempted 3396/8010 = 42%, 121 KB/s]
Downloaded: 3416 file(s) [attempted 3416/8010 = 42%, 262 KB/s]
Downloaded: 3429 file(s) [attempted 3429/8010 = 42%, 250 KB/s]
Downloaded: 3448 file(s) [attempted 3448/8010 = 43%, 296 KB/s]
Downloaded: 3465 file(s) [attempted 3465/8010 = 43%, 511 KB/s]
Downloaded: 3484 file(s) [attempted 3484/8010 = 43%, 103 KB/s]
Downloaded: 3500 file(s) [attempted 3500/8010 = 43%, 89 KB/s]
Downloaded: 3517 file(s) [attempted 3517/8010 = 43%, 53 KB/s]
Downloaded: 3536 file(s) [attempted 3536/8010 = 44%, 115 KB/s]
Downloaded: 3552 file(s) [attempted 3552/8010 = 44%, 125 KB/s]
Downloaded: 3571 file(s) [attempted 3571/8010 = 44%, 179 KB/s]
Downloaded: 3587 file(s) [attempted 3587/8010 = 44%, 104 KB/s]
Downloaded: 3606 file(s) [attempted 3606/8010 = 45%, 101 KB/s]
Downloaded: 3625 file(s) [attempted 3625/8010 = 45%, 101 KB/s]
Downloaded: 3645 file(s) [attempted 3645/8010 = 45%, 44 KB/s]
Downloaded: 3661 file(s) [attempted 3661/8010 = 45%, 118 KB/s]
Downloaded: 3677 file(s) [attempted 3677/8010 = 45%, 416 KB/s]
Downloaded: 3698 file(s) [attempted 3698/8010 = 46%, 116 KB/s]
Downloaded: 3716 file(s) [attempted 3716/8010 = 46%, 111 KB/s]
Downloaded: 3731 file(s) [attempted 3731/8010 = 46%, 254 KB/s]
Downloaded: 3750 file(s) [attempted 3750/8010 = 46%, 129 KB/s]
Downloaded: 3769 file(s) [attempted 3769/8010 = 47%, 167 KB/s]
Downloaded: 3788 file(s) [attempted 3788/8010 = 47%, 30 KB/s]
Downloaded: 3805 file(s) [attempted 3805/8010 = 47%, 71 KB/s]
Downloaded: 3823 file(s) [attempted 3823/8010 = 47%, 76 KB/s]
Downloaded: 3840 file(s) [attempted 3840/8010 = 47%, 49 KB/s]
Downloaded: 3854 file(s) [attempted 3854/8010 = 48%, 173 KB/s]
Downloaded: 3871 file(s) [attempted 3871/8010 = 48%, 231 KB/s]
Downloaded: 3892 file(s) [attempted 3892/8010 = 48%, 80 KB/s]
Downloaded: 3908 file(s) [attempted 3908/8010 = 48%, 108 KB/s]
Downloaded: 3925 file(s) [attempted 3925/8010 = 49%, 238 KB/s]
Downloaded: 3941 file(s) [attempted 3941/8010 = 49%, 278 KB/s]
Downloaded: 3958 file(s) [attempted 3958/8010 = 49%, 120 KB/s]
Downloaded: 3972 file(s) [attempted 3972/8010 = 49%, 119 KB/s]
Downloaded: 3996 file(s) [attempted 3996/8010 = 49%, 261 KB/s]
Downloaded: 4012 file(s) [attempted 4012/8010 = 50%, 279 KB/s]
Downloaded: 4029 file(s) [attempted 4029/8010 = 50%, 157 KB/s]
Downloaded: 4048 file(s) [attempted 4048/8010 = 50%, 408 KB/s]
Downloaded: 4063 file(s) [attempted 4063/8010 = 50%, 223 KB/s]
Downloaded: 4081 file(s) [attempted 4081/8010 = 50%, 158 KB/s]
Downloaded: 4096 file(s) [attempted 4096/8010 = 51%, 67 KB/s]
Downloaded: 4109 file(s) [attempted 4109/8010 = 51%, 547 KB/s]
Downloaded: 4129 file(s) [attempted 4129/8010 = 51%, 129 KB/s]
Downloaded: 4138 file(s) [attempted 4138/8010 = 51%, 177 KB/s]
Downloaded: 4154 file(s) [attempted 4154/8010 = 51%, 292 KB/s]
Downloaded: 4173 file(s) [attempted 4173/8010 = 52%, 288 KB/s]
Downloaded: 4189 file(s) [attempted 4189/8010 = 52%, 103 KB/s]
Downloaded: 4201 file(s) [attempted 4201/8010 = 52%, 84 KB/s]
Downloaded: 4215 file(s) [attempted 4215/8010 = 52%, 19 KB/s]
Downloaded: 4232 file(s) [attempted 4232/8010 = 52%, 199 KB/s]
Downloaded: 4248 file(s) [attempted 4248/8010 = 53%, 73 KB/s]
Downloaded: 4265 file(s) [attempted 4265/8010 = 53%, 84 KB/s]
Downloaded: 4281 file(s) [attempted 4281/8010 = 53%, 149 KB/s]
Downloaded: 4300 file(s) [attempted 4300/8010 = 53%, 89 KB/s]
Downloaded: 4317 file(s) [attempted 4317/8010 = 53%, 66 KB/s]
Downloaded: 4333 file(s) [attempted 4333/8010 = 54%, 166 KB/s]
Downloaded: 4355 file(s) [attempted 4355/8010 = 54%, 26 KB/s]
Downloaded: 4373 file(s) [attempted 4373/8010 = 54%, 166 KB/s]
Downloaded: 4390 file(s) [attempted 4390/8010 = 54%, 297 KB/s]
Downloaded: 4406 file(s) [attempted 4406/8010 = 55%, 295 KB/s]
Downloaded: 4423 file(s) [attempted 4423/8010 = 55%, 246 KB/s]
Downloaded: 4442 file(s) [attempted 4442/8010 = 55%, 111 KB/s]
Downloaded: 4458 file(s) [attempted 4458/8010 = 55%, 120 KB/s]
Downloaded: 4477 file(s) [attempted 4477/8010 = 55%, 147 KB/s]
Downloaded: 4495 file(s) [attempted 4495/8010 = 56%, 312 KB/s]
Downloaded: 4510 file(s) [attempted 4510/8010 = 56%, 31 KB/s]
Downloaded: 4527 file(s) [attempted 4527/8010 = 56%, 84 KB/s]
Downloaded: 4541 file(s) [attempted 4541/8010 = 56%, 63 KB/s]
Downloaded: 4557 file(s) [attempted 4557/8010 = 56%, 102 KB/s]
Downloaded: 4576 file(s) [attempted 4576/8010 = 57%, 61 KB/s]
Downloaded: 4595 file(s) [attempted 4595/8010 = 57%, 36 KB/s]
Downloaded: 4614 file(s) [attempted 4614/8010 = 57%, 22 KB/s]
Downloaded: 4631 file(s) [attempted 4631/8010 = 57%, 76 KB/s]
Downloaded: 4647 file(s) [attempted 4647/8010 = 58%, 173 KB/s]
Downloaded: 4661 file(s) [attempted 4661/8010 = 58%, 189 KB/s]
Downloaded: 4680 file(s) [attempted 4680/8010 = 58%, 174 KB/s]
Downloaded: 4697 file(s) [attempted 4697/8010 = 58%, 119 KB/s]
Downloaded: 4713 file(s) [attempted 4713/8010 = 58%, 68 KB/s]
Downloaded: 4727 file(s) [attempted 4727/8010 = 59%, 159 KB/s]
Downloaded: 4744 file(s) [attempted 4744/8010 = 59%, 26 KB/s]
Downloaded: 4761 file(s) [attempted 4761/8010 = 59%, 138 KB/s]
Downloaded: 4777 file(s) [attempted 4777/8010 = 59%, 91 KB/s]
Downloaded: 4793 file(s) [attempted 4793/8010 = 59%, 66 KB/s]
Downloaded: 4811 file(s) [attempted 4811/8010 = 60%, 94 KB/s]
Downloaded: 4824 file(s) [attempted 4824/8010 = 60%, 60 KB/s]
Downloaded: 4845 file(s) [attempted 4845/8010 = 60%, 140 KB/s]
Downloaded: 4864 file(s) [attempted 4864/8010 = 60%, 123 KB/s]
Downloaded: 4880 file(s) [attempted 4880/8010 = 60%, 93 KB/s]
Downloaded: 4897 file(s) [attempted 4897/8010 = 61%, 59 KB/s]
Downloaded: 4914 file(s) [attempted 4914/8010 = 61%, 64 KB/s]
Downloaded: 4933 file(s) [attempted 4933/8010 = 61%, 290 KB/s]
Downloaded: 4947 file(s) [attempted 4947/8010 = 61%, 56 KB/s]
Downloaded: 4964 file(s) [attempted 4964/8010 = 61%, 81 KB/s]
Downloaded: 4982 file(s) [attempted 4982/8010 = 62%, 205 KB/s]
Downloaded: 4999 file(s) [attempted 4999/8010 = 62%, 40 KB/s]
Downloaded: 5013 file(s) [attempted 5013/8010 = 62%, 38 KB/s]
Downloaded: 5025 file(s) [attempted 5025/8010 = 62%, 27 KB/s]
Downloaded: 5044 file(s) [attempted 5044/8010 = 62%, 288 KB/s]
Downloaded: 5063 file(s) [attempted 5063/8010 = 63%, 269 KB/s]
Downloaded: 5082 file(s) [attempted 5082/8010 = 63%, 58 KB/s]
Downloaded: 5100 file(s) [attempted 5100/8010 = 63%, 38 KB/s]
Downloaded: 5117 file(s) [attempted 5117/8010 = 63%, 89 KB/s]
Downloaded: 5136 file(s) [attempted 5136/8010 = 64%, 144 KB/s]
Downloaded: 5148 file(s) [attempted 5148/8010 = 64%, 101 KB/s]
Downloaded: 5164 file(s) [attempted 5164/8010 = 64%, 334 KB/s]
Downloaded: 5183 file(s) [attempted 5183/8010 = 64%, 250 KB/s]
Downloaded: 5200 file(s) [attempted 5200/8010 = 64%, 171 KB/s]
Downloaded: 5216 file(s) [attempted 5216/8010 = 65%, 487 KB/s]
Downloaded: 5230 file(s) [attempted 5230/8010 = 65%, 34 KB/s]
Downloaded: 5249 file(s) [attempted 5249/8010 = 65%, 274 KB/s]
Downloaded: 5266 file(s) [attempted 5266/8010 = 65%, 127 KB/s]
Downloaded: 5282 file(s) [attempted 5282/8010 = 65%, 41 KB/s]
Downloaded: 5296 file(s) [attempted 5296/8010 = 66%, 31 KB/s]
Downloaded: 5314 file(s) [attempted 5314/8010 = 66%, 31 KB/s]
Downloaded: 5329 file(s) [attempted 5329/8010 = 66%, 87 KB/s]
Downloaded: 5347 file(s) [attempted 5347/8010 = 66%, 137 KB/s]
Downloaded: 5360 file(s) [attempted 5360/8010 = 66%, 98 KB/s]
Downloaded: 5374 file(s) [attempted 5374/8010 = 67%, 301 KB/s]
Downloaded: 5392 file(s) [attempted 5392/8010 = 67%, 113 KB/s]
Downloaded: 5407 file(s) [attempted 5407/8010 = 67%, 71 KB/s]
Downloaded: 5424 file(s) [attempted 5424/8010 = 67%, 27 KB/s]
Downloaded: 5438 file(s) [attempted 5438/8010 = 67%, 262 KB/s]
Downloaded: 5452 file(s) [attempted 5452/8010 = 68%, 129 KB/s]
Downloaded: 5469 file(s) [attempted 5469/8010 = 68%, 76 KB/s]
Downloaded: 5483 file(s) [attempted 5483/8010 = 68%, 22 KB/s]
Downloaded: 5499 file(s) [attempted 5499/8010 = 68%, 32 KB/s]
Downloaded: 5515 file(s) [attempted 5515/8010 = 68%, 156 KB/s]
Downloaded: 5530 file(s) [attempted 5530/8010 = 69%, 27 KB/s]
Downloaded: 5546 file(s) [attempted 5546/8010 = 69%, 49 KB/s]
Downloaded: 5563 file(s) [attempted 5563/8010 = 69%, 230 KB/s]
Downloaded: 5577 file(s) [attempted 5577/8010 = 69%, 74 KB/s]
Downloaded: 5591 file(s) [attempted 5591/8010 = 69%, 24 KB/s]
Downloaded: 5606 file(s) [attempted 5606/8010 = 69%, 214 KB/s]
Downloaded: 5624 file(s) [attempted 5624/8010 = 70%, 161 KB/s]
Downloaded: 5639 file(s) [attempted 5639/8010 = 70%, 284 KB/s]
Downloaded: 5655 file(s) [attempted 5655/8010 = 70%, 252 KB/s]
Downloaded: 5672 file(s) [attempted 5672/8010 = 70%, 343 KB/s]
Downloaded: 5686 file(s) [attempted 5686/8010 = 70%, 102 KB/s]
Downloaded: 5705 file(s) [attempted 5705/8010 = 71%, 65 KB/s]
Downloaded: 5721 file(s) [attempted 5721/8010 = 71%, 120 KB/s]
Downloaded: 5738 file(s) [attempted 5738/8010 = 71%, 92 KB/s]
Downloaded: 5754 file(s) [attempted 5754/8010 = 71%, 116 KB/s]
Downloaded: 5773 file(s) [attempted 5773/8010 = 72%, 49 KB/s]
Downloaded: 5787 file(s) [attempted 5787/8010 = 72%, 169 KB/s]
Downloaded: 5805 file(s) [attempted 5805/8010 = 72%, 111 KB/s]
Downloaded: 5818 file(s) [attempted 5818/8010 = 72%, 262 KB/s]
Downloaded: 5832 file(s) [attempted 5832/8010 = 72%, 44 KB/s]
Downloaded: 5853 file(s) [attempted 5853/8010 = 73%, 31 KB/s]
Downloaded: 5870 file(s) [attempted 5870/8010 = 73%, 164 KB/s]
Downloaded: 5887 file(s) [attempted 5887/8010 = 73%, 131 KB/s]
Downloaded: 5901 file(s) [attempted 5901/8010 = 73%, 92 KB/s]
Downloaded: 5917 file(s) [attempted 5917/8010 = 73%, 21 KB/s]
Downloaded: 5934 file(s) [attempted 5934/8010 = 74%, 184 KB/s]
Downloaded: 5955 file(s) [attempted 5955/8010 = 74%, 27 KB/s]
Downloaded: 5969 file(s) [attempted 5969/8010 = 74%, 82 KB/s]
Downloaded: 5983 file(s) [attempted 5983/8010 = 74%, 51 KB/s]
Downloaded: 6002 file(s) [attempted 6002/8010 = 74%, 69 KB/s]
Downloaded: 6019 file(s) [attempted 6019/8010 = 75%, 157 KB/s]
Downloaded: 6035 file(s) [attempted 6035/8010 = 75%, 251 KB/s]
Downloaded: 6052 file(s) [attempted 6052/8010 = 75%, 94 KB/s]
Downloaded: 6070 file(s) [attempted 6070/8010 = 75%, 68 KB/s]
Downloaded: 6085 file(s) [attempted 6085/8010 = 75%, 42 KB/s]
Downloaded: 6099 file(s) [attempted 6099/8010 = 76%, 243 KB/s]
Downloaded: 6115 file(s) [attempted 6115/8010 = 76%, 394 KB/s]
Downloaded: 6132 file(s) [attempted 6132/8010 = 76%, 179 KB/s]
Downloaded: 6148 file(s) [attempted 6148/8010 = 76%, 235 KB/s]
Downloaded: 6167 file(s) [attempted 6167/8010 = 76%, 350 KB/s]
Downloaded: 6186 file(s) [attempted 6186/8010 = 77%, 227 KB/s]
Downloaded: 6203 file(s) [attempted 6203/8010 = 77%, 135 KB/s]
Downloaded: 6214 file(s) [attempted 6214/8010 = 77%, 60 KB/s]
Downloaded: 6233 file(s) [attempted 6233/8010 = 77%, 268 KB/s]
Downloaded: 6250 file(s) [attempted 6250/8010 = 78%, 69 KB/s]
Downloaded: 6266 file(s) [attempted 6266/8010 = 78%, 402 KB/s]
Downloaded: 6285 file(s) [attempted 6285/8010 = 78%, 89 KB/s]
Downloaded: 6302 file(s) [attempted 6302/8010 = 78%, 210 KB/s]
Downloaded: 6318 file(s) [attempted 6318/8010 = 78%, 190 KB/s]
Downloaded: 6336 file(s) [attempted 6336/8010 = 79%, 144 KB/s]
Downloaded: 6351 file(s) [attempted 6351/8010 = 79%, 40 KB/s]
Downloaded: 6370 file(s) [attempted 6370/8010 = 79%, 102 KB/s]
Downloaded: 6383 file(s) [attempted 6383/8010 = 79%, 157 KB/s]
Downloaded: 6401 file(s) [attempted 6401/8010 = 79%, 309 KB/s]
Downloaded: 6444 file(s) [attempted 6444/8010 = 80%, 39 KB/s]
Downloaded: 6448 file(s) [attempted 6448/8010 = 80%, 260 KB/s]
Downloaded: 6462 file(s) [attempted 6462/8010 = 80%, 32 KB/s]
Downloaded: 6476 file(s) [attempted 6476/8010 = 80%, 294 KB/s]
Downloaded: 6491 file(s) [attempted 6491/8010 = 81%, 136 KB/s]
Downloaded: 6502 file(s) [attempted 6502/8010 = 81%, 285 KB/s]
Downloaded: 6521 file(s) [attempted 6521/8010 = 81%, 347 KB/s]
Downloaded: 6535 file(s) [attempted 6535/8010 = 81%, 16 KB/s]
Downloaded: 6555 file(s) [attempted 6555/8010 = 81%, 150 KB/s]
Downloaded: 6566 file(s) [attempted 6566/8010 = 81%, 240 KB/s]
Downloaded: 6583 file(s) [attempted 6583/8010 = 82%, 42 KB/s]
Downloaded: 6600 file(s) [attempted 6600/8010 = 82%, 367 KB/s]
Downloaded: 6616 file(s) [attempted 6616/8010 = 82%, 290 KB/s]
Downloaded: 6630 file(s) [attempted 6630/8010 = 82%, 185 KB/s]
Downloaded: 6649 file(s) [attempted 6649/8010 = 83%, 32 KB/s]
Downloaded: 6663 file(s) [attempted 6663/8010 = 83%, 33 KB/s]
Downloaded: 6682 file(s) [attempted 6682/8010 = 83%, 146 KB/s]
Downloaded: 6699 file(s) [attempted 6699/8010 = 83%, 168 KB/s]
Downloaded: 6715 file(s) [attempted 6715/8010 = 83%, 42 KB/s]
Downloaded: 6732 file(s) [attempted 6732/8010 = 84%, 180 KB/s]
Downloaded: 6747 file(s) [attempted 6747/8010 = 84%, 70 KB/s]
Downloaded: 6761 file(s) [attempted 6761/8010 = 84%, 384 KB/s]
Downloaded: 6778 file(s) [attempted 6778/8010 = 84%, 215 KB/s]
Downloaded: 6792 file(s) [attempted 6792/8010 = 84%, 172 KB/s]
Downloaded: 6808 file(s) [attempted 6808/8010 = 84%, 54 KB/s]
Downloaded: 6830 file(s) [attempted 6830/8010 = 85%, 277 KB/s]
Downloaded: 6846 file(s) [attempted 6846/8010 = 85%, 190 KB/s]
Downloaded: 6863 file(s) [attempted 6863/8010 = 85%, 185 KB/s]
Downloaded: 6879 file(s) [attempted 6879/8010 = 85%, 140 KB/s]
Downloaded: 6898 file(s) [attempted 6898/8010 = 86%, 62 KB/s]
Downloaded: 6912 file(s) [attempted 6912/8010 = 86%, 97 KB/s]
Downloaded: 6931 file(s) [attempted 6931/8010 = 86%, 131 KB/s]
Downloaded: 6945 file(s) [attempted 6945/8010 = 86%, 145 KB/s]
Downloaded: 6964 file(s) [attempted 6964/8010 = 86%, 32 KB/s]
Downloaded: 6981 file(s) [attempted 6981/8010 = 87%, 36 KB/s]
Downloaded: 6997 file(s) [attempted 6997/8010 = 87%, 70 KB/s]
Downloaded: 7016 file(s) [attempted 7016/8010 = 87%, 104 KB/s]
Downloaded: 7030 file(s) [attempted 7030/8010 = 87%, 149 KB/s]
Downloaded: 7048 file(s) [attempted 7048/8010 = 87%, 60 KB/s]
Downloaded: 7063 file(s) [attempted 7063/8010 = 88%, 166 KB/s]
Downloaded: 7077 file(s) [attempted 7077/8010 = 88%, 226 KB/s]
Downloaded: 7095 file(s) [attempted 7095/8010 = 88%, 59 KB/s]
Downloaded: 7108 file(s) [attempted 7108/8010 = 88%, 384 KB/s]
Downloaded: 7125 file(s) [attempted 7125/8010 = 88%, 145 KB/s]
Downloaded: 7141 file(s) [attempted 7141/8010 = 89%, 318 KB/s]
Downloaded: 7158 file(s) [attempted 7158/8010 = 89%, 141 KB/s]
Downloaded: 7174 file(s) [attempted 7174/8010 = 89%, 82 KB/s]
Downloaded: 7193 file(s) [attempted 7193/8010 = 89%, 144 KB/s]
Downloaded: 7211 file(s) [attempted 7211/8010 = 90%, 17 KB/s]
Downloaded: 7226 file(s) [attempted 7226/8010 = 90%, 228 KB/s]
Downloaded: 7240 file(s) [attempted 7240/8010 = 90%, 92 KB/s]
Downloaded: 7259 file(s) [attempted 7259/8010 = 90%, 217 KB/s]
Downloaded: 7278 file(s) [attempted 7278/8010 = 90%, 49 KB/s]
Downloaded: 7292 file(s) [attempted 7292/8010 = 91%, 252 KB/s]
Downloaded: 7313 file(s) [attempted 7313/8010 = 91%, 128 KB/s]
Downloaded: 7328 file(s) [attempted 7328/8010 = 91%, 152 KB/s]
Downloaded: 7346 file(s) [attempted 7346/8010 = 91%, 84 KB/s]
Downloaded: 7363 file(s) [attempted 7363/8010 = 91%, 50 KB/s]
Downloaded: 7380 file(s) [attempted 7380/8010 = 92%, 419 KB/s]
Downloaded: 7398 file(s) [attempted 7398/8010 = 92%, 25 KB/s]
Downloaded: 7417 file(s) [attempted 7417/8010 = 92%, 158 KB/s]
Downloaded: 7436 file(s) [attempted 7436/8010 = 92%, 137 KB/s]
Downloaded: 7453 file(s) [attempted 7453/8010 = 93%, 223 KB/s]
Downloaded: 7467 file(s) [attempted 7467/8010 = 93%, 279 KB/s]
Downloaded: 7483 file(s) [attempted 7483/8010 = 93%, 102 KB/s]
Downloaded: 7500 file(s) [attempted 7500/8010 = 93%, 48 KB/s]
Downloaded: 7516 file(s) [attempted 7516/8010 = 93%, 70 KB/s]
Downloaded: 7533 file(s) [attempted 7533/8010 = 94%, 180 KB/s]
Downloaded: 7552 file(s) [attempted 7552/8010 = 94%, 59 KB/s]
Downloaded: 7568 file(s) [attempted 7568/8010 = 94%, 148 KB/s]
Downloaded: 7585 file(s) [attempted 7585/8010 = 94%, 86 KB/s]
Downloaded: 7601 file(s) [attempted 7601/8010 = 94%, 276 KB/s]
Downloaded: 7618 file(s) [attempted 7618/8010 = 95%, 65 KB/s]
Downloaded: 7627 file(s) [attempted 7627/8010 = 95%, 19 KB/s]
Downloaded: 7651 file(s) [attempted 7651/8010 = 95%, 24 KB/s]
Downloaded: 7667 file(s) [attempted 7667/8010 = 95%, 162 KB/s]
Downloaded: 7684 file(s) [attempted 7684/8010 = 95%, 24 KB/s]
Downloaded: 7701 file(s) [attempted 7701/8010 = 96%, 70 KB/s]
Downloaded: 7719 file(s) [attempted 7719/8010 = 96%, 301 KB/s]
Downloaded: 7735 file(s) [attempted 7735/8010 = 96%, 193 KB/s]
Downloaded: 7750 file(s) [attempted 7750/8010 = 96%, 429 KB/s]
Downloaded: 7767 file(s) [attempted 7767/8010 = 96%, 171 KB/s]
Downloaded: 7783 file(s) [attempted 7783/8010 = 97%, 259 KB/s]
Downloaded: 7797 file(s) [attempted 7797/8010 = 97%, 83 KB/s]
Downloaded: 7814 file(s) [attempted 7814/8010 = 97%, 90 KB/s]
Downloaded: 7830 file(s) [attempted 7830/8010 = 97%, 58 KB/s]
Downloaded: 7852 file(s) [attempted 7852/8010 = 98%, 198 KB/s]
Downloaded: 7868 file(s) [attempted 7868/8010 = 98%, 239 KB/s]
Downloaded: 7887 file(s) [attempted 7887/8010 = 98%, 106 KB/s]
Downloaded: 7901 file(s) [attempted 7901/8010 = 98%, 70 KB/s]
Downloaded: 7920 file(s) [attempted 7920/8010 = 98%, 20 KB/s]
Downloaded: 7937 file(s) [attempted 7937/8010 = 99%, 160 KB/s]
Downloaded: 7955 file(s) [attempted 7955/8010 = 99%, 64 KB/s]
Downloaded: 7970 file(s) [attempted 7970/8010 = 99%, 28 KB/s]
Downloaded: 7991 file(s) [attempted 7991/8010 = 99%, 307 KB/s]
Downloaded: 8007 file(s) [attempted 8007/8010 = 99%, 248 KB/s]
Downloaded: 8010 file(s) [attempted 8010/8010 = 100%, 248 KB/s]
Decompressing 8007 file(s) (3 already decompressed)
Decompressed in 43067 ms
Completed successfully!
