$ c:\Users\jtraverso\.elan\toolchains\leanprover--lean4---v4.28.0\bin\lean.exe -j 1 -s 32768 -D pp.unicode.fun=true -D relaxedAutoImplicit=false -D linter.unusedSimpArgs=false PaperIV/SplitTriangleFactorOddHighHost.lean -o C:\Users\jtraverso\e81p4\piv_v12_full_rebuild_20260929\.lake\runner\lib\lean\PaperIV\SplitTriangleFactorOddHighHost.olean -i C:\Users\jtraverso\e81p4\piv_v12_full_rebuild_20260929\.lake\runner\lib\lean\PaperIV\SplitTriangleFactorOddHighHost.ilean
PaperIV/SplitTriangleFactorOddHighHost.lean:125:0: warning: automatically included section variable(s) unused in theorem `PaperIV.SplitTriangleFactorOddHighHost.OddLabelling.cv_mem`:
  [Fintype V]
consider restructuring your `variable` declarations so that the variables are not in scope or explicitly omit them:
  omit [Fintype V] in theorem ...

Note: This linter can be disabled with `set_option linter.unusedSectionVars false`
PaperIV/SplitTriangleFactorOddHighHost.lean:128:0: warning: automatically included section variable(s) unused in theorem `PaperIV.SplitTriangleFactorOddHighHost.OddLabelling.hv_mem`:
  [Fintype V]
consider restructuring your `variable` declarations so that the variables are not in scope or explicitly omit them:
  omit [Fintype V] in theorem ...

Note: This linter can be disabled with `set_option linter.unusedSectionVars false`
PaperIV/SplitTriangleFactorOddHighHost.lean:149:8: warning: automatically included section variable(s) unused in theorem `PaperIV.SplitTriangleFactorOddHighHost.hubOf_apply`:
  [Fintype V]
  [DecidableEq V]
consider restructuring your `variable` declarations so that the variables are not in scope or explicitly omit them:
  omit [Fintype V] [DecidableEq V] in theorem ...

Note: This linter can be disabled with `set_option linter.unusedSectionVars false`
PaperIV/SplitTriangleFactorOddHighHost.lean:151:0: warning: automatically included section variable(s) unused in theorem `PaperIV.SplitTriangleFactorOddHighHost.baseOf_toFinset`:
  [Fintype V]
consider restructuring your `variable` declarations so that the variables are not in scope or explicitly omit them:
  omit [Fintype V] in theorem ...

Note: This linter can be disabled with `set_option linter.unusedSectionVars false`
PaperIV/SplitTriangleFactorOddHighHost.lean:189:0: warning: automatically included section variable(s) unused in theorem `PaperIV.SplitTriangleFactorOddHighHost.OddLabelling.image_opair_disjoint`:
  [Fintype V]
consider restructuring your `variable` declarations so that the variables are not in scope or explicitly omit them:
  omit [Fintype V] in theorem ...

Note: This linter can be disabled with `set_option linter.unusedSectionVars false`
PaperIV/SplitTriangleFactorOddHighHost.lean:193:0: warning: automatically included section variable(s) unused in theorem `PaperIV.SplitTriangleFactorOddHighHost.OddLabelling.image_opair_inter_card_le_one`:
  [Fintype V]
consider restructuring your `variable` declarations so that the variables are not in scope or explicitly omit them:
  omit [Fintype V] in theorem ...

Note: This linter can be disabled with `set_option linter.unusedSectionVars false`
PaperIV/SplitTriangleFactorOddHighHost.lean:294:0: warning: automatically included section variable(s) unused in theorem `PaperIV.SplitTriangleFactorOddHighHost.exists_oddLabelling`:
  [Fintype V]
consider restructuring your `variable` declarations so that the variables are not in scope or explicitly omit them:
  omit [Fintype V] in theorem ...

Note: This linter can be disabled with `set_option linter.unusedSectionVars false`
