$ c:\Users\jtraverso\.elan\toolchains\leanprover--lean4---v4.28.0\bin\lean.exe -j 1 -s 32768 -D pp.unicode.fun=true -D relaxedAutoImplicit=false -D linter.unusedSimpArgs=false PaperIV/EighthMoment.lean -o C:\Users\jtraverso\e81p4\piv_v12_full_rebuild_20260929\.lake\runner\lib\lean\PaperIV\EighthMoment.olean -i C:\Users\jtraverso\e81p4\piv_v12_full_rebuild_20260929\.lake\runner\lib\lean\PaperIV\EighthMoment.ilean
PaperIV/EighthMoment.lean:68:0: warning: automatically included section variable(s) unused in theorem `PaperIV.EighthMoment.FinProb.expect_const`:
  [DecidableEq Ω]
consider restructuring your `variable` declarations so that the variables are not in scope or explicitly omit them:
  omit [DecidableEq Ω] in theorem ...

Note: This linter can be disabled with `set_option linter.unusedSectionVars false`
PaperIV/EighthMoment.lean:72:0: warning: automatically included section variable(s) unused in theorem `PaperIV.EighthMoment.FinProb.expect_mono`:
  [DecidableEq Ω]
consider restructuring your `variable` declarations so that the variables are not in scope or explicitly omit them:
  omit [DecidableEq Ω] in theorem ...

Note: This linter can be disabled with `set_option linter.unusedSectionVars false`
PaperIV/EighthMoment.lean:76:0: warning: automatically included section variable(s) unused in theorem `PaperIV.EighthMoment.FinProb.abs_expect_le`:
  [DecidableEq Ω]
consider restructuring your `variable` declarations so that the variables are not in scope or explicitly omit them:
  omit [DecidableEq Ω] in theorem ...

Note: This linter can be disabled with `set_option linter.unusedSectionVars false`
PaperIV/EighthMoment.lean:85:0: warning: automatically included section variable(s) unused in theorem `PaperIV.EighthMoment.FinProb.expect_sum`:
  [DecidableEq Ω]
consider restructuring your `variable` declarations so that the variables are not in scope or explicitly omit them:
  omit [DecidableEq Ω] in theorem ...

Note: This linter can be disabled with `set_option linter.unusedSectionVars false`
PaperIV/EighthMoment.lean:91:0: warning: automatically included section variable(s) unused in theorem `PaperIV.EighthMoment.FinProb.prob_nonneg`:
  [DecidableEq Ω]
consider restructuring your `variable` declarations so that the variables are not in scope or explicitly omit them:
  omit [DecidableEq Ω] in theorem ...

Note: This linter can be disabled with `set_option linter.unusedSectionVars false`
PaperIV/EighthMoment.lean:95:0: warning: automatically included section variable(s) unused in theorem `PaperIV.EighthMoment.FinProb.markov`:
  [DecidableEq Ω]
consider restructuring your `variable` declarations so that the variables are not in scope or explicitly omit them:
  omit [DecidableEq Ω] in theorem ...

Note: This linter can be disabled with `set_option linter.unusedSectionVars false`
PaperIV/EighthMoment.lean:149:0: warning: automatically included section variable(s) unused in theorem `PaperIV.EighthMoment.expect_prod_eq_zero`:
  [DecidableEq Ω]
consider restructuring your `variable` declarations so that the variables are not in scope or explicitly omit them:
  omit [DecidableEq Ω] in theorem ...

Note: This linter can be disabled with `set_option linter.unusedSectionVars false`
PaperIV/EighthMoment.lean:258:0: warning: automatically included section variable(s) unused in theorem `PaperIV.EighthMoment.FinProb.prob_mono`:
  [DecidableEq Ω]
consider restructuring your `variable` declarations so that the variables are not in scope or explicitly omit them:
  omit [DecidableEq Ω] in theorem ...

Note: This linter can be disabled with `set_option linter.unusedSectionVars false`
