$ c:\Users\jtraverso\.elan\toolchains\leanprover--lean4---v4.28.0\bin\lean.exe -j 1 -s 32768 -D pp.unicode.fun=true -D relaxedAutoImplicit=false -D linter.unusedSimpArgs=false PaperIV/RC01CanonicalFractional.lean -o C:\Users\jtraverso\e81p4\piv_v12_full_rebuild_20260929\.lake\runner\lib\lean\PaperIV\RC01CanonicalFractional.olean -i C:\Users\jtraverso\e81p4\piv_v12_full_rebuild_20260929\.lake\runner\lib\lean\PaperIV\RC01CanonicalFractional.ilean
PaperIV/RC01CanonicalFractional.lean:37:0: warning: automatically included section variable(s) unused in theorem `PaperIV.RC01CanonicalFractional.canonicalWeight_nonneg`:
  [Fintype V]
  [Fintype Pat]
  [DecidableEq Pat]
consider restructuring your `variable` declarations so that the variables are not in scope or explicitly omit them:
  omit [Fintype V] [Fintype Pat] [DecidableEq Pat] in theorem ...

Note: This linter can be disabled with `set_option linter.unusedSectionVars false`
PaperIV/RC01CanonicalFractional.lean:57:0: warning: automatically included section variable(s) unused in theorem `PaperIV.RC01CanonicalFractional.oneCount_mono`:
  [Fintype V]
  [Fintype Pat]
  [DecidableEq Pat]
consider restructuring your `variable` declarations so that the variables are not in scope or explicitly omit them:
  omit [Fintype V] [Fintype Pat] [DecidableEq Pat] in theorem ...

Note: This linter can be disabled with `set_option linter.unusedSectionVars false`
PaperIV/RC01CanonicalFractional.lean:66:0: warning: automatically included section variable(s) unused in theorem `PaperIV.RC01CanonicalFractional.twoCount_mono`:
  [Fintype V]
  [Fintype Pat]
  [DecidableEq Pat]
consider restructuring your `variable` declarations so that the variables are not in scope or explicitly omit them:
  omit [Fintype V] [Fintype Pat] [DecidableEq Pat] in theorem ...

Note: This linter can be disabled with `set_option linter.unusedSectionVars false`
PaperIV/RC01CanonicalFractional.lean:103:0: warning: automatically included section variable(s) unused in theorem `PaperIV.RC01CanonicalFractional.load_eq`:
  [Fintype Pat]
  [DecidableEq Pat]
consider restructuring your `variable` declarations so that the variables are not in scope or explicitly omit them:
  omit [Fintype Pat] [DecidableEq Pat] in theorem ...

Note: This linter can be disabled with `set_option linter.unusedSectionVars false`
PaperIV/RC01CanonicalFractional.lean:128:0: warning: automatically included section variable(s) unused in theorem `PaperIV.RC01CanonicalFractional.codegree_eq`:
  [Fintype Pat]
  [DecidableEq Pat]
consider restructuring your `variable` declarations so that the variables are not in scope or explicitly omit them:
  omit [Fintype Pat] [DecidableEq Pat] in theorem ...

Note: This linter can be disabled with `set_option linter.unusedSectionVars false`
