$ c:\Users\jtraverso\.elan\toolchains\leanprover--lean4---v4.28.0\bin\lean.exe -j 1 -s 32768 -D pp.unicode.fun=true -D relaxedAutoImplicit=false -D linter.unusedSimpArgs=false PaperIV/CopyCleanup.lean -o C:\Users\jtraverso\e81p4\piv_v12_full_rebuild_20260929\.lake\runner\lib\lean\PaperIV\CopyCleanup.olean -i C:\Users\jtraverso\e81p4\piv_v12_full_rebuild_20260929\.lake\runner\lib\lean\PaperIV\CopyCleanup.ilean
PaperIV/CopyCleanup.lean:49:0: warning: automatically included section variable(s) unused in theorem `PaperIV.CopyCleanup.cleaned_subset`:
  [DecidableEq κ]
  [DecidableEq ι]
consider restructuring your `variable` declarations so that the variables are not in scope or explicitly omit them:
  omit [DecidableEq κ] [DecidableEq ι] in theorem ...

Note: This linter can be disabled with `set_option linter.unusedSectionVars false`
PaperIV/CopyCleanup.lean:52:0: warning: automatically included section variable(s) unused in theorem `PaperIV.CopyCleanup.card_cleaned_add_removed`:
  [DecidableEq κ]
  [DecidableEq ι]
consider restructuring your `variable` declarations so that the variables are not in scope or explicitly omit them:
  omit [DecidableEq κ] [DecidableEq ι] in theorem ...

Note: This linter can be disabled with `set_option linter.unusedSectionVars false`
PaperIV/CopyCleanup.lean:70:0: warning: automatically included section variable(s) unused in theorem `PaperIV.CopyCleanup.card_removed_le`:
  [DecidableEq ι]
consider restructuring your `variable` declarations so that the variables are not in scope or explicitly omit them:
  omit [DecidableEq ι] in theorem ...

Note: This linter can be disabled with `set_option linter.unusedSectionVars false`
PaperIV/CopyCleanup.lean:155:67: warning: unused variable `hθ`

Note: This linter can be disabled with `set_option linter.unusedVariables false`
PaperIV/CopyCleanup.lean:184:0: warning: automatically included section variable(s) unused in theorem `PaperIV.CopyCleanup.cleaned_count_ge`:
  [DecidableEq κ]
  [DecidableEq ι]
consider restructuring your `variable` declarations so that the variables are not in scope or explicitly omit them:
  omit [DecidableEq κ] [DecidableEq ι] in theorem ...

Note: This linter can be disabled with `set_option linter.unusedSectionVars false`
PaperIV/CopyCleanup.lean:193:0: warning: automatically included section variable(s) unused in theorem `PaperIV.CopyCleanup.fiber_cleaned_eq_empty`:
  [DecidableEq κ]
  [DecidableEq ι]
consider restructuring your `variable` declarations so that the variables are not in scope or explicitly omit them:
  omit [DecidableEq κ] [DecidableEq ι] in theorem ...

Note: This linter can be disabled with `set_option linter.unusedSectionVars false`
