$ c:\Users\jtraverso\.elan\toolchains\leanprover--lean4---v4.28.0\bin\lean.exe -j 1 -s 32768 -D pp.unicode.fun=true -D relaxedAutoImplicit=false -D linter.unusedSimpArgs=false PaperIV/RC01CanonicalNormalization.lean -o C:\Users\jtraverso\e81p4\piv_v12_full_rebuild_20260929\.lake\runner\lib\lean\PaperIV\RC01CanonicalNormalization.olean -i C:\Users\jtraverso\e81p4\piv_v12_full_rebuild_20260929\.lake\runner\lib\lean\PaperIV\RC01CanonicalNormalization.ilean
PaperIV/RC01CanonicalNormalization.lean:36:0: warning: automatically included section variable(s) unused in theorem `PaperIV.RC01CanonicalNormalization.normalizedCoefficient_nonneg`:
  [Fintype V]
  [DecidableEq V]
  [Fintype Pat]
  [DecidableEq Pat]
consider restructuring your `variable` declarations so that the variables are not in scope or explicitly omit them:
  omit [Fintype V] [DecidableEq V] [Fintype Pat] [DecidableEq Pat] in theorem ...

Note: This linter can be disabled with `set_option linter.unusedSectionVars false`
PaperIV/RC01CanonicalNormalization.lean:58:8: warning: automatically included section variable(s) unused in theorem `_private.PaperIV.RC01CanonicalNormalization.0.PaperIV.RC01CanonicalNormalization.sum_indicator_eq_of_subset`:
  [Fintype Pat]
consider restructuring your `variable` declarations so that the variables are not in scope or explicitly omit them:
  omit [Fintype Pat] in theorem ...

Note: This linter can be disabled with `set_option linter.unusedSectionVars false`
PaperIV/RC01CanonicalNormalization.lean:72:0: warning: automatically included section variable(s) unused in theorem `PaperIV.RC01CanonicalNormalization.normalized_load_le_one`:
  [Fintype V]
consider restructuring your `variable` declarations so that the variables are not in scope or explicitly omit them:
  omit [Fintype V] in theorem ...

Note: This linter can be disabled with `set_option linter.unusedSectionVars false`
PaperIV/RC01CanonicalNormalization.lean:165:0: warning: automatically included section variable(s) unused in theorem `PaperIV.RC01CanonicalNormalization.referenceCoefficient_nonneg`:
  [Fintype Pat]
  [DecidableEq Pat]
consider restructuring your `variable` declarations so that the variables are not in scope or explicitly omit them:
  omit [Fintype Pat] [DecidableEq Pat] in theorem ...

Note: This linter can be disabled with `set_option linter.unusedSectionVars false`
PaperIV/RC01CanonicalNormalization.lean:170:0: warning: automatically included section variable(s) unused in theorem `PaperIV.RC01CanonicalNormalization.reference_load_le_one`:
  [Fintype V]
consider restructuring your `variable` declarations so that the variables are not in scope or explicitly omit them:
  omit [Fintype V] in theorem ...

Note: This linter can be disabled with `set_option linter.unusedSectionVars false`
PaperIV/RC01CanonicalNormalization.lean:290:0: warning: automatically included section variable(s) unused in theorem `PaperIV.RC01CanonicalNormalization.budgetCoefficient_nonneg`:
  [Fintype Pat]
  [DecidableEq Pat]
consider restructuring your `variable` declarations so that the variables are not in scope or explicitly omit them:
  omit [Fintype Pat] [DecidableEq Pat] in theorem ...

Note: This linter can be disabled with `set_option linter.unusedSectionVars false`
PaperIV/RC01CanonicalNormalization.lean:336:16: warning: this tactic is never executed

Note: This linter can be disabled with `set_option linter.unreachableTactic false`
PaperIV/RC01CanonicalNormalization.lean:336:16: warning: 'ring' tactic does nothing

Note: This linter can be disabled with `set_option linter.unusedTactic false`
PaperIV/RC01CanonicalNormalization.lean:340:0: warning: automatically included section variable(s) unused in theorem `PaperIV.RC01CanonicalNormalization.budget_load_le_one`:
  [Fintype V]
consider restructuring your `variable` declarations so that the variables are not in scope or explicitly omit them:
  omit [Fintype V] in theorem ...

Note: This linter can be disabled with `set_option linter.unusedSectionVars false`
