$ c:\Users\jtraverso\.elan\toolchains\leanprover--lean4---v4.28.0\bin\lean.exe -j 1 -s 32768 -D pp.unicode.fun=true -D relaxedAutoImplicit=false -D linter.unusedSimpArgs=false PaperIV/SpreadRestricted.lean -o C:\Users\jtraverso\e81p4\piv_v12_full_rebuild_20260929\.lake\runner\lib\lean\PaperIV\SpreadRestricted.olean -i C:\Users\jtraverso\e81p4\piv_v12_full_rebuild_20260929\.lake\runner\lib\lean\PaperIV\SpreadRestricted.ilean
PaperIV/SpreadRestricted.lean:65:0: warning: automatically included section variable(s) unused in theorem `PaperIV.SpreadRestricted.spreadWeightNorm_nonneg`:
  [Fintype P]
consider restructuring your `variable` declarations so that the variables are not in scope or explicitly omit them:
  omit [Fintype P] in theorem ...

Note: This linter can be disabled with `set_option linter.unusedSectionVars false`
PaperIV/SpreadRestricted.lean:75:0: warning: automatically included section variable(s) unused in theorem `PaperIV.SpreadRestricted.loadNorm_eq`:
  [Fintype P]
consider restructuring your `variable` declarations so that the variables are not in scope or explicitly omit them:
  omit [Fintype P] in theorem ...

Note: This linter can be disabled with `set_option linter.unusedSectionVars false`
PaperIV/SpreadRestricted.lean:171:0: warning: automatically included section variable(s) unused in theorem `PaperIV.SpreadRestricted.restrictedCopies_subset`:
  [Fintype P]
  [DecidableEq P]
consider restructuring your `variable` declarations so that the variables are not in scope or explicitly omit them:
  omit [Fintype P] [DecidableEq P] in theorem ...

Note: This linter can be disabled with `set_option linter.unusedSectionVars false`
PaperIV/SpreadRestricted.lean:177:0: warning: automatically included section variable(s) unused in theorem `PaperIV.SpreadRestricted.spreadFiber_restricted_eq_empty`:
  [Fintype P]
  [DecidableEq P]
consider restructuring your `variable` declarations so that the variables are not in scope or explicitly omit them:
  omit [Fintype P] [DecidableEq P] in theorem ...

Note: This linter can be disabled with `set_option linter.unusedSectionVars false`
