$ c:\Users\jtraverso\.elan\toolchains\leanprover--lean4---v4.28.0\bin\lean.exe -j 1 -s 32768 -D pp.unicode.fun=true -D relaxedAutoImplicit=false -D linter.unusedSimpArgs=false PaperIV/RD09H1SpokeRealization.lean -o C:\Users\jtraverso\e81p4\piv_v12_full_rebuild_20260929\.lake\runner\lib\lean\PaperIV\RD09H1SpokeRealization.olean -i C:\Users\jtraverso\e81p4\piv_v12_full_rebuild_20260929\.lake\runner\lib\lean\PaperIV\RD09H1SpokeRealization.ilean
PaperIV/RD09H1SpokeRealization.lean:38:8: warning: automatically included section variable(s) unused in theorem `PaperIV.RD09H1SpokeRealization.mem_canonicalBad`:
  [Fintype V]
  [DecidableEq I]
  [Fintype Z]
  [DecidableEq Z]
  [LinearOrder Z]
  [DecidableEq Cand]
consider restructuring your `variable` declarations so that the variables are not in scope or explicitly omit them:
  omit [Fintype V] [DecidableEq I] [Fintype Z] [DecidableEq Z] [LinearOrder Z] [DecidableEq Cand] in theorem ...

Note: This linter can be disabled with `set_option linter.unusedSectionVars false`
PaperIV/RD09H1SpokeRealization.lean:141:0: warning: automatically included section variable(s) unused in theorem `PaperIV.RD09H1SpokeRealization.card_surviving_empty_add_card_failed`:
  [Fintype Cand]
consider restructuring your `variable` declarations so that the variables are not in scope or explicitly omit them:
  omit [Fintype Cand] in theorem ...

Note: This linter can be disabled with `set_option linter.unusedSectionVars false`
PaperIV/RD09H1SpokeRealization.lean:155:0: warning: automatically included section variable(s) unused in theorem `PaperIV.RD09H1SpokeRealization.card_failedEdgePieces`:
  [Fintype V]
consider restructuring your `variable` declarations so that the variables are not in scope or explicitly omit them:
  omit [Fintype V] in theorem ...

Note: This linter can be disabled with `set_option linter.unusedSectionVars false`
PaperIV/RD09H1SpokeRealization.lean:186:0: warning: automatically included section variable(s) unused in theorem `PaperIV.RD09H1SpokeRealization.totalGain_eq_two_mul_card_of_triangles`:
  [Fintype V]
  [DecidableEq V]
consider restructuring your `variable` declarations so that the variables are not in scope or explicitly omit them:
  omit [Fintype V] [DecidableEq V] in theorem ...

Note: This linter can be disabled with `set_option linter.unusedSectionVars false`
