$ c:\Users\jtraverso\.elan\toolchains\leanprover--lean4---v4.28.0\bin\lean.exe -j 1 -s 32768 -D pp.unicode.fun=true -D relaxedAutoImplicit=false -D linter.unusedSimpArgs=false PaperIV/RC01RootedMomentAdapter.lean -o C:\Users\jtraverso\e81p4\piv_v12_full_rebuild_20260929\.lake\runner\lib\lean\PaperIV\RC01RootedMomentAdapter.olean -i C:\Users\jtraverso\e81p4\piv_v12_full_rebuild_20260929\.lake\runner\lib\lean\PaperIV\RC01RootedMomentAdapter.ilean
PaperIV/RC01RootedMomentAdapter.lean:36:0: warning: automatically included section variable(s) unused in theorem `PaperIV.RC01RootedMomentAdapter.classOfPart_eq`:
  [Nonempty α]
consider restructuring your `variable` declarations so that the variables are not in scope or explicitly omit them:
  omit [Nonempty α] in theorem ...

Note: This linter can be disabled with `set_option linter.unusedSectionVars false`
PaperIV/RC01RootedMomentAdapter.lean:312:0: warning: automatically included section variable(s) unused in theorem `PaperIV.RC01RootedMomentAdapter.regularPattern_comp_perm`:
  [Fintype α]
  [Nonempty α]
consider restructuring your `variable` declarations so that the variables are not in scope or explicitly omit them:
  omit [Fintype α] [Nonempty α] in theorem ...

Note: This linter can be disabled with `set_option linter.unusedSectionVars false`
PaperIV/RC01RootedMomentAdapter.lean:335:0: warning: automatically included section variable(s) unused in theorem `PaperIV.RC01RootedMomentAdapter.exists_perm3_rootPair_eq`:
  [Fintype α]
  [Nonempty α]
consider restructuring your `variable` declarations so that the variables are not in scope or explicitly omit them:
  omit [Fintype α] [Nonempty α] in theorem ...

Note: This linter can be disabled with `set_option linter.unusedSectionVars false`
PaperIV/RC01RootedMomentAdapter.lean:354:0: warning: automatically included section variable(s) unused in theorem `PaperIV.RC01RootedMomentAdapter.exists_perm4_rootPair_eq`:
  [Fintype α]
  [Nonempty α]
consider restructuring your `variable` declarations so that the variables are not in scope or explicitly omit them:
  omit [Fintype α] [Nonempty α] in theorem ...

Note: This linter can be disabled with `set_option linter.unusedSectionVars false`
PaperIV/RC01RootedMomentAdapter.lean:530:0: warning: automatically included section variable(s) unused in theorem `PaperIV.RC01RootedMomentAdapter.indexed_rootFiber3_card_le`:
  [Nonempty α]
consider restructuring your `variable` declarations so that the variables are not in scope or explicitly omit them:
  omit [Nonempty α] in theorem ...

Note: This linter can be disabled with `set_option linter.unusedSectionVars false`
PaperIV/RC01RootedMomentAdapter.lean:554:0: warning: automatically included section variable(s) unused in theorem `PaperIV.RC01RootedMomentAdapter.indexed_rootFiber4_card_le`:
  [Nonempty α]
consider restructuring your `variable` declarations so that the variables are not in scope or explicitly omit them:
  omit [Nonempty α] in theorem ...

Note: This linter can be disabled with `set_option linter.unusedSectionVars false`
