$ c:\Users\jtraverso\.elan\toolchains\leanprover--lean4---v4.28.0\bin\lean.exe -j 1 -s 32768 -D pp.unicode.fun=true -D relaxedAutoImplicit=false -D linter.unusedSimpArgs=false PaperIV/FarRounding.lean -o C:\Users\jtraverso\e81p4\piv_v12_full_rebuild_20260929\.lake\runner\lib\lean\PaperIV\FarRounding.olean -i C:\Users\jtraverso\e81p4\piv_v12_full_rebuild_20260929\.lake\runner\lib\lean\PaperIV\FarRounding.ilean
PaperIV/FarRounding.lean:126:0: warning: automatically included section variable(s) unused in theorem `PaperIV.FarRounding.gainOf_of_card_eq_three`:
  [DecidableEq V]
consider restructuring your `variable` declarations so that the variables are not in scope or explicitly omit them:
  omit [DecidableEq V] in theorem ...

Note: This linter can be disabled with `set_option linter.unusedSectionVars false`
PaperIV/FarRounding.lean:129:0: warning: automatically included section variable(s) unused in theorem `PaperIV.FarRounding.gainOf_of_card_eq_four`:
  [DecidableEq V]
consider restructuring your `variable` declarations so that the variables are not in scope or explicitly omit them:
  omit [DecidableEq V] in theorem ...

Note: This linter can be disabled with `set_option linter.unusedSectionVars false`
PaperIV/FarRounding.lean:173:0: warning: automatically included section variable(s) unused in theorem `PaperIV.FarRounding.one_le_choose_two_of_isItem`:
  [Fintype V]
  [DecidableEq V]
consider restructuring your `variable` declarations so that the variables are not in scope or explicitly omit them:
  omit [Fintype V] [DecidableEq V] in theorem ...

Note: This linter can be disabled with `set_option linter.unusedSectionVars false`
PaperIV/FarRounding.lean:288:0: warning: automatically included section variable(s) unused in theorem `PaperIV.FarRounding.Packing.pairwiseDisjoint`:
  [Fintype V]
  [DecidableRel G.Adj]
consider restructuring your `variable` declarations so that the variables are not in scope or explicitly omit them:
  omit [Fintype V] [DecidableRel G.Adj] in theorem ...

Note: This linter can be disabled with `set_option linter.unusedSectionVars false`
PaperIV/FarRounding.lean:515:0: warning: automatically included section variable(s) unused in theorem `PaperIV.FarRounding.gainF_eq_gainOf`:
  [DecidableRel G.Adj]
consider restructuring your `variable` declarations so that the variables are not in scope or explicitly omit them:
  omit [DecidableRel G.Adj] in theorem ...

Note: This linter can be disabled with `set_option linter.unusedSectionVars false`
