$ c:\Users\jtraverso\.elan\toolchains\leanprover--lean4---v4.28.0\bin\lean.exe -j 1 -s 32768 -D pp.unicode.fun=true -D relaxedAutoImplicit=false -D linter.unusedSimpArgs=false PaperIV/EquitableKempe.lean -o C:\Users\jtraverso\e81p4\piv_v12_full_rebuild_20260929\.lake\runner\lib\lean\PaperIV\EquitableKempe.olean -i C:\Users\jtraverso\e81p4\piv_v12_full_rebuild_20260929\.lake\runner\lib\lean\PaperIV\EquitableKempe.ilean
PaperIV/EquitableKempe.lean:24:0: warning: automatically included section variable(s) unused in theorem `PaperIV.EquitableKempe.two_mul_card_colourClass_le_vertices`:
  [Fintype Color]
consider restructuring your `variable` declarations so that the variables are not in scope or explicitly omit them:
  omit [Fintype Color] in theorem ...

Note: This linter can be disabled with `set_option linter.unusedSectionVars false`
PaperIV/EquitableKempe.lean:107:0: warning: automatically included section variable(s) unused in theorem `PaperIV.EquitableKempe.edgeAnchor_mem`:
  [Fintype V]
  [DecidableEq V]
consider restructuring your `variable` declarations so that the variables are not in scope or explicitly omit them:
  omit [Fintype V] [DecidableEq V] in theorem ...

Note: This linter can be disabled with `set_option linter.unusedSectionVars false`
PaperIV/EquitableKempe.lean:119:8: warning: automatically included section variable(s) unused in theorem `PaperIV.EquitableKempe.mem_componentClass`:
  [DecidableEq V]
  [Fintype Color]
consider restructuring your `variable` declarations so that the variables are not in scope or explicitly omit them:
  omit [DecidableEq V] [Fintype Color] in theorem ...

Note: This linter can be disabled with `set_option linter.unusedSectionVars false`
PaperIV/EquitableKempe.lean:131:0: warning: automatically included section variable(s) unused in theorem `PaperIV.EquitableKempe.sum_card_componentClass`:
  [Fintype Color]
consider restructuring your `variable` declarations so that the variables are not in scope or explicitly omit them:
  omit [Fintype Color] in theorem ...

Note: This linter can be disabled with `set_option linter.unusedSectionVars false`
PaperIV/EquitableKempe.lean:169:0: warning: automatically included section variable(s) unused in theorem `PaperIV.EquitableKempe.exists_pair_gap_two_of_not_equitable`:
  [DecidableEq V]
  [Fintype Color]
consider restructuring your `variable` declarations so that the variables are not in scope or explicitly omit them:
  omit [DecidableEq V] [Fintype Color] in theorem ...

Note: This linter can be disabled with `set_option linter.unusedSectionVars false`
PaperIV/EquitableKempe.lean:187:0: warning: automatically included section variable(s) unused in theorem `PaperIV.EquitableKempe.liftComponentEdge_injective`:
  [Fintype V]
  [DecidableEq V]
  [Fintype Color]
  [DecidableEq Color]
  [DecidableRel G.Adj]
consider restructuring your `variable` declarations so that the variables are not in scope or explicitly omit them:
  omit [Fintype V] [DecidableEq V] [Fintype Color] [DecidableEq Color] [DecidableRel G.Adj] in theorem ...

Note: This linter can be disabled with `set_option linter.unusedSectionVars false`
PaperIV/EquitableKempe.lean:194:0: warning: automatically included section variable(s) unused in theorem `PaperIV.EquitableKempe.liftComponentEdge_mem_graphEdges`:
  [DecidableEq V]
  [Fintype Color]
  [DecidableEq Color]
consider restructuring your `variable` declarations so that the variables are not in scope or explicitly omit them:
  omit [DecidableEq V] [Fintype Color] [DecidableEq Color] in theorem ...

Note: This linter can be disabled with `set_option linter.unusedSectionVars false`
PaperIV/EquitableKempe.lean:208:0: warning: automatically included section variable(s) unused in theorem `PaperIV.EquitableKempe.liftComponentEdge_has_selected_colour`:
  [Fintype V]
  [DecidableEq V]
  [Fintype Color]
  [DecidableEq Color]
  [DecidableRel G.Adj]
consider restructuring your `variable` declarations so that the variables are not in scope or explicitly omit them:
  omit [Fintype V] [DecidableEq V] [Fintype Color] [DecidableEq Color] [DecidableRel G.Adj] in theorem ...

Note: This linter can be disabled with `set_option linter.unusedSectionVars false`
PaperIV/EquitableKempe.lean:225:0: warning: automatically included section variable(s) unused in theorem `PaperIV.EquitableKempe.twoColourCode_injective_on_pair`:
  [Fintype Color]
consider restructuring your `variable` declarations so that the variables are not in scope or explicitly omit them:
  omit [Fintype Color] in theorem ...

Note: This linter can be disabled with `set_option linter.unusedSectionVars false`
PaperIV/EquitableKempe.lean:276:0: warning: automatically included section variable(s) unused in theorem `PaperIV.EquitableKempe.endpoint_mem_component_of_anchor`:
  [DecidableEq V]
  [Fintype Color]
  [DecidableEq Color]
consider restructuring your `variable` declarations so that the variables are not in scope or explicitly omit them:
  omit [DecidableEq V] [Fintype Color] [DecidableEq Color] in theorem ...

Note: This linter can be disabled with `set_option linter.unusedSectionVars false`
PaperIV/EquitableKempe.lean:344:0: warning: automatically included section variable(s) unused in theorem `PaperIV.EquitableKempe.anchor_liftComponentEdge_mem_support`:
  [Fintype Color]
  [DecidableEq Color]
  [DecidableRel G.Adj]
consider restructuring your `variable` declarations so that the variables are not in scope or explicitly omit them:
  omit [Fintype Color] [DecidableEq Color] [DecidableRel G.Adj] in theorem ...

Note: This linter can be disabled with `set_option linter.unusedSectionVars false`
PaperIV/EquitableKempe.lean:543:0: warning: automatically included section variable(s) unused in theorem `PaperIV.EquitableKempe.colourClass_swapComponent_left`:
  [Fintype Color]
consider restructuring your `variable` declarations so that the variables are not in scope or explicitly omit them:
  omit [Fintype Color] in theorem ...

Note: This linter can be disabled with `set_option linter.unusedSectionVars false`
PaperIV/EquitableKempe.lean:577:0: warning: automatically included section variable(s) unused in theorem `PaperIV.EquitableKempe.colourClass_swapComponent_right`:
  [Fintype Color]
consider restructuring your `variable` declarations so that the variables are not in scope or explicitly omit them:
  omit [Fintype Color] in theorem ...

Note: This linter can be disabled with `set_option linter.unusedSectionVars false`
PaperIV/EquitableKempe.lean:611:0: warning: automatically included section variable(s) unused in theorem `PaperIV.EquitableKempe.componentClass_subset_colourClass`:
  [DecidableEq V]
  [Fintype Color]
consider restructuring your `variable` declarations so that the variables are not in scope or explicitly omit them:
  omit [DecidableEq V] [Fintype Color] in theorem ...

Note: This linter can be disabled with `set_option linter.unusedSectionVars false`
PaperIV/EquitableKempe.lean:673:0: warning: automatically included section variable(s) unused in theorem `PaperIV.EquitableKempe.colourClass_swapComponent_of_ne`:
  [Fintype Color]
consider restructuring your `variable` declarations so that the variables are not in scope or explicitly omit them:
  omit [Fintype Color] in theorem ...

Note: This linter can be disabled with `set_option linter.unusedSectionVars false`
