start_utc=2026-08-22T23:15:28.8592470Z
cwd=C:\p3build4\P3
command=lake build PaperIII
✔ [8025/8167] Built Nibble.Basic (35s)
✔ [8026/8167] Built Nibble.Convergence (65s)
✔ [8027/8167] Built Nibble.BeckFiala (66s)
✔ [8028/8167] Built Nibble.Tight.Pruning (36s)
⚠ [8029/8167] Built Nibble.LPDuality (76s)
warning: Nibble/LPDuality.lean:29:8: automatically included section variable(s) unused in theorem `_private.Nibble.LPDuality.0.LPDuality.zero_isPacking`:
  [Fintype C]
consider restructuring your `variable` declarations so that the variables are not in scope or explicitly omit them:
  omit [Fintype C] in theorem ...

Note: This linter can be disabled with `set_option linter.unusedSectionVars false`
warning: Nibble/LPDuality.lean:68:8: automatically included section variable(s) unused in theorem `_private.Nibble.LPDuality.0.LPDuality.coverOpt_le_value`:
  [Fintype O]
  [DecidableEq C]
consider restructuring your `variable` declarations so that the variables are not in scope or explicitly omit them:
  omit [Fintype O] [DecidableEq C] in theorem ...

Note: This linter can be disabled with `set_option linter.unusedSectionVars false`
warning: Nibble/LPDuality.lean:105:8: automatically included section variable(s) unused in theorem `_private.Nibble.LPDuality.0.LPDuality.coverMap_apply_row`:
  [DecidableEq C]
consider restructuring your `variable` declarations so that the variables are not in scope or explicitly omit them:
  omit [DecidableEq C] in theorem ...

Note: This linter can be disabled with `set_option linter.unusedSectionVars false`
warning: Nibble/LPDuality.lean:109:8: automatically included section variable(s) unused in theorem `_private.Nibble.LPDuality.0.LPDuality.coverMap_apply_value`:
  [DecidableEq C]
consider restructuring your `variable` declarations so that the variables are not in scope or explicitly omit them:
  omit [DecidableEq C] in theorem ...

Note: This linter can be disabled with `set_option linter.unusedSectionVars false`
warning: Nibble/LPDuality.lean:605:8: automatically included section variable(s) unused in theorem `_private.Nibble.LPDuality.0.LPDuality.coverOpt_eq_zero_of_empty_row`:
  [Fintype O]
  [DecidableEq C]
consider restructuring your `variable` declarations so that the variables are not in scope or explicitly omit them:
  omit [Fintype O] [DecidableEq C] in theorem ...

Note: This linter can be disabled with `set_option linter.unusedSectionVars false`
✔ [8030/8167] Built Nibble.Tight.CubeVariance (81s)
✔ [8031/8167] Built Nibble.Prelude (82s)
✔ [8032/8167] Built Nibble.Conflict (33s)
✔ [8033/8167] Built Nibble.Greedy (34s)
✔ [8034/8167] Built Nibble.Regular (37s)
✔ [8035/8167] Built Nibble.YusterEdgeType (34s)
✔ [8036/8167] Built Nibble.YusterEdge (39s)
✔ [8037/8167] Built Nibble.Subgamma (54s)
✔ [8038/8167] Built Nibble.MarkovVertices (58s)
✔ [8039/8167] Built Nibble.GoodEvent (62s)
✔ [8040/8167] Built Nibble.Tight.Selection (87s)
✔ [8041/8167] Built Nibble.Tight.ConflictCount (80s)
✔ [8042/8167] Built Nibble.Survival (99s)
✔ [8043/8167] Built Nibble.Round (96s)
✔ [8044/8167] Built Nibble.Assembly (108s)
✔ [8045/8167] Built Nibble.Interface (117s)
✔ [8046/8169] Built Nibble.YusterSubDegree (91s)
✔ [8047/8169] Built Nibble.YusterBridgePacking (88s)
✔ [8048/8169] Built Nibble.YusterFracUpper (83s)
✔ [8049/8169] Built Nibble.AX1Reduction (64s)
✔ [8050/8169] Built PaperIII.Defs (312s)
⚠ [8051/8177] Built PaperIII.E_D (312s)
warning: PaperIII/E_D.lean:33:5: unused variable `hirr`

Note: This linter can be disabled with `set_option linter.unusedVariables false`
warning: PaperIII/E_D.lean:108:5: unused variable `hr`

Note: This linter can be disabled with `set_option linter.unusedVariables false`
warning: PaperIII/E_D.lean:109:5: unused variable `hPB`

Note: This linter can be disabled with `set_option linter.unusedVariables false`
warning: PaperIII/E_D.lean:182:8: automatically included section variable(s) unused in theorem `_private.PaperIII.E_D.0.PaperIII.AppendixD.matching_saturates_max_left`:
  [Fintype R]
consider restructuring your `variable` declarations so that the variables are not in scope or explicitly omit them:
  omit [Fintype R] in theorem ...

Note: This linter can be disabled with `set_option linter.unusedSectionVars false`
warning: PaperIII/E_D.lean:183:5: unused variable `hdegU`

Note: This linter can be disabled with `set_option linter.unusedVariables false`
warning: PaperIII/E_D.lean:359:155: try 'simp' instead of 'simpa'

Note: This linter can be disabled with `set_option linter.unnecessarySimpa false`
✔ [8052/8177] Built PaperIII.E_B (312s)
⚠ [8053/8177] Built PaperIII.DiracHamilton (312s)
warning: PaperIII/DiracHamilton.lean:349:5: unused variable `hp`

Note: This linter can be disabled with `set_option linter.unusedVariables false`
✔ [8054/8177] Built PaperIII.DiracMatching (312s)
⚠ [8055/8177] Built PaperIII.E_3_1_LP (313s)
warning: PaperIII/E_3_1_LP.lean:21:49: unused variable `hB`

Note: This linter can be disabled with `set_option linter.unusedVariables false`
warning: PaperIII/E_3_1_LP.lean:34:5: unused variable `hd`

Note: This linter can be disabled with `set_option linter.unusedVariables false`
warning: PaperIII/E_3_1_LP.lean:49:44: unused variable `hE`

Note: This linter can be disabled with `set_option linter.unusedVariables false`
warning: PaperIII/E_3_1_LP.lean:90:23: unused variable `hrd`

Note: This linter can be disabled with `set_option linter.unusedVariables false`
✔ [8056/8177] Built Nibble.RoundConflict (36s)
✔ [8057/8177] Built Nibble.Iteration (35s)
✔ [8058/8177] Built Nibble.BernoulliSpace (54s)
✔ [8059/8177] Built Nibble.DepLocal (41s)
✔ [8060/8185] Built Nibble.Covered (56s)
✔ [8061/8189] Built Nibble.Bennett (86s)
✔ [8062/8189] Built Nibble.InvariantDegree (42s)
✔ [8063/8199] Built Nibble.RegularMost (68s)
✔ [8064/8199] Built Nibble.YusterSubDegreeChar (68s)
✔ [8065/8199] Built Nibble.StrongDualityInst (69s)
✔ [8066/8201] Built Nibble.Assemble (43s)
✔ [8067/8201] Built Nibble.Measurable (59s)
⚠ [8068/8201] Built PaperIII.Duality (101s)
warning: PaperIII/Duality.lean:119:5: unused variable `e`

Note: This linter can be disabled with `set_option linter.unusedVariables false`
warning: PaperIII/Duality.lean:150:0: automatically included section variable(s) unused in theorem `PaperIII.le_nu3_of_packing`:
  [DecidableRel H.Adj]
consider restructuring your `variable` declarations so that the variables are not in scope or explicitly omit them:
  omit [DecidableRel H.Adj] in theorem ...

Note: This linter can be disabled with `set_option linter.unusedSectionVars false`
✔ [8069/8201] Built Nibble.Tight.CubeRetention (83s)
✔ [8070/8201] Built PaperIII.Identities (115s)
✔ [8071/8201] Built Nibble.PadCount (66s)
✔ [8072/8201] Built Nibble.YusterNibbleApply (60s)
✔ [8073/8203] Built Nibble.Pruning (66s)
✔ [8074/8203] Built Nibble.FlowFeasibility (69s)
✔ [8075/8203] Built PaperIII.E_8_Divisible (136s)
✔ [8076/8203] Built PaperIII.SplitEdges (161s)
ℹ [8077/8203] Built PaperIII.Factorization (163s)
info: PaperIII/Factorization.lean:56:51: Try this:
  [apply] ring_nf
  
  The `ring` tactic failed to close the goal. Use `ring_nf` to obtain a normal form.
    
  Note that `ring` works primarily in *commutative* rings. If you have a noncommutative ring, abelian group or module, consider using `noncomm_ring`, `abel` or `module` instead.
✔ [8078/8203] Built Nibble.YusterSubRegular (83s)
⚠ [8079/8203] Built Nibble.DrossCutArith (109s)
warning: Nibble/DrossCutArith.lean:152:33: unused variable `hn`

Note: This linter can be disabled with `set_option linter.unusedVariables false`
✔ [8080/8203] Built Nibble.IterationSeq (49s)
⚠ [8081/8203] Built Nibble.YusterNu3 (64s)
warning: Nibble/YusterNu3.lean:28:0: automatically included section variable(s) unused in theorem `Nibble.YusterE.isMatching_empty`:
  [Fintype V]
  [DecidableEq V]
consider restructuring your `variable` declarations so that the variables are not in scope or explicitly omit them:
  omit [Fintype V] [DecidableEq V] in theorem ...

Note: This linter can be disabled with `set_option linter.unusedSectionVars false`
✔ [8082/8203] Built Nibble.StarCounterexample (89s)
⚠ [8083/8203] Built Nibble.Discharge (66s)
warning: Nibble/Discharge.lean:124:35: unused variable `hβ`

Note: This linter can be disabled with `set_option linter.unusedVariables false`
⚠ [8084/8203] Built Nibble.YusterBridgeFrac (62s)
warning: Nibble/YusterBridgeFrac.lean:60:0: automatically included section variable(s) unused in theorem `Nibble.YusterE.triangle_powersetCard_two_sup`:
  [Fintype V]
  [DecidableRel G.Adj]
consider restructuring your `variable` declarations so that the variables are not in scope or explicitly omit them:
  omit [Fintype V] [DecidableRel G.Adj] in theorem ...

Note: This linter can be disabled with `set_option linter.unusedSectionVars false`
warning: Nibble/YusterBridgeFrac.lean:86:0: automatically included section variable(s) unused in theorem `Nibble.YusterE.mem_powersetCard_two_iff_subset`:
  [Fintype V]
  [DecidableEq V]
consider restructuring your `variable` declarations so that the variables are not in scope or explicitly omit them:
  omit [Fintype V] [DecidableEq V] in theorem ...

Note: This linter can be disabled with `set_option linter.unusedSectionVars false`
⚠ [8085/8203] Built Nibble.ResidualDegree (73s)
warning: Nibble/ResidualDegree.lean:93:57: unused variable `hp1`

Note: This linter can be disabled with `set_option linter.unusedVariables false`
✔ [8086/8203] Built Nibble.CoveredExpectation (65s)
✔ [8087/8204] Built Nibble.PadHypergraph (51s)
✔ [8088/8204] Built Nibble.YusterSubBridge (50s)
⚠ [8089/8205] Built Nibble.Chebyshev (81s)
warning: Nibble/Chebyshev.lean:51:0: automatically included section variable(s) unused in theorem `Nibble.measurableSet_survival`:
  [IsProbabilityMeasure ℙ]
consider restructuring your `variable` declarations so that the variables are not in scope or explicitly omit them:
  omit [IsProbabilityMeasure ℙ] in theorem ...

Note: This linter can be disabled with `set_option linter.unusedSectionVars false`
warning: Nibble/Chebyshev.lean:106:0: automatically included section variable(s) unused in theorem `Nibble.survivalEvent_eq_dep`:
  [IsProbabilityMeasure ℙ]
consider restructuring your `variable` declarations so that the variables are not in scope or explicitly omit them:
  omit [IsProbabilityMeasure ℙ] in theorem ...

Note: This linter can be disabled with `set_option linter.unusedSectionVars false`
warning: Nibble/Chebyshev.lean:139:0: automatically included section variable(s) unused in theorem `Nibble.measurableSet_A_depSigma`:
  [IsProbabilityMeasure ℙ]
consider restructuring your `variable` declarations so that the variables are not in scope or explicitly omit them:
  omit [IsProbabilityMeasure ℙ] in theorem ...

Note: This linter can be disabled with `set_option linter.unusedSectionVars false`
warning: Nibble/Chebyshev.lean:198:0: automatically included section variable(s) unused in theorem `Nibble.survivalIndicator_nonneg`:
  [IsProbabilityMeasure ℙ]
consider restructuring your `variable` declarations so that the variables are not in scope or explicitly omit them:
  omit [IsProbabilityMeasure ℙ] in theorem ...

Note: This linter can be disabled with `set_option linter.unusedSectionVars false`
warning: Nibble/Chebyshev.lean:323:8: automatically included section variable(s) unused in theorem `_private.Nibble.Chebyshev.0.Nibble.measure_edge_hit_toReal_le`:
  [IsProbabilityMeasure ℙ]
consider restructuring your `variable` declarations so that the variables are not in scope or explicitly omit them:
  omit [IsProbabilityMeasure ℙ] in theorem ...

Note: This linter can be disabled with `set_option linter.unusedSectionVars false`
warning: Nibble/Chebyshev.lean:350:57: unused variable `hp1`

Note: This linter can be disabled with `set_option linter.unusedVariables false`
warning: Nibble/Chebyshev.lean:849:57: unused variable `hp1`

Note: This linter can be disabled with `set_option linter.unusedVariables false`
✔ [8090/8205] Built PaperIII.Contrib.MatchingMathlib (120s)
✔ [8091/8205] Built PaperIII.Contrib.DiracMathlib (126s)
✔ [8092/8205] Built Nibble.DenseNearRegular (51s)
✔ [8093/8207] Built PaperIII.AXDefs (106s)
✔ [8094/8207] Built Nibble.DischargeSeq (58s)
✔ [8095/8207] Built Nibble.BoxPlacementCount (50s)
✔ [8096/8207] Built PaperIII.Counting (117s)
⚠ [8097/8207] Built PaperIII.E_4_2_algebra (115s)
warning: PaperIII/E_4_2_algebra.lean:59:49: unused variable `hQ2`

Note: This linter can be disabled with `set_option linter.unusedVariables false`
warning: PaperIII/E_4_2_algebra.lean:60:5: unused variable `hD0`

Note: This linter can be disabled with `set_option linter.unusedVariables false`
warning: PaperIII/E_4_2_algebra.lean:72:49: unused variable `hQ2`

Note: This linter can be disabled with `set_option linter.unusedVariables false`
warning: PaperIII/E_4_2_algebra.lean:73:5: unused variable `hD0`

Note: This linter can be disabled with `set_option linter.unusedVariables false`
warning: PaperIII/E_4_2_algebra.lean:73:19: unused variable `hDP`

Note: This linter can be disabled with `set_option linter.unusedVariables false`
warning: PaperIII/E_4_2_algebra.lean:85:49: unused variable `hQ2`

Note: This linter can be disabled with `set_option linter.unusedVariables false`
warning: PaperIII/E_4_2_algebra.lean:86:5: unused variable `hD0`

Note: This linter can be disabled with `set_option linter.unusedVariables false`
✔ [8098/8207] Built Ax2.Basic (106s)
✔ [8099/8207] Built Nibble.YusterGap (57s)
✔ [8100/8207] Built PaperIII.CorridorDefs (113s)
✔ [8101/8207] Built Nibble.OneRoundGood (73s)
✔ [8102/8207] Built Nibble.Tight.CoverProb (79s)
✔ [8103/8207] Built Nibble.VarianceBound (77s)
⚠ [8104/8207] Built Nibble.CellBoxAllocation (42s)
warning: Nibble/CellBoxAllocation.lean:46:5: unused variable `hI`

Note: This linter can be disabled with `set_option linter.unusedVariables false`
warning: Nibble/CellBoxAllocation.lean:46:23: unused variable `hI'`

Note: This linter can be disabled with `set_option linter.unusedVariables false`
warning: Nibble/CellBoxAllocation.lean:46:43: unused variable `hJ`

Note: This linter can be disabled with `set_option linter.unusedVariables false`
warning: Nibble/CellBoxAllocation.lean:46:61: unused variable `hJ'`

Note: This linter can be disabled with `set_option linter.unusedVariables false`
info: Nibble/CellBoxAllocation.lean:92:0: 'Nibble.AX1.boxCompat_iff_disjoint_product' depends on axioms: [propext, Classical.choice, Quot.sound]
info: Nibble/CellBoxAllocation.lean:93:0: 'Nibble.AX1.box_allocation_infeasible' depends on axioms: [propext, Classical.choice, Quot.sound]
✔ [8105/8207] Built Nibble.Tight.DenseRegDischarge (64s)
✔ [8106/8207] Built Nibble.BoxPlacementEdge (47s)
✔ [8107/8207] Built Nibble.RoundInvariant (78s)
✔ [8108/8207] Built Nibble.AdaptiveRounds (57s)
✔ [8109/8207] Built Nibble.YusterAX1 (53s)
✔ [8110/8207] Built PaperIII.CanonicalTrianglePacking (106s)
✔ [8111/8210] Built PaperIII.AX1Bridge (104s)
⚠ [8112/8210] Built PaperIII.E_3_1_upper (106s)
warning: PaperIII/E_3_1_upper.lean:37:23: try 'simp' instead of 'simpa'

Note: This linter can be disabled with `set_option linter.unnecessarySimpa false`
✔ [8113/8210] Built Nibble.Tight.SafeDegree (74s)
✔ [8114/8210] Built Nibble.BoxAllocationSpec (51s)
✔ [8115/8210] Built PaperIII.AX2Bridge (119s)
✔ [8116/8219] Built Nibble.Tight.TwoEdgeMatch (83s)
⚠ [8117/8219] Built Nibble.RegularityBadBound (103s)
warning: Nibble/RegularityBadBound.lean:26:0: automatically included section variable(s) unused in theorem `Nibble.residualDeg_variance_le_sq`:
  [Fintype V]
consider restructuring your `variable` declarations so that the variables are not in scope or explicitly omit them:
  omit [Fintype V] in theorem ...

Note: This linter can be disabled with `set_option linter.unusedSectionVars false`
⚠ [8118/8221] Built PaperIII.E_8_Core (197s)
warning: PaperIII/E_8_Core.lean:733:13: try 'simp' instead of 'simpa'

Note: This linter can be disabled with `set_option linter.unnecessarySimpa false`
⚠ [8119/8221] Built Nibble.RegularityBad (117s)
warning: Nibble/RegularityBad.lean:32:0: automatically included section variable(s) unused in theorem `Nibble.measurableSet_residual_mem`:
  [Fintype V]
  [IsProbabilityMeasure ℙ]
consider restructuring your `variable` declarations so that the variables are not in scope or explicitly omit them:
  omit [Fintype V] [IsProbabilityMeasure ℙ] in theorem ...

Note: This linter can be disabled with `set_option linter.unusedSectionVars false`
✔ [8120/8221] Built Nibble.YusterMost (163s)
⚠ [8121/8221] Built Nibble.BeckFialaPairs (175s)
warning: Nibble/BeckFialaPairs.lean:30:0: automatically included section variable(s) unused in theorem `Nibble.BeckFiala.mem_pairClosure`:
  [DecidableEq V]
consider restructuring your `variable` declarations so that the variables are not in scope or explicitly omit them:
  omit [DecidableEq V] in theorem ...

Note: This linter can be disabled with `set_option linter.unusedSectionVars false`
✔ [8122/8221] Built Nibble.Tight.CoverWeight (196s)
⚠ [8123/8229] Built PaperIII.E_7 (293s)
warning: PaperIII/E_7.lean:322:4: Try this: intro a ha x hx H
warning: PaperIII/E_7.lean:409:5: unused variable `h72`

Note: This linter can be disabled with `set_option linter.unusedVariables false`
warning: PaperIII/E_7.lean:906:5: unused variable `hbrho`

Note: This linter can be disabled with `set_option linter.unusedVariables false`
info: PaperIII/E_7.lean:1759:102: Try this:
  [apply] ring_nf
  
  The `ring` tactic failed to close the goal. Use `ring_nf` to obtain a normal form.
    
  Note that `ring` works primarily in *commutative* rings. If you have a noncommutative ring, abelian group or module, consider using `noncomm_ring`, `abel` or `module` instead.
info: PaperIII/E_7.lean:1766:70: Try this:
  [apply] ring_nf
  
  The `ring` tactic failed to close the goal. Use `ring_nf` to obtain a normal form.
    
  Note that `ring` works primarily in *commutative* rings. If you have a noncommutative ring, abelian group or module, consider using `noncomm_ring`, `abel` or `module` instead.
info: PaperIII/E_7.lean:1771:114: Try this:
  [apply] ring_nf
  
  The `ring` tactic failed to close the goal. Use `ring_nf` to obtain a normal form.
    
  Note that `ring` works primarily in *commutative* rings. If you have a noncommutative ring, abelian group or module, consider using `noncomm_ring`, `abel` or `module` instead.
✔ [8124/8229] Built PaperIII.CliquePartition (329s)
⚠ [8125/8233] Built Nibble.BlockSplit (149s)
warning: Nibble/BlockSplit.lean:29:0: automatically included section variable(s) unused in theorem `Nibble.AX1.enumIdx_lt`:
  [DecidableEq V]
consider restructuring your `variable` declarations so that the variables are not in scope or explicitly omit them:
  omit [DecidableEq V] in theorem ...

Note: This linter can be disabled with `set_option linter.unusedSectionVars false`
warning: Nibble/BlockSplit.lean:31:0: automatically included section variable(s) unused in theorem `Nibble.AX1.enumIdx_injective`:
  [DecidableEq V]
consider restructuring your `variable` declarations so that the variables are not in scope or explicitly omit them:
  omit [DecidableEq V] in theorem ...

Note: This linter can be disabled with `set_option linter.unusedSectionVars false`
✔ [8126/8233] Built Nibble.CoreGapUniformCodegree (143s)
⚠ [8127/8233] Built Nibble.GoodRound (141s)
warning: Nibble/GoodRound.lean:63:0: automatically included section variable(s) unused in theorem `Nibble.exists_good_round_freedman_uncond`:
  [Fintype V]
consider restructuring your `variable` declarations so that the variables are not in scope or explicitly omit them:
  omit [Fintype V] in theorem ...

Note: This linter can be disabled with `set_option linter.unusedSectionVars false`
✔ [8128/8237] Built PaperIII.E_6 (310s)
✔ [8129/8237] Built Nibble.RoundOracleKernel (255s)
✔ [8130/8242] Built Nibble.NibbleGapReduction (63s)
✔ [8131/8244] Built Nibble.PaperImprovements (55s)
⚠ [8132/8244] Built Nibble.RegularityBadFreedman (99s)
warning: Nibble/RegularityBadFreedman.lean:30:0: automatically included section variable(s) unused in theorem `Nibble.degree_residual_le_original`:
  [Fintype V]
consider restructuring your `variable` declarations so that the variables are not in scope or explicitly omit them:
  omit [Fintype V] in theorem ...

Note: This linter can be disabled with `set_option linter.unusedSectionVars false`
warning: Nibble/RegularityBadFreedman.lean:50:0: automatically included section variable(s) unused in theorem `Nibble.active_residualDeg_proxy_pos`:
  [Fintype V]
consider restructuring your `variable` declarations so that the variables are not in scope or explicitly omit them:
  omit [Fintype V] in theorem ...

Note: This linter can be disabled with `set_option linter.unusedSectionVars false`
✔ [8133/8267] Built Nibble.CoreGapSubblock (63s)
✔ [8134/8270] Built PaperIII.E_3_1_values (273s)
✔ [8135/8270] Built Nibble.Tight.CoverWeightMoments (75s)
✔ [8136/8270] Built Nibble.CoreGapPackingEdges (55s)
✔ [8137/8270] Built Nibble.GridScale (88s)
✔ [8138/8270] Built Nibble.GoodRetentionFinset (83s)
✔ [8139/8288] Built Nibble.GridShiftUnique (78s)
✔ [8140/8303] Built Nibble.GridLineDesign (51s)
✔ [8141/8306] Built Nibble.AdaptiveAssembly (75s)
✔ [8142/8309] Built BKLO.Basic (43s)
✔ [8143/8309] Built PaperIII.ShiftedCenterRobust (131s)
✔ [8144/8310] Built Nibble.GoodRoundFreedman (81s)
⚠ [8145/8310] Built Nibble.CoreGapClusterCapacity (54s)
warning: Nibble/CoreGapClusterCapacity.lean:36:0: automatically included section variable(s) unused in theorem `Nibble.AX1.card_crossEdges_le`:
  [Fintype V]
consider restructuring your `variable` declarations so that the variables are not in scope or explicitly omit them:
  omit [Fintype V] in theorem ...

Note: This linter can be disabled with `set_option linter.unusedSectionVars false`
✔ [8146/8320] Built Nibble.Tight.LossVariance (80s)
✔ [8147/8320] Built Nibble.GridTripleDesign (51s)
✔ [8148/8320] Built BKLO.Sampling (58s)
✔ [8149/8327] Built Nibble.GoodRetentionClean (66s)
✔ [8150/8329] Built Nibble.Tight.PairWeightMean (72s)
✔ [8151/8329] Built BKLO.Transformer (55s)
✔ [8152/8329] Built BKLO.CodegreeCounting (69s)
⚠ [8153/8329] Built PaperIII.E_5 (482s)
warning: PaperIII/E_5.lean:74:4: Try this: intro a ha x hx H
info: PaperIII/E_5.lean:153:66: Try this:
  [apply] ring_nf
  
  The `ring` tactic failed to close the goal. Use `ring_nf` to obtain a normal form.
    
  Note that `ring` works primarily in *commutative* rings. If you have a noncommutative ring, abelian group or module, consider using `noncomm_ring`, `abel` or `module` instead.
info: PaperIII/E_5.lean:154:78: Try this:
  [apply] ring_nf
  
  The `ring` tactic failed to close the goal. Use `ring_nf` to obtain a normal form.
    
  Note that `ring` works primarily in *commutative* rings. If you have a noncommutative ring, abelian group or module, consider using `noncomm_ring`, `abel` or `module` instead.
warning: PaperIII/E_5.lean:167:5: unused variable `hq`

Note: This linter can be disabled with `set_option linter.unusedVariables false`
warning: PaperIII/E_5.lean:193:19: unused variable `hq`

Note: This linter can be disabled with `set_option linter.unusedVariables false`
info: PaperIII/E_5.lean:283:215: Try this:
  [apply] ring_nf
  
  The `ring` tactic failed to close the goal. Use `ring_nf` to obtain a normal form.
    
  Note that `ring` works primarily in *commutative* rings. If you have a noncommutative ring, abelian group or module, consider using `noncomm_ring`, `abel` or `module` instead.
info: PaperIII/E_5.lean:284:168: Try this:
  [apply] ring_nf
  
  The `ring` tactic failed to close the goal. Use `ring_nf` to obtain a normal form.
    
  Note that `ring` works primarily in *commutative* rings. If you have a noncommutative ring, abelian group or module, consider using `noncomm_ring`, `abel` or `module` instead.
info: PaperIII/E_5.lean:291:153: Try this:
  [apply] ring_nf
  
  The `ring` tactic failed to close the goal. Use `ring_nf` to obtain a normal form.
    
  Note that `ring` works primarily in *commutative* rings. If you have a noncommutative ring, abelian group or module, consider using `noncomm_ring`, `abel` or `module` instead.
warning: PaperIII/E_5.lean:485:6: Try this: intro a ha x hx H
info: PaperIII/E_5.lean:528:171: Try this:
  [apply] ring_nf
  
  The `ring` tactic failed to close the goal. Use `ring_nf` to obtain a normal form.
    
  Note that `ring` works primarily in *commutative* rings. If you have a noncommutative ring, abelian group or module, consider using `noncomm_ring`, `abel` or `module` instead.
info: PaperIII/E_5.lean:529:157: Try this:
  [apply] ring_nf
  
  The `ring` tactic failed to close the goal. Use `ring_nf` to obtain a normal form.
    
  Note that `ring` works primarily in *commutative* rings. If you have a noncommutative ring, abelian group or module, consider using `noncomm_ring`, `abel` or `module` instead.
info: PaperIII/E_5.lean:575:99: Try this:
  [apply] ring_nf
  
  The `ring` tactic failed to close the goal. Use `ring_nf` to obtain a normal form.
    
  Note that `ring` works primarily in *commutative* rings. If you have a noncommutative ring, abelian group or module, consider using `noncomm_ring`, `abel` or `module` instead.
✔ [8154/8329] Built BKLO.Inputs (56s)
✔ [8155/8329] Built Nibble.GoodRetentionFreedman (79s)
ℹ [8156/8332] Built Nibble.CoreGapBlowUp (67s)
info: Nibble/CoreGapBlowUp.lean:700:0: 'Nibble.AX1.nu3star_blowUp' depends on axioms: [propext, Classical.choice, Quot.sound]
✔ [8157/8332] Built BKLO.DistributiveAbsorptionSkeleton (54s)
✔ [8158/8332] Built Nibble.Tight.PairExcessCodegree (86s)
✔ [8159/8332] Built Nibble.Tight.FlipStability (96s)
✔ [8160/8332] Built BKLO.PartitionSampling (87s)
✔ [8161/8334] Built Nibble.Tight.SafeDegreeVariance (102s)
✔ [8162/8334] Built Nibble.NibbleStrategy (106s)
✔ [8163/8378] Built BKLO.Expansion (86s)
✔ [8164/8384] Built BKLO.RhoReconcile625 (101s)
✔ [8165/8385] Built BKLO.Absorber (72s)
✔ [8166/8385] Built BKLO.DiracMatching (67s)
✔ [8167/8385] Built Nibble.Tight.TightRound (130s)
⚠ [8168/8385] Built BKLO.FiniteBernoulli (65s)
warning: BKLO/FiniteBernoulli.lean:197:34: unused variable `hp0`

Note: This linter can be disabled with `set_option linter.unusedVariables false`
✔ [8169/8385] Built Nibble.NibbleStrategyFreedman (99s)
✔ [8170/8387] Built Nibble.Tight.SharpVariance (100s)
✔ [8171/8387] Built Nibble.DegreeDecay (85s)
✔ [8172/8387] Built BKLO.Refutations (54s)
✔ [8173/8387] Built BKLO.NearOptimal (54s)
✔ [8174/8387] Built BKLO.Core (63s)
⚠ [8175/8391] Built PaperIII.E_4_agg (328s)
info: PaperIII/E_4_agg.lean:186:47: Try this:
  [apply] ring_nf!
  
  The `ring!` tactic failed to close the goal. Use `ring_nf!` to obtain a normal form.
    
  Note that `ring!` works primarily in *commutative* rings. If you have a noncommutative ring, abelian group or module, consider using `noncomm_ring`, `abel` or `module` instead.
info: PaperIII/E_4_agg.lean:202:404: Try this:
  [apply] ring_nf
  
  The `ring` tactic failed to close the goal. Use `ring_nf` to obtain a normal form.
    
  Note that `ring` works primarily in *commutative* rings. If you have a noncommutative ring, abelian group or module, consider using `noncomm_ring`, `abel` or `module` instead.
info: PaperIII/E_4_agg.lean:267:48: Try this:
  [apply] ring_nf!
  
  The `ring!` tactic failed to close the goal. Use `ring_nf!` to obtain a normal form.
    
  Note that `ring!` works primarily in *commutative* rings. If you have a noncommutative ring, abelian group or module, consider using `noncomm_ring`, `abel` or `module` instead.
warning: PaperIII/E_4_agg.lean:222:46: unused variable `hd`

Note: This linter can be disabled with `set_option linter.unusedVariables false`
warning: PaperIII/E_4_agg.lean:347:24: unused variable `e`

Note: This linter can be disabled with `set_option linter.unusedVariables false`
warning: PaperIII/E_4_agg.lean:350:24: unused variable `a`

Note: This linter can be disabled with `set_option linter.unusedVariables false`
warning: PaperIII/E_4_agg.lean:353:24: unused variable `e`

Note: This linter can be disabled with `set_option linter.unusedVariables false`
warning: PaperIII/E_4_agg.lean:356:24: unused variable `e`

Note: This linter can be disabled with `set_option linter.unusedVariables false`
✔ [8176/8391] Built Ax2.Explore.RouteB (127s)
ℹ [8177/8404] Built PaperIII.Prop_10_1 (192s)
info: PaperIII/Prop_10_1.lean:78:50: Try this:
  [apply] ring_nf
  
  The `ring` tactic failed to close the goal. Use `ring_nf` to obtain a normal form.
    
  Note that `ring` works primarily in *commutative* rings. If you have a noncommutative ring, abelian group or module, consider using `noncomm_ring`, `abel` or `module` instead.
info: PaperIII/Prop_10_1.lean:88:157: Try this:
  [apply] ring_nf
  
  The `ring` tactic failed to close the goal. Use `ring_nf` to obtain a normal form.
    
  Note that `ring` works primarily in *commutative* rings. If you have a noncommutative ring, abelian group or module, consider using `noncomm_ring`, `abel` or `module` instead.
info: PaperIII/Prop_10_1.lean:89:164: Try this:
  [apply] ring_nf
  
  The `ring` tactic failed to close the goal. Use `ring_nf` to obtain a normal form.
    
  Note that `ring` works primarily in *commutative* rings. If you have a noncommutative ring, abelian group or module, consider using `noncomm_ring`, `abel` or `module` instead.
info: PaperIII/Prop_10_1.lean:138:131: Try this:
  [apply] ring_nf
  
  The `ring` tactic failed to close the goal. Use `ring_nf` to obtain a normal form.
    
  Note that `ring` works primarily in *commutative* rings. If you have a noncommutative ring, abelian group or module, consider using `noncomm_ring`, `abel` or `module` instead.
info: PaperIII/Prop_10_1.lean:370:167: Try this:
  [apply] ring_nf
  
  The `ring` tactic failed to close the goal. Use `ring_nf` to obtain a normal form.
    
  Note that `ring` works primarily in *commutative* rings. If you have a noncommutative ring, abelian group or module, consider using `noncomm_ring`, `abel` or `module` instead.
⚠ [8179/8455] Built Ax2.Explore.NodupChain (132s)
warning: Ax2/Explore/NodupChain.lean:78:39: unused variable `hst`

Note: This linter can be disabled with `set_option linter.unusedVariables false`
⚠ [8180/8455] Built Ax2.Explore.PathBalance (136s)
warning: Ax2/Explore/PathBalance.lean:10:8: automatically included section variable(s) unused in theorem `_private.Ax2.Explore.PathBalance.0.Ax2.PathBalance.mem_pairs_iff'`:
  [Fintype N]
consider restructuring your `variable` declarations so that the variables are not in scope or explicitly omit them:
  omit [Fintype N] in theorem ...

Note: This linter can be disabled with `set_option linter.unusedSectionVars false`
warning: Ax2/Explore/PathBalance.lean:25:0: automatically included section variable(s) unused in theorem `Ax2.PathBalance.mem_pairs_iff`:
  [Fintype N]
consider restructuring your `variable` declarations so that the variables are not in scope or explicitly omit them:
  omit [Fintype N] in theorem ...

Note: This linter can be disabled with `set_option linter.unusedSectionVars false`
warning: Ax2/Explore/PathBalance.lean:148:8: automatically included section variable(s) unused in theorem `_private.Ax2.Explore.PathBalance.0.Ax2.PathBalance.pout_iff`:
  [Fintype N]
  [DecidableEq N]
consider restructuring your `variable` declarations so that the variables are not in scope or explicitly omit them:
  omit [Fintype N] [DecidableEq N] in theorem ...

Note: This linter can be disabled with `set_option linter.unusedSectionVars false`
warning: Ax2/Explore/PathBalance.lean:177:8: automatically included section variable(s) unused in theorem `_private.Ax2.Explore.PathBalance.0.Ax2.PathBalance.pin_iff`:
  [Fintype N]
  [DecidableEq N]
consider restructuring your `variable` declarations so that the variables are not in scope or explicitly omit them:
  omit [Fintype N] [DecidableEq N] in theorem ...

Note: This linter can be disabled with `set_option linter.unusedSectionVars false`
✔ [8181/8455] Built BKLO.Lists (50s)
✔ [8182/8455] Built Nibble.Tight.TightRoundConcrete (92s)
✔ [8183/8455] Built Nibble.Tight.CoverVariance (91s)
✔ [8184/8455] Built BKLO.BipartiteMatching (40s)
✔ [8185/8455] Built Nibble.DegreeDecayFreedman (95s)
✔ [8186/8455] Built PaperIII.PackingCorollaries (246s)
✔ [8187/8455] Built Ax2.PartA.Flow (129s)
✔ [8188/8455] Built Ax2.PartA.DrossArith (127s)
✔ [8189/8455] Built BKLO.Cycles (71s)
✔ [8190/8455] Built Ax2.PartB.BKLO.Defs (103s)
✔ [8191/8455] Built Nibble.Tight.ResidualBand (70s)
✔ [8192/8455] Built PaperIII.E_4_2 (116s)
✔ [8193/8455] Built Nibble.Tight.TightRoundCheb (68s)
✔ [8194/8455] Built Nibble.Tight.SafeRoundCheb (69s)
✔ [8195/8455] Built PaperIII.OfPartition (110s)
✔ [8196/8455] Built Ax2.Explore.MFMC (109s)
✔ [8197/8455] Built Nibble.MostAssemblyFreedman (84s)
✔ [8198/8455] Built BKLO.Transport (61s)
✔ [8199/8455] Built BKLO.Veblen (61s)
✔ [8200/8455] Built BKLO.Backdeg (62s)
✔ [8201/8455] Built Nibble.Tight.ResidualBandCheb (63s)
✔ [8202/8455] Built Nibble.Tight.SharpRoundProof (62s)
⚠ [8203/8455] Built Ax2.PartA.Spine (98s)
warning: Ax2/PartA/Spine.lean:83:6: `Finset.filter_card_add_filter_neg_card_eq_card` has been deprecated: Use `Finset.card_filter_add_card_filter_not` instead
warning: Ax2/PartA/Spine.lean:156:75: unused variable `huv`

Note: This linter can be disabled with `set_option linter.unusedVariables false`
✔ [8204/8455] Built Ax2.PartB.BKLO.Absorber (88s)
✔ [8205/8455] Built BKLO.HasAbs (47s)
⚠ [8206/8455] Built PaperIII.E_4_3 (108s)
warning: PaperIII/E_4_3.lean:88:4: 'push_cast' tactic does nothing

Note: This linter can be disabled with `set_option linter.unusedTactic false`
✔ [8207/8455] Built BKLO.Gadgets (75s)
✔ [8208/8455] Built Nibble.Tight.RoundExplicit (70s)
✔ [8209/8455] Built BKLO.Degeneracy (45s)
⚠ [8210/8455] Built Ax2.PartB.BKLO.Gadget (66s)
warning: Ax2/PartB/BKLO/Gadget.lean:40:0: automatically included section variable(s) unused in theorem `Ax2.BKLO.triEdges_card_of_isNClique`:
  [Fintype V]
consider restructuring your `variable` declarations so that the variables are not in scope or explicitly omit them:
  omit [Fintype V] in theorem ...

Note: This linter can be disabled with `set_option linter.unusedSectionVars false`
✔ [8211/8455] Built Nibble.Tight.SharpRound (38s)
✔ [8212/8455] Built BKLO.GadgetsBlk (55s)
✔ [8213/8455] Built BKLO.Embedding (40s)
✔ [8214/8455] Built PaperIII.E_8 (90s)
✔ [8215/8455] Built BKLO.EmbeddingConf (76s)
✔ [8216/8455] Built BKLO.Families (82s)
✔ [8217/8455] Built BKLO.TransportV (78s)
✔ [8218/8455] Built Nibble.TightAssembly (151s)
✔ [8219/8455] Built Nibble.Tight.SharpRoundAssembly (152s)
✔ [8220/8455] Built BKLO.MapTransport (62s)
✔ [8221/8455] Built BKLO.Placement (62s)
✔ [8222/8455] Built BKLO.StarMatchingTriangles (62s)
✔ [8223/8455] Built BKLO.AbsorberExists (65s)
✔ [8224/8455] Built BKLO.Vortex (70s)
✔ [8225/8455] Built PaperIII.Main (188s)
✔ [8226/8455] Built BKLO.HostGraph (73s)
✔ [8227/8455] Built BKLO.InvolutionMatching (74s)
✔ [8228/8455] Built BKLO.PlacementConf (78s)
✔ [8229/8455] Built BKLO.InputsVortex (76s)
✔ [8230/8455] Built BKLO.Main (85s)
✔ [8231/8455] Built BKLO.Section10Defs (85s)
✔ [8232/8455] Built BKLO.SetGraph (86s)
✔ [8233/8455] Built BKLO.CoverDown (86s)
⚠ [8234/8455] Built Nibble.TightSchedule (98s)
warning: Nibble/TightSchedule.lean:40:22: unused variable `hgam8`

Note: This linter can be disabled with `set_option linter.unusedVariables false`
warning: Nibble/TightSchedule.lean:51:22: unused variable `hgam8`

Note: This linter can be disabled with `set_option linter.unusedVariables false`
✔ [8235/8455] Built BKLO.CoverDownGreedyAssembly (109s)
✔ [8236/8455] Built BKLO.CoverDownDiracChooser (60s)
✔ [8237/8455] Built BKLO.VortexMain (60s)
✔ [8238/8455] Built BKLO.VortexEngine (73s)
✔ [8239/8455] Built BKLO.BoundedLeftoverInterface (74s)
✔ [8240/8455] Built BKLO.EquitablePartitionDense (75s)
✔ [8241/8455] Built BKLO.CellGadgets (76s)
✔ [8242/8455] Built BKLO.Section10Matchings (75s)
✔ [8243/8455] Built BKLO.NibbleMaxDeg (75s)
✔ [8244/8455] Built PaperIII.Addenda (113s)
✔ [8245/8455] Built BKLO.Section10Iteration (82s)
✔ [8246/8455] Built BKLO.CoverDownBudget (81s)
✔ [8247/8455] Built BKLO.CoverDownGreedyExistence (62s)
✔ [8248/8455] Built BKLO.InputsVortexSat (58s)
✔ [8249/8455] Built Nibble.TightNibble (104s)
✔ [8250/8455] Built BKLO.CoverDownChooserStep (58s)
✔ [8251/8455] Built BKLO.BoundedLeftover (84s)
⚠ [8252/8455] Built Ax2.Explore.DrossNet (435s)
warning: Ax2/Explore/DrossNet.lean:209:8: automatically included section variable(s) unused in theorem `_private.Ax2.Explore.DrossNet.0.Ax2.DrossNet.card4_pairwise`:
  [Fintype V]
consider restructuring your `variable` declarations so that the variables are not in scope or explicitly omit them:
  omit [Fintype V] in theorem ...

Note: This linter can be disabled with `set_option linter.unusedSectionVars false`
warning: Ax2/Explore/DrossNet.lean:231:0: automatically included section variable(s) unused in theorem `Ax2.DrossNet.k4pair_iff_clique`:
  [Fintype V]
consider restructuring your `variable` declarations so that the variables are not in scope or explicitly omit them:
  omit [Fintype V] in theorem ...

Note: This linter can be disabled with `set_option linter.unusedSectionVars false`
warning: Ax2/Explore/DrossNet.lean:246:0: automatically included section variable(s) unused in theorem `Ax2.DrossNet.k4pair_symm`:
  [Fintype V]
consider restructuring your `variable` declarations so that the variables are not in scope or explicitly omit them:
  omit [Fintype V] in theorem ...

Note: This linter can be disabled with `set_option linter.unusedSectionVars false`
warning: Ax2/Explore/DrossNet.lean:868:12: try 'simp' instead of 'simpa'

Note: This linter can be disabled with `set_option linter.unnecessarySimpa false`
warning: Ax2/Explore/DrossNet.lean:1016:81: unused variable `hwΔ`

Note: This linter can be disabled with `set_option linter.unusedVariables false`
warning: Ax2/Explore/DrossNet.lean:1538:62: unused variable `hwΔ`

Note: This linter can be disabled with `set_option linter.unusedVariables false`
warning: Ax2/Explore/DrossNet.lean:1558:34: unused variable `hwΔ`

Note: This linter can be disabled with `set_option linter.unusedVariables false`
warning: Ax2/Explore/DrossNet.lean:1561:31: unused variable `hTB2`

Note: This linter can be disabled with `set_option linter.unusedVariables false`
warning: Ax2/Explore/DrossNet.lean:1576:51: unused variable `hwΔ`

Note: This linter can be disabled with `set_option linter.unusedVariables false`
warning: Ax2/Explore/DrossNet.lean:1580:36: unused variable `hTB2`

Note: This linter can be disabled with `set_option linter.unusedVariables false`
warning: Ax2/Explore/DrossNet.lean:1615:51: unused variable `hwΔ`

Note: This linter can be disabled with `set_option linter.unusedVariables false`
warning: Ax2/Explore/DrossNet.lean:1619:36: unused variable `hTB2`

Note: This linter can be disabled with `set_option linter.unusedVariables false`
warning: Ax2/Explore/DrossNet.lean:2615:55: Used `tac1 <;> tac2` where `(tac1; tac2)` would suffice

Note: This linter can be disabled with `set_option linter.unnecessarySeqFocus false`
warning: Ax2/Explore/DrossNet.lean:2652:51: Used `tac1 <;> tac2` where `(tac1; tac2)` would suffice

Note: This linter can be disabled with `set_option linter.unnecessarySeqFocus false`
warning: Ax2/Explore/DrossNet.lean:2669:33: Used `tac1 <;> tac2` where `(tac1; tac2)` would suffice

Note: This linter can be disabled with `set_option linter.unnecessarySeqFocus false`
warning: Ax2/Explore/DrossNet.lean:2718:22: Used `tac1 <;> tac2` where `(tac1; tac2)` would suffice

Note: This linter can be disabled with `set_option linter.unnecessarySeqFocus false`
warning: Ax2/Explore/DrossNet.lean:2785:5: unused variable `h`

Note: This linter can be disabled with `set_option linter.unusedVariables false`
warning: Ax2/Explore/DrossNet.lean:2785:49: unused variable `hn20`

Note: This linter can be disabled with `set_option linter.unusedVariables false`
warning: Ax2/Explore/DrossNet.lean:2886:5: unused variable `h`

Note: This linter can be disabled with `set_option linter.unusedVariables false`
warning: Ax2/Explore/DrossNet.lean:2886:49: unused variable `hn20`

Note: This linter can be disabled with `set_option linter.unusedVariables false`
warning: Ax2/Explore/DrossNet.lean:3176:51: Used `tac1 <;> tac2` where `(tac1; tac2)` would suffice

Note: This linter can be disabled with `set_option linter.unnecessarySeqFocus false`
warning: Ax2/Explore/DrossNet.lean:3193:33: Used `tac1 <;> tac2` where `(tac1; tac2)` would suffice

Note: This linter can be disabled with `set_option linter.unnecessarySeqFocus false`
warning: Ax2/Explore/DrossNet.lean:3242:22: Used `tac1 <;> tac2` where `(tac1; tac2)` would suffice

Note: This linter can be disabled with `set_option linter.unnecessarySeqFocus false`
warning: Ax2/Explore/DrossNet.lean:3375:8: automatically included section variable(s) unused in theorem `_private.Ax2.Explore.DrossNet.0.Ax2.DrossNet.heavy_triangle_vertices_distinct`:
  [Fintype V]
  [DecidableEq V]
consider restructuring your `variable` declarations so that the variables are not in scope or explicitly omit them:
  omit [Fintype V] [DecidableEq V] in theorem ...

Note: This linter can be disabled with `set_option linter.unusedSectionVars false`
✔ [8253/8455] Built BKLO.PartSeqDenseProof (86s)
✔ [8254/8455] Built BKLO.Section1012Defs (86s)
✔ [8255/8455] Built BKLO.Section10DegreeReduction (86s)
✔ [8256/8455] Built BKLO.CoverDownObstruction (57s)
✔ [8257/8455] Built BKLO.Section11CellsChain (77s)
✔ [8258/8455] Built Nibble.DenseGapAX1 (89s)
✔ [8259/8455] Built Nibble.DenseApproxDeg (89s)
✔ [8260/8455] Built Nibble.SpreadNibble (89s)
✔ [8261/8455] Built BKLO.CoreAbsorberExists (78s)
✔ [8262/8455] Built Nibble.PadRounding (90s)
✔ [8263/8455] Built BKLO.Section1010Obstruction (76s)
✔ [8264/8455] Built BKLO.Section102K3 (80s)
✔ [8265/8455] Built BKLO.VortexPartition (96s)
✔ [8266/8455] Built BKLO.Section1012Tools (114s)
✔ [8267/8455] Built BKLO.ParityTools (114s)
✔ [8268/8455] Built BKLO.Section72K3 (115s)
✔ [8269/8455] Built BKLO.Reservoir (64s)
✔ [8270/8455] Built BKLO.CoverDownRefutationA (65s)
✔ [8271/8455] Built Nibble.DenseTriangleNibbleDegProof (71s)
✔ [8272/8455] Built BKLO.CoverDownRefutationB (83s)
✔ [8273/8455] Built BKLO.CoreAbsorberConf (71s)
✔ [8274/8455] Built Nibble.CoreGapAX1 (93s)
✔ [8275/8455] Built PaperIII.AX1NibbleBridge (94s)
✔ [8276/8455] Built BKLO.Section10TransformStepProof (102s)
✔ [8277/8455] Built BKLO.TriangleSums (64s)
✔ [8278/8455] Built BKLO.CoverDownBudgetInvariant (74s)
✔ [8279/8455] Built BKLO.CoverDownFused (83s)
✔ [8280/8455] Built BKLO.CoverDownRefutation (66s)
✔ [8281/8455] Built BKLO.ReservoirSat (84s)
✔ [8282/8455] Built Nibble.StarExchange (70s)
✔ [8283/8455] Built BKLO.Section10Faithful (67s)
✔ [8284/8455] Built BKLO.SubtypeTransport (67s)
✔ [8285/8455] Built Nibble.DenseTriangleNibbleDegHalf (90s)
✔ [8286/8455] Built Nibble.CoreGapRemoval (81s)
✔ [8287/8455] Built Nibble.WeightedNibble (81s)
✔ [8288/8455] Built BKLO.ParityFamily (69s)
✔ [8289/8455] Built BKLO.CoverDownBudgetAccumulate (59s)
⚠ [8290/8455] Built PaperIII.MainNibble (108s)
warning: PaperIII/MainNibble.lean:216:32: unused variable `d₀`

Note: This linter can be disabled with `set_option linter.unusedVariables false`
warning: PaperIII/MainNibble.lean:233:32: unused variable `d₀`

Note: This linter can be disabled with `set_option linter.unusedVariables false`
warning: PaperIII/MainNibble.lean:250:32: unused variable `d₀`

Note: This linter can be disabled with `set_option linter.unusedVariables false`
warning: PaperIII/MainNibble.lean:513:32: unused variable `d₀`

Note: This linter can be disabled with `set_option linter.unusedVariables false`
warning: PaperIII/MainNibble.lean:530:32: unused variable `d₀`

Note: This linter can be disabled with `set_option linter.unusedVariables false`
warning: PaperIII/MainNibble.lean:547:32: unused variable `d₀`

Note: This linter can be disabled with `set_option linter.unusedVariables false`
✔ [8291/8455] Built BKLO.ReservoirRepaired (65s)
✔ [8292/8455] Built BKLO.CoverDownRepaired (66s)
✔ [8293/8455] Built Nibble.StarMoves (83s)
✔ [8294/8455] Built BKLO.Section1012Repaired (68s)
✔ [8295/8455] Built Nibble.DenseGlobalLeftoverConst (74s)
✔ [8296/8455] Built Nibble.DoubleSwap (75s)
✔ [8297/8455] Built Nibble.WeightedSpreadNibble (78s)
✔ [8298/8455] Built Nibble.CoreGapNearComplete (79s)
✔ [8299/8455] Built BKLO.Section10TransformStepWeak (98s)
✔ [8300/8455] Built Nibble.FracNibbleRefutation (88s)
✔ [8301/8455] Built BKLO.Section9ParityK3 (81s)
✔ [8302/8455] Built BKLO.Section9Vectors (87s)
✔ [8303/8455] Built BKLO.Section10Lemma103 (98s)
✔ [8304/8455] Built BKLO.ReservoirRepairedSat (102s)
✔ [8305/8455] Built BKLO.ReservoirRepaired2 (85s)
✔ [8306/8455] Built Nibble.StarCount (86s)
✔ [8307/8455] Built BKLO.CoverDownFusedR (102s)
✔ [8308/8455] Built BKLO.CoverDownFromDecomp (100s)
✔ [8309/8455] Built BKLO.Section1012Dense (93s)
✔ [8310/8455] Built Nibble.DenseGlobalLeftoverBelowHalf (110s)
✔ [8311/8455] Built Nibble.WeightedNibbleRestrict (99s)
✔ [8312/8455] Built Nibble.CoreGapRegularDegrees (101s)
✔ [8313/8455] Built BKLO.Section9Greedy (100s)
✔ [8314/8455] Built BKLO.Section9Assembly (101s)
✔ [8315/8455] Built BKLO.StarGreedyBudget (85s)
✔ [8316/8455] Built BKLO.LinkCoverAssembly (81s)
✔ [8317/8455] Built BKLO.SpreadMatching (95s)
✔ [8318/8455] Built BKLO.EngineR3 (80s)
✔ [8319/8455] Built Nibble.StarAugment (84s)
✔ [8320/8455] Built BKLO.VortexEngineFusedR (83s)
✔ [8321/8455] Built BKLO.BottomClause (102s)
✔ [8322/8455] Built Nibble.TriangleCapacity (77s)
✔ [8323/8455] Built Nibble.FracNibbleRepaired (73s)
✔ [8324/8455] Built BKLO.NearOptimalFaithful (108s)
⚠ [8325/8455] Built Nibble.CoreGapRegularDecomp (85s)
warning: Nibble/CoreGapRegularDecomp.lean:53:0: automatically included section variable(s) unused in theorem `Nibble.AX1.edgeSelect_adj`:
  [Fintype V]
consider restructuring your `variable` declarations so that the variables are not in scope or explicitly omit them:
  omit [Fintype V] in theorem ...

Note: This linter can be disabled with `set_option linter.unusedSectionVars false`
warning: Nibble/CoreGapRegularDecomp.lean:56:0: automatically included section variable(s) unused in theorem `Nibble.AX1.edgeSelect_le`:
  [Fintype V]
consider restructuring your `variable` declarations so that the variables are not in scope or explicitly omit them:
  omit [Fintype V] in theorem ...

Note: This linter can be disabled with `set_option linter.unusedSectionVars false`
✔ [8326/8455] Built BKLO.Section9Chain (73s)
✔ [8327/8455] Built BKLO.Section1010Dense (80s)
⚠ [8328/8455] Built BKLO.Section1012Assembly (149s)
warning: BKLO/Section1012Assembly.lean:80:36: unused variable `hε`

Note: This linter can be disabled with `set_option linter.unusedVariables false`
warning: BKLO/Section1012Assembly.lean:108:36: unused variable `hε`

Note: This linter can be disabled with `set_option linter.unusedVariables false`
✔ [8329/8455] Built Nibble.WitnessPair (71s)
✔ [8330/8455] Built BKLO.VortexEngineFusedR2 (107s)
✔ [8331/8455] Built BKLO.MainRepaired (107s)
✔ [8332/8455] Built Nibble.CoreGapRegularFamily (65s)
✔ [8333/8455] Built BKLO.Section9Build (64s)
✔ [8334/8455] Built BKLO.LevelSampling (106s)
ℹ [8335/8455] Built Nibble.FracNibbleSlack (84s)
info: Nibble/FracNibbleSlack.lean:579:0: 'Nibble.fracNibble_withSlack' depends on axioms: [propext, Classical.choice, Quot.sound]
✔ [8336/8455] Built BKLO.Section1010Sparse (66s)
✔ [8337/8455] Built BKLO.Section1011Dense (67s)
✔ [8338/8455] Built BKLO.Section106Set (60s)
✔ [8339/8455] Built BKLO.Section9Construct (59s)
✔ [8340/8455] Built Nibble.DenseGlobalLeftoverThird (81s)
✔ [8341/8455] Built BKLO.ReservoirLarge (64s)
✔ [8342/8455] Built Nibble.CoreGapRegularCover (68s)
✔ [8343/8455] Built BKLO.GridLabelling (73s)
✔ [8344/8455] Built BKLO.DescentStep (82s)
✔ [8345/8455] Built BKLO.BalancedClasses (82s)
✔ [8346/8455] Built Nibble.CoreGapTripleDegrees (87s)
ℹ [8347/8455] Built Nibble.FracNibbleSlackR (88s)
info: Nibble/FracNibbleSlackR.lean:642:0: 'Nibble.SlackR.fracNibbleR_withSlack' depends on axioms: [propext, Classical.choice, Quot.sound]
✔ [8348/8455] Built BKLO.Section107Core (97s)
✔ [8349/8455] Built BKLO.Section1012RhoWindow (83s)
✔ [8350/8455] Built Nibble.CoreGapPackingSplit (70s)
✔ [8351/8455] Built BKLO.MainRepaired2 (142s)
✔ [8352/8455] Built Nibble.CoreGapReducedPair (71s)
✔ [8353/8455] Built Nibble.DenseGlobalLeftoverSharp (80s)
✔ [8354/8455] Built BKLO.Section9ParityK3Proof (88s)
✔ [8355/8455] Built BKLO.GridLabellingCells (69s)
✔ [8356/8455] Built Nibble.CoreGapPrune (73s)
⚠ [8357/8455] Built Nibble.CoreGapRectPack (79s)
warning: Nibble/CoreGapRectPack.lean:32:0: automatically included section variable(s) unused in theorem `Nibble.AX1.mem_tripleRect_iff`:
  [Fintype V]
consider restructuring your `variable` declarations so that the variables are not in scope or explicitly omit them:
  omit [Fintype V] in theorem ...

Note: This linter can be disabled with `set_option linter.unusedSectionVars false`
warning: Nibble/CoreGapRectPack.lean:47:8: automatically included section variable(s) unused in theorem `_private.Nibble.CoreGapRectPack.0.Nibble.AX1.disjoint_product_left`:
  [Fintype V]
  [DecidableEq V]
consider restructuring your `variable` declarations so that the variables are not in scope or explicitly omit them:
  omit [Fintype V] [DecidableEq V] in theorem ...

Note: This linter can be disabled with `set_option linter.unusedSectionVars false`
warning: Nibble/CoreGapRectPack.lean:55:8: automatically included section variable(s) unused in theorem `_private.Nibble.CoreGapRectPack.0.Nibble.AX1.disjoint_product_right`:
  [Fintype V]
  [DecidableEq V]
consider restructuring your `variable` declarations so that the variables are not in scope or explicitly omit them:
  omit [Fintype V] [DecidableEq V] in theorem ...

Note: This linter can be disabled with `set_option linter.unusedSectionVars false`
warning: Nibble/CoreGapRectPack.lean:82:29: this tactic is never executed

Note: This linter can be disabled with `set_option linter.unreachableTactic false`
warning: Nibble/CoreGapRectPack.lean:93:67: this tactic is never executed

Note: This linter can be disabled with `set_option linter.unreachableTactic false`
warning: Nibble/CoreGapRectPack.lean:94:10: this tactic is never executed

Note: This linter can be disabled with `set_option linter.unreachableTactic false`
warning: Nibble/CoreGapRectPack.lean:94:29: this tactic is never executed

Note: This linter can be disabled with `set_option linter.unreachableTactic false`
warning: Nibble/CoreGapRectPack.lean:82:29: 'exact nBC hy' hy' tactic does nothing

Note: This linter can be disabled with `set_option linter.unusedTactic false`
warning: Nibble/CoreGapRectPack.lean:93:67: 'exact nAC hy' hy' tactic does nothing

Note: This linter can be disabled with `set_option linter.unusedTactic false`
warning: Nibble/CoreGapRectPack.lean:94:10: 'exact nBC hy hy'' tactic does nothing

Note: This linter can be disabled with `set_option linter.unusedTactic false`
warning: Nibble/CoreGapRectPack.lean:94:29: 'exact nBC hy' hy' tactic does nothing

Note: This linter can be disabled with `set_option linter.unusedTactic false`
✔ [8358/8455] Built Nibble.DrossFractional (59s)
✔ [8359/8455] Built BKLO.ReservoirDesign (116s)
✔ [8360/8455] Built BKLO.ScheduleR3 (123s)
⚠ [8361/8455] Built Nibble.FracNibbleLE (111s)
warning: Nibble/FracNibbleLE.lean:153:0: automatically included section variable(s) unused in theorem `Nibble.LEUnif.padWtLE_nonneg`:
  [DecidableEq X]
consider restructuring your `variable` declarations so that the variables are not in scope or explicitly omit them:
  omit [DecidableEq X] in theorem ...

Note: This linter can be disabled with `set_option linter.unusedSectionVars false`
warning: Nibble/FracNibbleLE.lean:201:0: automatically included section variable(s) unused in theorem `Nibble.LEUnif.sum_over_i`:
  [DecidableEq X]
consider restructuring your `variable` declarations so that the variables are not in scope or explicitly omit them:
  omit [DecidableEq X] in theorem ...

Note: This linter can be disabled with `set_option linter.unusedSectionVars false`
info: Nibble/FracNibbleLE.lean:608:0: 'Nibble.fracNibble_leUniform' depends on axioms: [propext, Classical.choice, Quot.sound]
✔ [8362/8455] Built Nibble.CoreGapPruneLocal (64s)
✔ [8363/8455] Built Nibble.CoreGapDesign (64s)
✔ [8364/8455] Built Nibble.CoarseCellBlocks (59s)
✔ [8365/8455] Built Nibble.GridTripleDesignRect (60s)
✔ [8366/8455] Built Nibble.FracPackingDense (66s)
✔ [8367/8455] Built BKLO.EngineR3Assembly (68s)
✔ [8368/8455] Built BKLO.Section1012Reconcile (131s)
✔ [8369/8455] Built Nibble.TripleEdges (58s)
✔ [8370/8455] Built Nibble.GridDesign (61s)
⚠ [8371/8455] Built Nibble.BoxPlacementGraph (70s)
warning: Nibble/BoxPlacementGraph.lean:60:0: automatically included section variable(s) unused in theorem `Nibble.AX1.BoxPlace.mem_placeFam`:
  [Fintype ι]
consider restructuring your `variable` declarations so that the variables are not in scope or explicitly omit them:
  omit [Fintype ι] in theorem ...

Note: This linter can be disabled with `set_option linter.unusedSectionVars false`
warning: Nibble/BoxPlacementGraph.lean:74:0: automatically included section variable(s) unused in theorem `Nibble.AX1.BoxPlace.boxDemand_eq_sum`:
  [Fintype ι]
  [DecidableEq κ]
consider restructuring your `variable` declarations so that the variables are not in scope or explicitly omit them:
  omit [Fintype ι] [DecidableEq κ] in theorem ...

Note: This linter can be disabled with `set_option linter.unusedSectionVars false`
warning: Nibble/BoxPlacementGraph.lean:77:0: automatically included section variable(s) unused in theorem `Nibble.AX1.BoxPlace.boxDemandC_nonneg`:
  [Fintype ι]
  [Fintype κ]
  [DecidableEq κ]
consider restructuring your `variable` declarations so that the variables are not in scope or explicitly omit them:
  omit [Fintype ι] [Fintype κ] [DecidableEq κ] in theorem ...

Note: This linter can be disabled with `set_option linter.unusedSectionVars false`
warning: Nibble/BoxPlacementGraph.lean:83:0: automatically included section variable(s) unused in theorem `Nibble.AX1.BoxPlace.sz_mul_le_boxDemandC`:
  [Fintype ι]
  [Fintype κ]
  [DecidableEq κ]
consider restructuring your `variable` declarations so that the variables are not in scope or explicitly omit them:
  omit [Fintype ι] [Fintype κ] [DecidableEq κ] in theorem ...

Note: This linter can be disabled with `set_option linter.unusedSectionVars false`
warning: Nibble/BoxPlacementGraph.lean:121:0: automatically included section variable(s) unused in theorem `Nibble.AX1.BoxPlace.plc_nonempty`:
  [Fintype κ]
  [DecidableEq κ]
consider restructuring your `variable` declarations so that the variables are not in scope or explicitly omit them:
  omit [Fintype κ] [DecidableEq κ] in theorem ...

Note: This linter can be disabled with `set_option linter.unusedSectionVars false`
warning: Nibble/BoxPlacementGraph.lean:128:0: automatically included section variable(s) unused in theorem `Nibble.AX1.BoxPlace.sum_placeFam`:
  [Fintype ι]
consider restructuring your `variable` declarations so that the variables are not in scope or explicitly omit them:
  omit [Fintype ι] in theorem ...

Note: This linter can be disabled with `set_option linter.unusedSectionVars false`
warning: Nibble/BoxPlacementGraph.lean:161:0: automatically included section variable(s) unused in theorem `Nibble.AX1.BoxPlace.placeWt_edge`:
  [Fintype ι]
consider restructuring your `variable` declarations so that the variables are not in scope or explicitly omit them:
  omit [Fintype ι] in theorem ...

Note: This linter can be disabled with `set_option linter.unusedSectionVars false`
warning: Nibble/BoxPlacementGraph.lean:168:0: automatically included section variable(s) unused in theorem `Nibble.AX1.BoxPlace.placeWt_nonneg`:
  [Fintype ι]
consider restructuring your `variable` declarations so that the variables are not in scope or explicitly omit them:
  omit [Fintype ι] in theorem ...

Note: This linter can be disabled with `set_option linter.unusedSectionVars false`
warning: Nibble/BoxPlacementGraph.lean:175:0: automatically included section variable(s) unused in theorem `Nibble.AX1.BoxPlace.placeCard_pos`:
  [Fintype κ]
  [DecidableEq κ]
consider restructuring your `variable` declarations so that the variables are not in scope or explicitly omit them:
  omit [Fintype κ] [DecidableEq κ] in theorem ...

Note: This linter can be disabled with `set_option linter.unusedSectionVars false`
warning: Nibble/BoxPlacementGraph.lean:199:0: automatically included section variable(s) unused in theorem `Nibble.AX1.BoxPlace.placeFam_edge_size`:
  hidx
  hsz1
consider restructuring your `variable` declarations so that the variables are not in scope or explicitly omit them:
  omit hidx hsz1 in theorem ...

Note: This linter can be disabled with `set_option linter.unusedSectionVars false`
warning: Nibble/BoxPlacementGraph.lean:233:0: automatically included section variable(s) unused in theorem `Nibble.AX1.BoxPlace.sum_inv_const`:
  [Fintype κ]
  [DecidableEq κ]
consider restructuring your `variable` declarations so that the variables are not in scope or explicitly omit them:
  omit [Fintype κ] [DecidableEq κ] in theorem ...

Note: This linter can be disabled with `set_option linter.unusedSectionVars false`
warning: Nibble/BoxPlacementGraph.lean:240:0: automatically included section variable(s) unused in theorem `Nibble.AX1.BoxPlace.slot_count_core`:
  [Fintype ι]
  [Fintype κ]
consider restructuring your `variable` declarations so that the variables are not in scope or explicitly omit them:
  omit [Fintype ι] [Fintype κ] in theorem ...

Note: This linter can be disabled with `set_option linter.unusedSectionVars false`
✔ [8372/8455] Built Nibble.BlockCoverUniformAux (59s)
✔ [8373/8455] Built BKLO.LinkLoad (97s)
✔ [8374/8455] Built BKLO.ReservoirDesignStructured (97s)
✔ [8375/8455] Built BKLO.ReservoirPairing (53s)
✔ [8376/8455] Built Nibble.UniformRounding (67s)
⚠ [8377/8455] Built BKLO.Section1012Hier (62s)
warning: BKLO/Section1012Hier.lean:104:59: unused variable `hε`

Note: This linter can be disabled with `set_option linter.unusedVariables false`
✔ [8378/8455] Built Nibble.CoreGapGridResidual (57s)
⚠ [8379/8455] Built Nibble.TripleEdgesThree (61s)
warning: Nibble/TripleEdgesThree.lean:30:8: automatically included section variable(s) unused in theorem `_private.Nibble.TripleEdgesThree.0.Nibble.AX1.mem_crossPairs`:
  [Fintype V]
consider restructuring your `variable` declarations so that the variables are not in scope or explicitly omit them:
  omit [Fintype V] in theorem ...

Note: This linter can be disabled with `set_option linter.unusedSectionVars false`
warning: Nibble/TripleEdgesThree.lean:114:8: automatically included section variable(s) unused in theorem `_private.Nibble.TripleEdgesThree.0.Nibble.AX1.edgeDensity_mul_le_card_interedges`:
  [Fintype V]
  [DecidableEq V]
consider restructuring your `variable` declarations so that the variables are not in scope or explicitly omit them:
  omit [Fintype V] [DecidableEq V] in theorem ...

Note: This linter can be disabled with `set_option linter.unusedSectionVars false`
✔ [8380/8455] Built Nibble.GridDesignRect (58s)
✔ [8381/8455] Built BKLO.GridRegionCard (53s)
⚠ [8382/8455] Built Nibble.BoxPlacementNibble (92s)
warning: Nibble/BoxPlacementNibble.lean:109:0: automatically included section variable(s) unused in theorem `Nibble.AX1.BoxPlace.defaultAlloc_mem`:
  [Fintype κ]
  [DecidableEq κ]
consider restructuring your `variable` declarations so that the variables are not in scope or explicitly omit them:
  omit [Fintype κ] [DecidableEq κ] in theorem ...

Note: This linter can be disabled with `set_option linter.unusedSectionVars false`
✔ [8383/8455] Built BKLO.MainRepaired3 (108s)
✔ [8384/8455] Built Nibble.FracRounding (59s)
✔ [8385/8455] Built BKLO.ReservoirPairingRefutation (64s)
✔ [8386/8455] Built BKLO.Section11Cells (56s)
✔ [8387/8455] Built Nibble.CoreGapTripleShape (53s)
✔ [8388/8455] Built BKLO.ReservoirDesignFull (101s)
✔ [8389/8455] Built BKLO.GridCompetition (49s)
✔ [8390/8455] Built Nibble.NearComplete (44s)
✔ [8391/8455] Built BKLO.Section11CellsSeq (42s)
✔ [8392/8455] Built Nibble.CoreGapBlockShape (51s)
✔ [8393/8455] Built Nibble.CoreGapDesignLocal (51s)
✔ [8394/8455] Built BKLO.ReservoirDesignClean (53s)
✔ [8395/8455] Built BKLO.MainR4 (89s)
✔ [8396/8455] Built Nibble.DrossSpread (49s)
✔ [8397/8455] Built BKLO.Section11CellsWire (49s)
✔ [8398/8455] Built BKLO.CellsSpreadLevels (49s)
✔ [8399/8455] Built BKLO.CellsStep (50s)
✔ [8400/8455] Built Nibble.CoreGapGridLocalResidual (42s)
✔ [8401/8455] Built BKLO.EngineR4Assembly (43s)
✔ [8402/8455] Built BKLO.CellsGreedy (46s)
✔ [8403/8455] Built Nibble.DrossGadget (51s)
✔ [8404/8455] Built BKLO.ReservoirPairingLarge (39s)
⚠ [8405/8455] Built Nibble.CoreGapBlockCover (68s)
warning: Nibble/CoreGapBlockCover.lean:47:65: unused variable `hδ`

Note: This linter can be disabled with `set_option linter.unusedVariables false`
warning: Nibble/CoreGapBlockCover.lean:47:78: unused variable `hδ1`

Note: This linter can be disabled with `set_option linter.unusedVariables false`
warning: Nibble/CoreGapBlockCover.lean:57:58: unused variable `hδ`

Note: This linter can be disabled with `set_option linter.unusedVariables false`
warning: Nibble/CoreGapBlockCover.lean:69:84: unused variable `hδ1`

Note: This linter can be disabled with `set_option linter.unusedVariables false`
warning: Nibble/CoreGapBlockCover.lean:70:5: unused variable `hε₁0`

Note: This linter can be disabled with `set_option linter.unusedVariables false`
warning: Nibble/CoreGapBlockCover.lean:166:67: unused variable `hδ0`

Note: This linter can be disabled with `set_option linter.unusedVariables false`
✔ [8406/8455] Built BKLO.Section11CellsPlace (44s)
✔ [8407/8455] Built Nibble.DrossTransfer (53s)
✔ [8408/8455] Built BKLO.ReservoirPairingStructured (36s)
✔ [8409/8455] Built BKLO.Section11CellsMain (38s)
⚠ [8410/8455] Built Nibble.CoreGapCoverCapacity (72s)
warning: Nibble/CoreGapCoverCapacity.lean:50:0: automatically included section variable(s) unused in theorem `Nibble.AX1.prod_subset_tripleRect_AB`:
  [Fintype V]
consider restructuring your `variable` declarations so that the variables are not in scope or explicitly omit them:
  omit [Fintype V] in theorem ...

Note: This linter can be disabled with `set_option linter.unusedSectionVars false`
warning: Nibble/CoreGapCoverCapacity.lean:53:0: automatically included section variable(s) unused in theorem `Nibble.AX1.prod_subset_tripleRect_BA`:
  [Fintype V]
consider restructuring your `variable` declarations so that the variables are not in scope or explicitly omit them:
  omit [Fintype V] in theorem ...

Note: This linter can be disabled with `set_option linter.unusedSectionVars false`
warning: Nibble/CoreGapCoverCapacity.lean:56:0: automatically included section variable(s) unused in theorem `Nibble.AX1.prod_subset_tripleRect_AC`:
  [Fintype V]
consider restructuring your `variable` declarations so that the variables are not in scope or explicitly omit them:
  omit [Fintype V] in theorem ...

Note: This linter can be disabled with `set_option linter.unusedSectionVars false`
warning: Nibble/CoreGapCoverCapacity.lean:59:0: automatically included section variable(s) unused in theorem `Nibble.AX1.prod_subset_tripleRect_CA`:
  [Fintype V]
consider restructuring your `variable` declarations so that the variables are not in scope or explicitly omit them:
  omit [Fintype V] in theorem ...

Note: This linter can be disabled with `set_option linter.unusedSectionVars false`
warning: Nibble/CoreGapCoverCapacity.lean:62:0: automatically included section variable(s) unused in theorem `Nibble.AX1.prod_subset_tripleRect_BC`:
  [Fintype V]
consider restructuring your `variable` declarations so that the variables are not in scope or explicitly omit them:
  omit [Fintype V] in theorem ...

Note: This linter can be disabled with `set_option linter.unusedSectionVars false`
warning: Nibble/CoreGapCoverCapacity.lean:65:0: automatically included section variable(s) unused in theorem `Nibble.AX1.prod_subset_tripleRect_CB`:
  [Fintype V]
consider restructuring your `variable` declarations so that the variables are not in scope or explicitly omit them:
  omit [Fintype V] in theorem ...

Note: This linter can be disabled with `set_option linter.unusedSectionVars false`
warning: Nibble/CoreGapCoverCapacity.lean:75:0: automatically included section variable(s) unused in theorem `Nibble.AX1.pairArea_nonneg`:
  [Fintype V]
consider restructuring your `variable` declarations so that the variables are not in scope or explicitly omit them:
  omit [Fintype V] in theorem ...

Note: This linter can be disabled with `set_option linter.unusedSectionVars false`
warning: Nibble/CoreGapCoverCapacity.lean:81:0: automatically included section variable(s) unused in theorem `Nibble.AX1.rect_le_pairArea`:
  [Fintype V]
consider restructuring your `variable` declarations so that the variables are not in scope or explicitly omit them:
  omit [Fintype V] in theorem ...

Note: This linter can be disabled with `set_option linter.unusedSectionVars false`
warning: Nibble/CoreGapCoverCapacity.lean:97:0: automatically included section variable(s) unused in theorem `Nibble.AX1.sum_card_inter_le`:
  [Fintype V]
consider restructuring your `variable` declarations so that the variables are not in scope or explicitly omit them:
  omit [Fintype V] in theorem ...

Note: This linter can be disabled with `set_option linter.unusedSectionVars false`
⚠ [8411/8455] Built Nibble.CoreGapBlockCoverCoupled (73s)
warning: Nibble/CoreGapBlockCoverCoupled.lean:47:65: unused variable `hδ`

Note: This linter can be disabled with `set_option linter.unusedVariables false`
warning: Nibble/CoreGapBlockCoverCoupled.lean:47:78: unused variable `hδ1`

Note: This linter can be disabled with `set_option linter.unusedVariables false`
warning: Nibble/CoreGapBlockCoverCoupled.lean:57:58: unused variable `hδ`

Note: This linter can be disabled with `set_option linter.unusedVariables false`
warning: Nibble/CoreGapBlockCoverCoupled.lean:69:84: unused variable `hδ1`

Note: This linter can be disabled with `set_option linter.unusedVariables false`
warning: Nibble/CoreGapBlockCoverCoupled.lean:70:5: unused variable `hε₁0`

Note: This linter can be disabled with `set_option linter.unusedVariables false`
warning: Nibble/CoreGapBlockCoverCoupled.lean:166:67: unused variable `hδ0`

Note: This linter can be disabled with `set_option linter.unusedVariables false`
info: Nibble/CoreGapBlockCoverCoupled.lean:451:0: 'Nibble.AX1.subTripleDesignLocalResidual_of_blockCoverCoupled' depends on axioms: [propext,
 Classical.choice,
 Quot.sound]
info: Nibble/CoreGapBlockCoverCoupled.lean:452:0: 'Nibble.AX1.ax1_of_blockCoverCoupled' depends on axioms: [propext, Classical.choice, Quot.sound]
✔ [8412/8455] Built BKLO.GridPairingClean (41s)
✔ [8413/8455] Built BKLO.TwoSidedSweep (41s)
✔ [8414/8455] Built Nibble.DrossFlowRoute (45s)
✔ [8415/8455] Built BKLO.GridPairingCleanCount (24s)
ℹ [8416/8455] Built Nibble.CoreGapClusterLP (31s)
info: Nibble/CoreGapClusterLP.lean:292:0: 'Nibble.AX1.nu3star_regularityReduced_le_cluster_capacity' depends on axioms: [propext, Classical.choice, Quot.sound]
info: Nibble/CoreGapClusterLP.lean:293:0: 'Nibble.AX1.nu3star_regularityReduced_le_dense_cluster_capacity' depends on axioms: [propext,
 Classical.choice,
 Quot.sound]
✔ [8417/8455] Built Nibble.DrossFlowDense (37s)
ℹ [8418/8455] Built Nibble.CoreGapBlockAlloc (34s)
info: Nibble/CoreGapBlockAlloc.lean:237:0: 'Nibble.AX1.cover_approx_of_gridSubTriple' depends on axioms: [propext, Classical.choice, Quot.sound]
info: Nibble/CoreGapBlockAlloc.lean:238:0: 'Nibble.AX1.tripleRect_disjoint_of_clusters' depends on axioms: [propext, Classical.choice, Quot.sound]
info: Nibble/CoreGapBlockAlloc.lean:239:0: 'Nibble.AX1.nu3star_le_cover_of_family_value' depends on axioms: [propext, Classical.choice, Quot.sound]
ℹ [8419/8455] Built Nibble.CoreGapClusterHost (34s)
info: Nibble/CoreGapClusterHost.lean:292:0: 'Nibble.AX1.hostTri_mem_cliqueFinset' depends on axioms: [propext, Classical.choice, Quot.sound]
info: Nibble/CoreGapClusterHost.lean:293:0: 'Nibble.AX1.nu3star_regularityReduced_le_host' depends on axioms: [propext, Classical.choice, Quot.sound]
✔ [8420/8455] Built BKLO.ReservoirDesignEquitable (39s)
✔ [8421/8455] Built Nibble.DrossCutCount (33s)
✔ [8422/8455] Built Nibble.CoarseCellAssembly (39s)
ℹ [8423/8455] Built Nibble.ClusterTripleLP (39s)
info: Nibble/ClusterTripleLP.lean:419:0: 'Nibble.AX1.exists_clusterTripleLP' depends on axioms: [propext, Classical.choice, Quot.sound]
info: Nibble/ClusterTripleLP.lean:420:0: 'Nibble.AX1.exists_sparse_clusterTripleLP' depends on axioms: [propext, Classical.choice, Quot.sound]
info: Nibble/ClusterTripleLP.lean:421:0: 'Nibble.AX1.exists_sparse_clusterTripleLP_nu3star' depends on axioms: [propext, Classical.choice, Quot.sound]
info: Nibble/ClusterTripleLP.lean:422:0: 'Nibble.AX1.nu3star_le_cover_of_family_lp_value' depends on axioms: [propext, Classical.choice, Quot.sound]
✔ [8424/8455] Built Nibble.DrossCutPartners (32s)
✔ [8425/8455] Built BKLO.ReservoirDesignSharp (55s)
✔ [8426/8455] Built Nibble.ClusterTripleLPCount (27s)
✔ [8427/8455] Built Nibble.DrossCutCert (32s)
✔ [8428/8455] Built BKLO.SharpLinkMargin (29s)
✔ [8429/8455] Built Nibble.DenseTriangleNibbleDegAll (34s)
✔ [8430/8455] Built BKLO.SharpSweepBudget (40s)
✔ [8431/8455] Built Nibble.DenseTriNibbleMaxDeg (30s)
✔ [8432/8455] Built BKLO.ReservoirDesignTwoSided (35s)
✔ [8433/8455] Built BKLO.ApproxTriDecompMinDegDense (35s)
✔ [8434/8455] Built BKLO.TwoSidedLinkMargin (41s)
⚠ [8435/8455] Built PaperIII.PaperImprovements (64s)
warning: PaperIII/PaperImprovements.lean:165:7: unused variable `q`

Note: This linter can be disabled with `set_option linter.unusedVariables false`
warning: PaperIII/PaperImprovements.lean:177:7: unused variable `q`

Note: This linter can be disabled with `set_option linter.unusedVariables false`
warning: PaperIII/PaperImprovements.lean:427:4: Try `simp at hPair` instead of `simpa using hPair`

Note: This linter can be disabled with `set_option linter.unnecessarySimpa false`
warning: PaperIII/PaperImprovements.lean:1300:18: unused variable `hβ`

Note: This linter can be disabled with `set_option linter.unusedVariables false`
warning: PaperIII/PaperImprovements.lean:1329:18: unused variable `hβ`

Note: This linter can be disabled with `set_option linter.unusedVariables false`
✔ [8436/8455] Built BKLO.MainDenseUnconditional (36s)
✔ [8437/8455] Built BKLO.GridPairingTwoSided (22s)
✔ [8438/8455] Built BKLO.GridPairingStepTwoSided (19s)
⚠ [8439/8455] Built Nibble.CoarseCellCoupled (191s)
warning: Nibble/CoarseCellCoupled.lean:210:41: unused variable `ha0`

Note: This linter can be disabled with `set_option linter.unusedVariables false`
info: Nibble/CoarseCellCoupled.lean:1120:0: 'Nibble.AX1.blockCoverResidualCoupled_of_boxAllocation' depends on axioms: [propext, Classical.choice, Quot.sound]
info: Nibble/CoarseCellCoupled.lean:1121:0: 'Nibble.AX1.ax1_of_boxAllocation' depends on axioms: [propext, Classical.choice, Quot.sound]
✔ [8440/8455] Built BKLO.TwoSidedLedger (21s)
✔ [8441/8455] Built Nibble.AX1Closed (20s)
✔ [8442/8455] Built BKLO.TwoSidedClassLedger (24s)
✔ [8443/8455] Built BKLO.TwoSidedLedgerObstruction (16s)
✔ [8444/8455] Built BKLO.TwoSidedCrossSide (15s)
✔ [8445/8455] Built BKLO.TwoSidedCrossSideSweep (16s)
✔ [8446/8455] Built BKLO.TwoSidedCrossSideExc (16s)
✔ [8447/8455] Built BKLO.TwoSidedClassMatched (16s)
✔ [8448/8455] Built BKLO.TwoSidedClassMatchedResidual (16s)
✔ [8449/8455] Built BKLO.TwoSidedClassMatchedInvariant (16s)
✔ [8450/8455] Built BKLO.TwoSidedUsedClassMatched (18s)
⚠ [8451/8455] Built Ax2.PartB.BKLO.Bridge (23s)
warning: Ax2/PartB/BKLO/Bridge.lean:24:0: automatically included section variable(s) unused in theorem `Ax2.BKLOBridge.triEdges_eq_cliqueEdges`:
  [Fintype V]
consider restructuring your `variable` declarations so that the variables are not in scope or explicitly omit them:
  omit [Fintype V] in theorem ...

Note: This linter can be disabled with `set_option linter.unusedSectionVars false`
⚠ [8452/8455] Built PaperIII.Theorem_1_1_Final (23s)
warning: PaperIII/Theorem_1_1_Final.lean:55:23: Used `tac1 <;> tac2` where `(tac1; tac2)` would suffice

Note: This linter can be disabled with `set_option linter.unnecessarySeqFocus false`
✔ [8453/8455] Built PaperIII.PublicAPI (23s)
✔ [8454/8455] Built PaperIII (22s)
Build completed successfully (8455 jobs).
