$ /root/.elan/toolchains/leanprover--lean4---v4.28.0/bin/lean -j 1 -s 32768 -D pp.unicode.fun=true -D relaxedAutoImplicit=false -D linter.unusedSimpArgs=false -D profiler=true -D profiler.threshold=100 A4S1/IndepAllSetup.lean -o /workspace/request-project/.lake/runner/lib/lean/A4S1/IndepAllSetup.olean -i /workspace/request-project/.lake/runner/lib/lean/A4S1/IndepAllSetup.ilean
import took 10.2s
.olean serialization took 291ms
cumulative profiling times:
	.olean serialization 291ms
	attribute application 0.49ms
	blocked (unaccounted) 35.4ms
	compilation (IR) 3.15ms
	compilation (LCNF base) 8.64ms
	compilation (LCNF mono) 5.41ms
	congr simp thm 8.88ms
	elaboration 204ms
	fix level params 1.22ms
	import 10.2s
	initialization 39.7ms
	instantiate metavars 1.37ms
	interpretation 519ms
	let-to-have transformation 0.963ms
	linting 34.9ms
	parsing 17.8ms
	process pre-definitions 16.6ms
	share common exprs 3.04ms
	simp 28.5ms
	tactic execution 115ms
	type checking 135ms
	typeclass inference 372ms
