$ /root/.elan/toolchains/leanprover--lean4---v4.28.0/bin/lean -j 1 -s 32768 -D pp.unicode.fun=true -D relaxedAutoImplicit=false -D linter.unusedSimpArgs=false -D profiler=true -D profiler.threshold=100 A4S1/IndepAllMain.lean -o /workspace/request-project/.lake/runner/lib/lean/A4S1/IndepAllMain.olean -i /workspace/request-project/.lake/runner/lib/lean/A4S1/IndepAllMain.ilean
interpretation of Mathlib.Tactic._aux_Mathlib_Tactic_Linarith_Frontend___elabRules_Mathlib_Tactic_nlinarith_1._boxed took 581ms
interpretation of Mathlib.Tactic._aux_Mathlib_Tactic_Linarith_Frontend___elabRules_Mathlib_Tactic_nlinarith_1._boxed took 617ms
import took 9.3s
.olean serialization took 261ms
cumulative profiling times:
	.olean serialization 261ms
	attribute application 0.0769ms
	compilation (IR) 7.04ms
	compilation (LCNF base) 6.68ms
	compilation (LCNF mono) 2.95ms
	congr simp thm 16.2ms
	elaboration 31.6ms
	fix level params 2.27ms
	import 9.3s
	initialization 39.9ms
	instantiate metavars 21.9ms
	interpretation 2.06s
	let-to-have transformation 0.0689ms
	linting 20.1ms
	norm_num 238ms
	parsing 6.46ms
	process pre-definitions 14.3ms
	ring 48.7ms
	share common exprs 23.1ms
	simp 254ms
	tactic execution 321ms
	type checking 234ms
	typeclass inference 1.1s
