$ /root/.elan/toolchains/leanprover--lean4---v4.28.0/bin/lean -j 1 -s 32768 -D pp.unicode.fun=true -D relaxedAutoImplicit=false -D linter.unusedSimpArgs=false -D profiler=true -D profiler.threshold=100 A4S1/IndepAllBudget.lean -o /workspace/request-project/.lake/runner/lib/lean/A4S1/IndepAllBudget.olean -i /workspace/request-project/.lake/runner/lib/lean/A4S1/IndepAllBudget.ilean
interpretation of Mathlib.Meta.Positivity.evalNatCast._lam_1._boxed took 202ms
interpretation of Mathlib.Tactic.Positivity._aux_Mathlib_Tactic_Positivity_Core___elabRules_Mathlib_Tactic_Positivity_positivity_1._boxed took 106ms
interpretation of Mathlib.Tactic._aux_Mathlib_Tactic_Linarith_Frontend___elabRules_Mathlib_Tactic_linarith_1._boxed took 169ms
interpretation of Mathlib.Meta.Positivity.evalNatCast._lam_1._boxed took 102ms
interpretation of Mathlib.Meta.Positivity.evalNatCast._lam_1._boxed took 118ms
interpretation of Mathlib.Tactic._aux_Mathlib_Tactic_Linarith_Frontend___elabRules_Mathlib_Tactic_linarith_1._boxed took 260ms
interpretation of Mathlib.Tactic._aux_Mathlib_Tactic_Linarith_Frontend___elabRules_Mathlib_Tactic_linarith_1._boxed took 255ms
interpretation of Mathlib.Tactic._aux_Mathlib_Tactic_Linarith_Frontend___elabRules_Mathlib_Tactic_linarith_1._boxed took 269ms
interpretation of Mathlib.Tactic._aux_Mathlib_Tactic_Linarith_Frontend___elabRules_Mathlib_Tactic_linarith_1._boxed took 273ms
interpretation of Mathlib.Tactic._aux_Mathlib_Tactic_Linarith_Frontend___elabRules_Mathlib_Tactic_linarith_1._boxed took 279ms
interpretation of Mathlib.Meta.Positivity.evalNatCast._lam_1._boxed took 226ms
interpretation of Mathlib.Tactic._aux_Mathlib_Tactic_Linarith_Frontend___elabRules_Mathlib_Tactic_linarith_1._boxed took 269ms
interpretation of Mathlib.Meta.Positivity.evalNatCast._lam_1._boxed took 429ms
interpretation of Mathlib.Tactic.Positivity._aux_Mathlib_Tactic_Positivity_Core___elabRules_Mathlib_Tactic_Positivity_positivity_1._boxed took 110ms
interpretation of Mathlib.Tactic._aux_Mathlib_Tactic_Linarith_Frontend___elabRules_Mathlib_Tactic_linarith_1._boxed took 221ms
tactic execution of Lean.Parser.Tactic.refine took 102ms
interpretation of Mathlib.Tactic._aux_Mathlib_Tactic_Linarith_Frontend___elabRules_Mathlib_Tactic_nlinarith_1._boxed took 380ms
interpretation of Mathlib.Tactic._aux_Mathlib_Tactic_Linarith_Frontend___elabRules_Mathlib_Tactic_linarith_1._boxed took 190ms
interpretation of Mathlib.Meta.Positivity.evalNatCast._lam_1._boxed took 470ms
interpretation of Mathlib.Tactic._aux_Mathlib_Tactic_Linarith_Frontend___elabRules_Mathlib_Tactic_linarith_1._boxed took 252ms
interpretation of Mathlib.Tactic._aux_Mathlib_Tactic_Linarith_Frontend___elabRules_Mathlib_Tactic_linarith_1._boxed took 294ms
interpretation of Mathlib.Tactic._aux_Mathlib_Tactic_Linarith_Frontend___elabRules_Mathlib_Tactic_nlinarith_1._boxed took 240ms
interpretation of Mathlib.Tactic._aux_Mathlib_Tactic_Linarith_Frontend___elabRules_Mathlib_Tactic_linarith_1._boxed took 267ms
interpretation of Mathlib.Tactic._aux_Mathlib_Tactic_Linarith_Frontend___elabRules_Mathlib_Tactic_linarith_1._boxed took 258ms
interpretation of Mathlib.Tactic._aux_Mathlib_Tactic_Linarith_Frontend___elabRules_Mathlib_Tactic_linarith_1._boxed took 281ms
tactic execution of Lean.Parser.Tactic.refine took 338ms
interpretation of Mathlib.Tactic._aux_Mathlib_Tactic_Linarith_Frontend___elabRules_Mathlib_Tactic_nlinarith_1._boxed took 245ms
interpretation of Mathlib.Tactic._aux_Mathlib_Tactic_Linarith_Frontend___elabRules_Mathlib_Tactic_linarith_1._boxed took 330ms
interpretation of Mathlib.Tactic._aux_Mathlib_Tactic_Linarith_Frontend___elabRules_Mathlib_Tactic_linarith_1._boxed took 337ms
interpretation of Mathlib.Meta.Positivity.evalNatCast._lam_1._boxed took 660ms
interpretation of Mathlib.Tactic._aux_Mathlib_Tactic_Linarith_Frontend___elabRules_Mathlib_Tactic_linarith_1._boxed took 304ms
interpretation of Mathlib.Tactic._aux_Mathlib_Tactic_Linarith_Frontend___elabRules_Mathlib_Tactic_linarith_1._boxed took 345ms
tactic execution of Lean.Parser.Tactic.refine took 396ms
interpretation of Mathlib.Tactic._aux_Mathlib_Tactic_Linarith_Frontend___elabRules_Mathlib_Tactic_linarith_1._boxed took 325ms
tactic execution of Lean.Parser.Tactic.refine took 214ms
ring took 122ms
interpretation of Mathlib.Tactic._aux_Mathlib_Tactic_Linarith_Frontend___elabRules_Mathlib_Tactic_nlinarith_1._boxed took 3.19s
tactic execution of Lean.Parser.Tactic.refine took 390ms
interpretation of Mathlib.Tactic._aux_Mathlib_Tactic_Linarith_Frontend___elabRules_Mathlib_Tactic_linarith_1._boxed took 334ms
interpretation of Mathlib.Tactic._aux_Mathlib_Tactic_Linarith_Frontend___elabRules_Mathlib_Tactic_linarith_1._boxed took 348ms
interpretation of Mathlib.Tactic._aux_Mathlib_Tactic_Linarith_Frontend___elabRules_Mathlib_Tactic_linarith_1._boxed took 304ms
tactic execution of Lean.Parser.Tactic.refine took 288ms
interpretation of Mathlib.Tactic._aux_Mathlib_Tactic_Linarith_Frontend___elabRules_Mathlib_Tactic_linarith_1._boxed took 326ms
interpretation of Mathlib.Meta.Positivity.evalAdd._lam_0._boxed took 706ms
tactic execution of Lean.Parser.Tactic.refine took 456ms
interpretation of Mathlib.Tactic._aux_Mathlib_Tactic_Linarith_Frontend___elabRules_Mathlib_Tactic_linarith_1._boxed took 330ms
tactic execution of Lean.Parser.Tactic.refine took 236ms
interpretation of Mathlib.Tactic._aux_Mathlib_Tactic_Linarith_Frontend___elabRules_Mathlib_Tactic_linarith_1._boxed took 332ms
tactic execution of Lean.Parser.Tactic.refine took 465ms
interpretation of Mathlib.Tactic._aux_Mathlib_Tactic_Linarith_Frontend___elabRules_Mathlib_Tactic_nlinarith_1._boxed took 2.09s
interpretation of Mathlib.Tactic._aux_Mathlib_Tactic_Linarith_Frontend___elabRules_Mathlib_Tactic_linarith_1._boxed took 303ms
interpretation of Mathlib.Tactic._aux_Mathlib_Tactic_Linarith_Frontend___elabRules_Mathlib_Tactic_nlinarith_1._boxed took 249ms
instantiate metavars took 1.79s
share common exprs took 473ms
process pre-definitions took 149ms
elaboration took 187ms
type checking took 402ms
interpretation of Mathlib.TacticAnalysis.tacticAnalysis._lam_0._boxed took 134ms
linting took 169ms
import took 8.56s
.olean serialization took 354ms
cumulative profiling times:
	.olean serialization 354ms
	attribute application 0.0957ms
	compilation (IR) 112ms
	compilation (LCNF base) 104ms
	compilation (LCNF mono) 51.6ms
	congr simp thm 149ms
	elaboration 255ms
	fix level params 14.6ms
	import 8.56s
	initialization 37.2ms
	instantiate metavars 1.79s
	interpretation 21.1s
	let-to-have transformation 0.202ms
	linting 189ms
	norm_num 5.45s
	parsing 30.3ms
	process pre-definitions 159ms
	ring 708ms
	share common exprs 480ms
	simp 5.75s
	tactic execution 4.47s
	type checking 603ms
	typeclass inference 8.71s
