$ /root/.elan/toolchains/leanprover--lean4---v4.28.0/bin/lean -j 1 -s 32768 -D pp.unicode.fun=true -D relaxedAutoImplicit=false -D linter.unusedSimpArgs=false -D profiler=true -D profiler.threshold=100 BoundedCliqueGap/AxiomCheck.lean -o /workspace/request-project/.lake/runner/lib/lean/BoundedCliqueGap/AxiomCheck.olean -i /workspace/request-project/.lake/runner/lib/lean/BoundedCliqueGap/AxiomCheck.ilean
BoundedCliqueGap: 633 declarations audited; axioms ⊆ [propext, Classical.choice, Quot.sound]; no `Erdos81*` name; `Vizing.PEC` declared once, in [PaperIV.Vizing]
interpretation of BoundedCliqueGap.Audit._aux_BoundedCliqueGap_AxiomCheck___elabRules_BoundedCliqueGap_Audit_commandBoundedCliqueGapAudit_1._boxed took 54.3s
'BoundedCliqueGap.chordal_gap_linear_cliqueFree' depends on axioms: [propext, Classical.choice, Quot.sound]
elaboration took 431ms
'BoundedCliqueGap.chordal_gap_linear_of_cliqueTree_width' depends on axioms: [propext, Classical.choice, Quot.sound]
elaboration took 422ms
'BoundedCliqueGap.exists_cliqueTree_width_le_iff_cliqueFree' depends on axioms: [propext, Classical.choice, Quot.sound]
elaboration took 324ms
'BoundedCliqueGap.gap_linear_of_revPES' depends on axioms: [propext, Classical.choice, Quot.sound]
elaboration took 423ms
'BoundedCliqueGap.exists_revPES_of_simpleGraph_isChordal' depends on axioms: [propext, Classical.choice, Quot.sound]
elaboration took 282ms
import took 3.4s
cumulative profiling times:
	.olean serialization 15.3ms
	attribute application 0.368ms
	blocked (unaccounted) 100ms
	compilation (IR) 5.78ms
	compilation (LCNF base) 50.2ms
	compilation (LCNF mono) 6.9ms
	elaboration 1.95s
	fix level params 0.0476ms
	import 3.4s
	initialization 45.6ms
	instantiate metavars 0.0142ms
	interpretation 54.5s
	let-to-have transformation 1.81ms
	linting 7.32ms
	parsing 2.59ms
	process pre-definitions 2.92ms
	share common exprs 0.5ms
	type checking 2.1ms
	typeclass inference 34.6ms
