$ /root/.elan/toolchains/leanprover--lean4---v4.28.0/bin/lean -j 1 -s 32768 -D pp.unicode.fun=true -D relaxedAutoImplicit=false -D linter.unusedSimpArgs=false -D profiler=true -D profiler.threshold=100 BoundedCliqueGap/Ladder.lean -o /workspace/request-project/.lake/runner/lib/lean/BoundedCliqueGap/Ladder.olean -i /workspace/request-project/.lake/runner/lib/lean/BoundedCliqueGap/Ladder.ilean
import took 2.61s
cumulative profiling times:
	.olean serialization 30.6ms
	attribute application 0.0328ms
	congr simp thm 3.53ms
	elaboration 23.1ms
	fix level params 1.02ms
	import 2.61s
	initialization 41.1ms
	instantiate metavars 0.746ms
	interpretation 184ms
	let-to-have transformation 0.053ms
	linting 8.59ms
	parsing 4.63ms
	process pre-definitions 6.52ms
	share common exprs 0.904ms
	simp 19.7ms
	tactic execution 40.6ms
	type checking 8.44ms
	typeclass inference 44.4ms
