$ /root/.elan/toolchains/leanprover--lean4---v4.28.0/bin/lean -j 1 -s 32768 -D pp.unicode.fun=true -D relaxedAutoImplicit=false -D linter.unusedSimpArgs=false -D profiler=true -D profiler.threshold=100 BoundedCliqueGap/TResidual.lean -o /workspace/request-project/.lake/runner/lib/lean/BoundedCliqueGap/TResidual.olean -i /workspace/request-project/.lake/runner/lib/lean/BoundedCliqueGap/TResidual.ilean
import took 3.44s
cumulative profiling times:
	.olean serialization 50.6ms
	attribute application 0.0143ms
	congr simp thm 2.11ms
	elaboration 9.41ms
	fix level params 0.0318ms
	import 3.44s
	initialization 37.7ms
	instantiate metavars 0.23ms
	interpretation 195ms
	let-to-have transformation 0.0257ms
	linting 3.17ms
	parsing 1.51ms
	process pre-definitions 0.581ms
	share common exprs 0.182ms
	simp 12.4ms
	tactic execution 11.1ms
	type checking 2.02ms
	typeclass inference 12.4ms
