$ /root/.elan/toolchains/leanprover--lean4---v4.28.0/bin/lean -j 1 -s 32768 -D pp.unicode.fun=true -D relaxedAutoImplicit=false -D linter.unusedSimpArgs=false -D profiler=true -D profiler.threshold=100 BoundedCliqueGap/KShellFull.lean -o /workspace/request-project/.lake/runner/lib/lean/BoundedCliqueGap/KShellFull.olean -i /workspace/request-project/.lake/runner/lib/lean/BoundedCliqueGap/KShellFull.ilean
import took 3.42s
cumulative profiling times:
	.olean serialization 52.3ms
	attribute application 0.0133ms
	congr simp thm 2.07ms
	elaboration 12.3ms
	fix level params 0.0945ms
	import 3.42s
	initialization 42.1ms
	instantiate metavars 0.42ms
	interpretation 221ms
	let-to-have transformation 0.0335ms
	linting 5.18ms
	norm_num 9.64ms
	parsing 2.47ms
	process pre-definitions 1.64ms
	ring 4.86ms
	share common exprs 0.926ms
	simp 10.7ms
	tactic execution 16.9ms
	type checking 16.7ms
	typeclass inference 35.2ms
