$ /root/.elan/toolchains/leanprover--lean4---v4.28.0/bin/lean -j 1 -s 32768 -D pp.unicode.fun=true -D relaxedAutoImplicit=false -D linter.unusedSimpArgs=false -D profiler=true -D profiler.threshold=100 BoundedCliqueGap/QChordalTree.lean -o /workspace/request-project/.lake/runner/lib/lean/BoundedCliqueGap/QChordalTree.olean -i /workspace/request-project/.lake/runner/lib/lean/BoundedCliqueGap/QChordalTree.ilean
BoundedCliqueGap/QChordalTree.lean:72:0: warning: automatically included section variable(s) unused in theorem `BoundedCliqueGap.mem_gavSub`:
  [DecidableEq V]
consider restructuring your `variable` declarations so that the variables are not in scope or explicitly omit them:
  omit [DecidableEq V] in theorem ...

Note: This linter can be disabled with `set_option linter.unusedSectionVars false`
BoundedCliqueGap/QChordalTree.lean:76:0: warning: automatically included section variable(s) unused in theorem `BoundedCliqueGap.gavSub_rt_mem`:
  [DecidableEq V]
consider restructuring your `variable` declarations so that the variables are not in scope or explicitly omit them:
  omit [DecidableEq V] in theorem ...

Note: This linter can be disabled with `set_option linter.unusedSectionVars false`
BoundedCliqueGap/QChordalTree.lean:84:0: warning: automatically included section variable(s) unused in theorem `BoundedCliqueGap.gavPar_lt`:
  [DecidableEq V]
consider restructuring your `variable` declarations so that the variables are not in scope or explicitly omit them:
  omit [DecidableEq V] in theorem ...

Note: This linter can be disabled with `set_option linter.unusedSectionVars false`
BoundedCliqueGap/QChordalTree.lean:90:0: warning: automatically included section variable(s) unused in theorem `BoundedCliqueGap.le_gavPar`:
  [DecidableEq V]
consider restructuring your `variable` declarations so that the variables are not in scope or explicitly omit them:
  omit [DecidableEq V] in theorem ...

Note: This linter can be disabled with `set_option linter.unusedSectionVars false`
BoundedCliqueGap/QChordalTree.lean:94:0: warning: automatically included section variable(s) unused in theorem `BoundedCliqueGap.gavPar_attained`:
  [DecidableEq V]
consider restructuring your `variable` declarations so that the variables are not in scope or explicitly omit them:
  omit [DecidableEq V] in theorem ...

Note: This linter can be disabled with `set_option linter.unusedSectionVars false`
BoundedCliqueGap/QChordalTree.lean:165:0: warning: automatically included section variable(s) unused in theorem `BoundedCliqueGap.ord_gavEquiv_symm`:
  [DecidableEq V]
consider restructuring your `variable` declarations so that the variables are not in scope or explicitly omit them:
  omit [DecidableEq V] in theorem ...

Note: This linter can be disabled with `set_option linter.unusedSectionVars false`
import took 3.27s
cumulative profiling times:
	.olean serialization 84ms
	attribute application 2.95ms
	congr simp thm 7.66ms
	elaboration 94.7ms
	fix level params 1.53ms
	import 3.27s
	initialization 47.4ms
	instantiate metavars 9.38ms
	interpretation 334ms
	let-to-have transformation 0.443ms
	linting 33.9ms
	parsing 18.4ms
	process pre-definitions 19.9ms
	share common exprs 3.95ms
	simp 111ms
	tactic execution 229ms
	type checking 146ms
	typeclass inference 565ms
