$ /root/.elan/toolchains/leanprover--lean4---v4.28.0/bin/lean -j 1 -s 32768 -D pp.unicode.fun=true -D relaxedAutoImplicit=false -D linter.unusedSimpArgs=false -D profiler=true -D profiler.threshold=100 BoundedCliqueGap/THPartition.lean -o /workspace/request-project/.lake/runner/lib/lean/BoundedCliqueGap/THPartition.olean -i /workspace/request-project/.lake/runner/lib/lean/BoundedCliqueGap/THPartition.ilean
typeclass inference of Nonempty took 102ms
import took 3.26s
cumulative profiling times:
	.olean serialization 94.6ms
	attribute application 0.269ms
	compilation (IR) 1.32ms
	compilation (LCNF base) 2.28ms
	compilation (LCNF mono) 0.992ms
	congr simp thm 11.6ms
	elaboration 122ms
	fix level params 1.88ms
	import 3.26s
	initialization 38.6ms
	instantiate metavars 42.5ms
	interpretation 534ms
	let-to-have transformation 0.418ms
	linting 59ms
	norm_num 3.88ms
	parsing 31.9ms
	process pre-definitions 29.1ms
	ring 17ms
	share common exprs 11.4ms
	simp 289ms
	tactic execution 509ms
	type checking 144ms
	typeclass inference 501ms
