$ /root/.elan/toolchains/leanprover--lean4---v4.28.0/bin/lean -j 1 -s 32768 -D pp.unicode.fun=true -D relaxedAutoImplicit=false -D linter.unusedSimpArgs=false -D profiler=true -D profiler.threshold=100 BoundedCliqueGap/TTreeLift.lean -o /workspace/request-project/.lake/runner/lib/lean/BoundedCliqueGap/TTreeLift.olean -i /workspace/request-project/.lake/runner/lib/lean/BoundedCliqueGap/TTreeLift.ilean
import took 3.3s
cumulative profiling times:
	.olean serialization 3.37ms
	attribute application 0.00854ms
	compilation (IR) 0.228ms
	compilation (LCNF base) 0.467ms
	compilation (LCNF mono) 0.113ms
	elaboration 10.7ms
	fix level params 0.0468ms
	import 3.3s
	initialization 46.4ms
	instantiate metavars 0.803ms
	interpretation 180ms
	let-to-have transformation 0.0134ms
	linting 2.8ms
	parsing 1.3ms
	process pre-definitions 3.26ms
	share common exprs 0.386ms
	tactic execution 10.4ms
	type checking 2.93ms
	typeclass inference 1.95ms
