$ /root/.elan/toolchains/leanprover--lean4---v4.28.0/bin/lean -j 1 -D pp.unicode.fun=true -D relaxedAutoImplicit=false -D linter.unusedSimpArgs=false -D profiler=true -D profiler.threshold=100 E17/LocalCredit.lean -o /workspace/request-project/.lake/runner/lib/lean/E17/LocalCredit.olean -i /workspace/request-project/.lake/runner/lib/lean/E17/LocalCredit.ilean
type checking took 194ms
type checking took 114s
type checking took 707ms
type checking took 163ms
type checking took 52.4s
type checking took 116s
type checking took 1.28s
type checking took 1.27s
type checking took 124ms
import took 3.26s
cumulative profiling times:
	.olean serialization 80.2ms
	attribute application 0.998ms
	blocked (unaccounted) 2.05e+03s
	compilation (IR) 7.04ms
	compilation (LCNF base) 15ms
	compilation (LCNF mono) 9.38ms
	congr simp thm 16.3ms
	elaboration 177ms
	fix level params 1.48ms
	import 3.26s
	initialization 38.7ms
	instantiate metavars 3.11ms
	interpretation 341ms
	let-to-have transformation 0.901ms
	linting 36.1ms
	parsing 23.7ms
	process pre-definitions 22.5ms
	share common exprs 4.29ms
	simp 61.2ms
	tactic execution 173ms
	type checking 286s
	typeclass inference 279ms
