$ /root/.elan/toolchains/leanprover--lean4---v4.28.0/bin/lean -j 1 -D pp.unicode.fun=true -D relaxedAutoImplicit=false -D linter.unusedSimpArgs=false -D profiler=true -D profiler.threshold=100 E17/ExplicitFarAssembly.lean -o /workspace/request-project/.lake/runner/lib/lean/E17/ExplicitFarAssembly.olean -i /workspace/request-project/.lake/runner/lib/lean/E17/ExplicitFarAssembly.ilean
interpretation of Mathlib.Tactic._aux_Mathlib_Tactic_Linarith_Frontend___elabRules_Mathlib_Tactic_nlinarith_1._boxed took 107ms
E17/ExplicitFarAssembly.lean:34:17: warning: unused variable `hδ`

Note: This linter can be disabled with `set_option linter.unusedVariables false`
interpretation of Mathlib.Tactic._aux_Mathlib_Tactic_Linarith_Frontend___elabRules_Mathlib_Tactic_nlinarith_1._boxed took 327ms
import took 3.77s
.olean serialization took 105ms
cumulative profiling times:
	.olean serialization 105ms
	attribute application 0.0763ms
	compilation (IR) 2.71ms
	compilation (LCNF base) 2.6ms
	compilation (LCNF mono) 1.13ms
	congr simp thm 6.77ms
	elaboration 60.3ms
	fix level params 0.787ms
	import 3.77s
	initialization 39.5ms
	instantiate metavars 11.8ms
	interpretation 921ms
	let-to-have transformation 0.136ms
	linting 12.5ms
	norm_num 140ms
	parsing 8.34ms
	process pre-definitions 9.38ms
	ring 35ms
	share common exprs 19.5ms
	simp 69.3ms
	tactic execution 162ms
	type checking 91.7ms
	typeclass inference 551ms
