$ /root/.elan/toolchains/leanprover--lean4---v4.28.0/bin/lean -j 1 -D pp.unicode.fun=true -D relaxedAutoImplicit=false -D linter.unusedSimpArgs=false -D profiler=true -D profiler.threshold=100 E19/GateBounds.lean -o /workspace/request-project/.lake/runner/lib/lean/E19/GateBounds.olean -i /workspace/request-project/.lake/runner/lib/lean/E19/GateBounds.ilean
interpretation of Mathlib.Tactic._aux_Mathlib_Tactic_Linarith_Frontend___elabRules_Mathlib_Tactic_nlinarith_1._boxed took 146ms
interpretation of Mathlib.Tactic._aux_Mathlib_Tactic_Linarith_Frontend___elabRules_Mathlib_Tactic_nlinarith_1._boxed took 174ms
import took 3.72s
.olean serialization took 106ms
cumulative profiling times:
	.olean serialization 106ms
	attribute application 0.405ms
	compilation (IR) 0.438ms
	compilation (LCNF base) 1.64ms
	compilation (LCNF mono) 0.601ms
	congr simp thm 7.54ms
	elaboration 47.3ms
	fix level params 1.11ms
	import 3.72s
	initialization 36.2ms
	instantiate metavars 0.642ms
	interpretation 1.01s
	let-to-have transformation 0.261ms
	linting 9.92ms
	norm_num 298ms
	parsing 10.9ms
	process pre-definitions 21ms
	ring 69.6ms
	share common exprs 16ms
	simp 44ms
	tactic execution 137ms
	type checking 154ms
	typeclass inference 506ms
