$ /root/.elan/toolchains/leanprover--lean4---v4.28.0/bin/lean -j 1 -s 32768 -D pp.unicode.fun=true -D relaxedAutoImplicit=false -D linter.unusedSimpArgs=false -D profiler=true -D profiler.threshold=100 ExactReduction/ShellObstruction.lean -o /workspace/request-project/.lake/runner/lib/lean/ExactReduction/ShellObstruction.olean -i /workspace/request-project/.lake/runner/lib/lean/ExactReduction/ShellObstruction.ilean
interpretation of Mathlib.Tactic._aux_Mathlib_Tactic_Linarith_Frontend___elabRules_Mathlib_Tactic_nlinarith_1._boxed took 995ms
import took 3.17s
.olean serialization took 135ms
cumulative profiling times:
	.olean serialization 135ms
	attribute application 0.354ms
	blocked (unaccounted) 676ms
	compilation (IR) 5.41ms
	compilation (LCNF base) 6.16ms
	compilation (LCNF mono) 3.23ms
	congr simp thm 16.3ms
	elaboration 158ms
	fix level params 3.57ms
	import 3.17s
	initialization 44.4ms
	instantiate metavars 23.4ms
	interpretation 1.46s
	let-to-have transformation 0.327ms
	linting 47.9ms
	norm_num 21.7ms
	parsing 21.9ms
	process pre-definitions 40.5ms
	ring 63.6ms
	share common exprs 24.9ms
	simp 422ms
	tactic execution 397ms
	type checking 430ms
	typeclass inference 654ms
