$ /root/.elan/toolchains/leanprover--lean4---v4.28.0/bin/lean -j 1 -s 32768 -D pp.unicode.fun=true -D relaxedAutoImplicit=false -D linter.unusedSimpArgs=false -D profiler=true -D profiler.threshold=100 ExactReduction/MinimalKernel.lean -o /workspace/request-project/.lake/runner/lib/lean/ExactReduction/MinimalKernel.olean -i /workspace/request-project/.lake/runner/lib/lean/ExactReduction/MinimalKernel.ilean
import took 3.02s
cumulative profiling times:
	.olean serialization 60.6ms
	attribute application 0.143ms
	congr simp thm 4.73ms
	elaboration 62.3ms
	fix level params 0.384ms
	import 3.02s
	initialization 37.8ms
	instantiate metavars 2.96ms
	interpretation 259ms
	let-to-have transformation 0.232ms
	linting 14.9ms
	norm_num 0.725ms
	parsing 10.4ms
	process pre-definitions 7.88ms
	share common exprs 2.42ms
	simp 92.1ms
	tactic execution 106ms
	type checking 96.6ms
	typeclass inference 270ms
