$ /root/.elan/toolchains/leanprover--lean4---v4.28.0/bin/lean -j 1 -s 32768 -D pp.unicode.fun=true -D relaxedAutoImplicit=false -D linter.unusedSimpArgs=false -D profiler=true -D profiler.threshold=100 FarExploration/AxiomCheck.lean -o /workspace/request-project/.lake/runner/lib/lean/FarExploration/AxiomCheck.olean -i /workspace/request-project/.lake/runner/lib/lean/FarExploration/AxiomCheck.ilean
'FarExploration.ThresholdCalculus.chordalTargetFrom_max' depends on axioms: [propext, Classical.choice, Quot.sound]
elaboration took 273ms
'FarExploration.ThresholdCalculus.chordalTargetAt_of_single_rounding' depends on axioms: [propext,
 Classical.choice,
 Quot.sound]
elaboration took 284ms
'FarExploration.ThresholdCalculus.chordalTargetFrom_calibrated' depends on axioms: [propext,
 Classical.choice,
 Quot.sound]
elaboration took 272ms
'FarExploration.TowerHeight.deltaFar_eq' depends on axioms: [propext, Classical.choice, Quot.sound]
elaboration took 240ms
'FarExploration.TowerHeight.k0Far_eq' depends on axioms: [propext, Classical.choice, Quot.sound]
elaboration took 246ms
'FarExploration.TowerHeight.heightFar_ge' depends on axioms: [propext, Classical.choice, Quot.sound]
elaboration took 263ms
'FarExploration.TowerHeight.tower_le_bound' depends on axioms: [propext, Classical.choice, Quot.sound]
elaboration took 395ms
'FarExploration.TowerHeight.bound_ge_tower_of_height' depends on axioms: [propext, Classical.choice, Quot.sound]
elaboration took 395ms
'FarExploration.CodegreeCleanup.uniformRoundingTarget_of_codegreeCleanup' depends on axioms: [propext,
 Classical.choice,
 Quot.sound]
elaboration took 1.23s
'FarExploration.CleanupLP.abstractCleanupAt_of_scale' depends on axioms: [propext, Classical.choice, Quot.sound]
elaboration took 315ms
'FarExploration.CleanupBridge.codegreeCleanupAt_of_abstract' depends on axioms: [propext, Classical.choice, Quot.sound]
elaboration took 312ms
'FarExploration.CleanupDuality.not_feasible_of_dualCertificate' depends on axioms: [propext,
 Classical.choice,
 Quot.sound]
elaboration took 286ms
'FarExploration.CleanupDuality.dualCertificate_of_not_feasible' depends on axioms: [propext,
 Classical.choice,
 Quot.sound]
elaboration took 299ms
'FarExploration.CleanupDuality.cleanupFeasible_iff' depends on axioms: [propext, Classical.choice, Quot.sound]
elaboration took 278ms
'FarExploration.CleanupObstruction.not_abstractCleanupAt' depends on axioms: [propext, Classical.choice, Quot.sound]
elaboration took 278ms
'FarExploration.CleanupCertificate.rigid_not_cleanupFeasible' depends on axioms: [propext, Classical.choice, Quot.sound]
elaboration took 263ms
'FarExploration.CleanupVerdict.codegreeCleanupAt_of_scale' depends on axioms: [propext, Classical.choice, Quot.sound]
elaboration took 334ms
'FarExploration.CleanupVerdict.abstractCleanup_dichotomy' depends on axioms: [propext, Classical.choice, Quot.sound]
elaboration took 306ms
'FarExploration.CleanupVerdict.obstruction_value_bound' depends on axioms: [propext, Classical.choice, Quot.sound]
elaboration took 323ms
'FarExploration.CleanupVerdict.lp_route_insufficient' depends on axioms: [propext, Classical.choice, Quot.sound]
elaboration took 348ms
'FarExploration.CleanupVerdict.not_abstractCleanupAt_applicationParameters' depends on axioms: [propext,
 Classical.choice,
 Quot.sound]
elaboration took 338ms
'FarExploration.CleanupThreshold.codegreeCleanupAt_iff_exists_threshold' depends on axioms: [propext,
 Classical.choice,
 Quot.sound]
elaboration took 166ms
'FarExploration.CleanupThreshold.threshold_gt' depends on axioms: [propext, Classical.choice, Quot.sound]
elaboration took 324ms
'FarExploration.CleanupThreshold.application_threshold_gt' depends on axioms: [propext, Classical.choice, Quot.sound]
elaboration took 323ms
'FarExploration.RuzsaSzemeredi.item_card_eq_three' depends on axioms: [propext, Classical.choice, Quot.sound]
'FarExploration.RuzsaSzemeredi.item_eq_tri' depends on axioms: [propext, Classical.choice, Quot.sound]
'FarExploration.RuzsaSzemeredi.graphSystem_rigid' depends on axioms: [propext, Classical.choice, Quot.sound]
'FarExploration.RuzsaSzemeredi.card_supports_ge' depends on axioms: [propext, Classical.choice, Quot.sound]
elaboration took 111ms
'FarExploration.RigidThreshold.rigid_threshold_gt' depends on axioms: [propext, Classical.choice, Quot.sound]
elaboration took 301ms
'FarExploration.CleanupRigidVerdict.rs_rigid_mass_ge' depends on axioms: [propext, Classical.choice, Quot.sound]
elaboration took 295ms
'FarExploration.CleanupRigidVerdict.rs_threshold_gt' depends on axioms: [propext, Classical.choice, Quot.sound]
elaboration took 301ms
'FarExploration.CleanupRigidVerdict.application_threshold_gt' depends on axioms: [propext, Classical.choice, Quot.sound]
elaboration took 341ms
'FarExploration.CleanupRigidVerdict.application_threshold_gt_behrend' depends on axioms: [propext,
 Classical.choice,
 Quot.sound]
elaboration took 1.01s
'FarExploration.CleanupRigidVerdict.threshold_gt_exp' depends on axioms: [propext, Classical.choice, Quot.sound]
elaboration took 979ms
'FarExploration.CleanupRigidVerdict.threshold_superpolynomial' depends on axioms: [propext,
 Classical.choice,
 Quot.sound]
elaboration took 972ms
'FarExploration.CleanupRigidVerdict.threshold_gt_exp_seventy_two' depends on axioms: [propext,
 Classical.choice,
 Quot.sound]
elaboration took 942ms
'FarExploration.CleanupRigidVerdict.rigid_card_le_of_cleanup' depends on axioms: [propext, Classical.choice, Quot.sound]
elaboration took 303ms
'FarExploration.CleanupDense.value_le_edges' depends on axioms: [propext, Classical.choice, Quot.sound]
elaboration took 313ms
'FarExploration.CleanupDense.densePacking_mass' depends on axioms: [propext, Classical.choice, Quot.sound]
elaboration took 337ms
'FarExploration.CleanupDense.densePacking_value' depends on axioms: [propext, Classical.choice, Quot.sound]
elaboration took 316ms
'FarExploration.CleanupDense.densePacking_codeg_le' depends on axioms: [propext, Classical.choice, Quot.sound]
elaboration took 336ms
'FarExploration.CleanupDense.dense_cleanup' depends on axioms: [propext, Classical.choice, Quot.sound]
elaboration took 352ms
'FarExploration.CleanupTriangleRegular.value_le_two_thirds_edges' depends on axioms: [propext,
 Classical.choice,
 Quot.sound]
elaboration took 294ms
'FarExploration.CleanupTriangleRegular.three_mul_card_items_eq_sum' depends on axioms: [propext,
 Classical.choice,
 Quot.sound]
elaboration took 107ms
'FarExploration.CleanupTriangleRegular.three_mul_card_items' depends on axioms: [propext, Classical.choice, Quot.sound]
elaboration took 106ms
'FarExploration.CleanupTriangleRegular.three_mul_card_items_ge' depends on axioms: [propext,
 Classical.choice,
 Quot.sound]
elaboration took 119ms
'FarExploration.CleanupTriangleRegular.uniform_codeg_le' depends on axioms: [propext, Classical.choice, Quot.sound]
elaboration took 293ms
'FarExploration.CleanupTriangleRegular.uniform_mass' depends on axioms: [propext, Classical.choice, Quot.sound]
elaboration took 291ms
'FarExploration.CleanupTriangleRegular.uniform_value' depends on axioms: [propext, Classical.choice, Quot.sound]
elaboration took 270ms
'FarExploration.CleanupTriangleRegular.triangleRegular_cleanup' depends on axioms: [propext,
 Classical.choice,
 Quot.sound]
elaboration took 301ms
'FarExploration.CleanupTriangleRegular.nearRegular_cleanup' depends on axioms: [propext, Classical.choice, Quot.sound]
elaboration took 343ms
import took 4.25s
cumulative profiling times:
	.olean serialization 2.92ms
	elaboration 17.7s
	import 4.25s
	initialization 36.7ms
	interpretation 276ms
	linting 6.86ms
	parsing 5.11ms
