$ /root/.elan/toolchains/leanprover--lean4---v4.28.0/bin/lean -j 1 -D pp.unicode.fun=true -D relaxedAutoImplicit=false -D linter.unusedSimpArgs=false -D profiler=true -D profiler.threshold=100 Nibble/BeckFiala.lean -o /workspace/request-project/.lake/runner/lib/lean/Nibble/BeckFiala.olean -i /workspace/request-project/.lake/runner/lib/lean/Nibble/BeckFiala.ilean
interpretation of Mathlib.Tactic._aux_Mathlib_Tactic_Linarith_Frontend___elabRules_Mathlib_Tactic_nlinarith_1._boxed took 124ms
typeclass inference of Nonempty took 127ms
import took 3.92s
cumulative profiling times:
	.olean serialization 73.9ms
	attribute application 0.121ms
	compilation (IR) 8.15ms
	compilation (LCNF base) 8.02ms
	compilation (LCNF mono) 3.65ms
	congr simp thm 16.7ms
	elaboration 77.8ms
	fix level params 2.76ms
	import 3.92s
	initialization 41.5ms
	instantiate metavars 55.6ms
	interpretation 1.07s
	let-to-have transformation 0.219ms
	linting 49.6ms
	norm_num 22.4ms
	parsing 25.7ms
	process pre-definitions 37.5ms
	ring 56.2ms
	share common exprs 24.2ms
	simp 334ms
	tactic execution 439ms
	type checking 142ms
	typeclass inference 1.09s
