$ /root/.elan/toolchains/leanprover--lean4---v4.28.0/bin/lean -j 1 -D pp.unicode.fun=true -D relaxedAutoImplicit=false -D linter.unusedSimpArgs=false -D profiler=true -D profiler.threshold=100 Nibble/FracNibbleLE.lean -o /workspace/request-project/.lake/runner/lib/lean/Nibble/FracNibbleLE.olean -i /workspace/request-project/.lake/runner/lib/lean/Nibble/FracNibbleLE.ilean
Nibble/FracNibbleLE.lean:153:0: warning: automatically included section variable(s) unused in theorem `Nibble.LEUnif.padWtLE_nonneg`:
  [DecidableEq X]
consider restructuring your `variable` declarations so that the variables are not in scope or explicitly omit them:
  omit [DecidableEq X] in theorem ...

Note: This linter can be disabled with `set_option linter.unusedSectionVars false`
Nibble/FracNibbleLE.lean:201:0: warning: automatically included section variable(s) unused in theorem `Nibble.LEUnif.sum_over_i`:
  [DecidableEq X]
consider restructuring your `variable` declarations so that the variables are not in scope or explicitly omit them:
  omit [DecidableEq X] in theorem ...

Note: This linter can be disabled with `set_option linter.unusedSectionVars false`
typeclass inference of Nonempty took 110ms
typeclass inference of Nonempty took 122ms
interpretation of Mathlib.Tactic._aux_Mathlib_Tactic_Linarith_Frontend___elabRules_Mathlib_Tactic_nlinarith_1._boxed took 408ms
interpretation of Mathlib.Tactic._aux_Mathlib_Tactic_Linarith_Frontend___elabRules_Mathlib_Tactic_nlinarith_1._boxed took 1.17s
typeclass inference of Nonempty took 166ms
interpretation of Mathlib.Tactic._aux_Mathlib_Tactic_Linarith_Frontend___elabRules_Mathlib_Tactic_nlinarith_1._boxed took 1.11s
interpretation of Mathlib.Tactic._aux_Mathlib_Tactic_Linarith_Frontend___elabRules_Mathlib_Tactic_nlinarith_1._boxed took 1.89s
type checking took 114ms
'Nibble.fracNibble_leUniform' depends on axioms: [propext, Classical.choice, Quot.sound]
elaboration took 1.13s
import took 4.1s
.olean serialization took 138ms
cumulative profiling times:
	.olean serialization 138ms
	attribute application 2.15ms
	blocked (unaccounted) 13.1s
	compilation (IR) 20.2ms
	compilation (LCNF base) 21.4ms
	compilation (LCNF mono) 10.2ms
	congr simp thm 24.8ms
	elaboration 1.31s
	fix level params 2.72ms
	import 4.1s
	initialization 38.9ms
	instantiate metavars 99.8ms
	interpretation 6.7s
	let-to-have transformation 0.582ms
	linting 81.7ms
	norm_num 979ms
	parsing 34.4ms
	process pre-definitions 61.2ms
	ring 132ms
	share common exprs 53.5ms
	simp 444ms
	tactic execution 795ms
	type checking 325ms
	typeclass inference 3.72s
