$ /root/.elan/toolchains/leanprover--lean4---v4.28.0/bin/lean -j 1 -D pp.unicode.fun=true -D relaxedAutoImplicit=false -D linter.unusedSimpArgs=false -D profiler=true -D profiler.threshold=100 Nibble/Tight/CubeRetention.lean -o /workspace/request-project/.lake/runner/lib/lean/Nibble/Tight/CubeRetention.olean -i /workspace/request-project/.lake/runner/lib/lean/Nibble/Tight/CubeRetention.ilean
import took 3.74s
cumulative profiling times:
	.olean serialization 94.3ms
	aesop 21.9ms
	attribute application 0.139ms
	compilation (IR) 0.358ms
	compilation (LCNF base) 0.542ms
	compilation (LCNF mono) 0.251ms
	congr simp thm 9.78ms
	elaboration 75.6ms
	fix level params 0.874ms
	import 3.74s
	initialization 37.8ms
	instantiate metavars 1.53ms
	interpretation 308ms
	let-to-have transformation 0.201ms
	linting 13ms
	parsing 8.68ms
	process pre-definitions 9.62ms
	share common exprs 3.03ms
	simp 124ms
	tactic execution 99ms
	type checking 38.4ms
	typeclass inference 298ms
