$ /root/.elan/toolchains/leanprover--lean4---v4.28.0/bin/lean -j 1 -D pp.unicode.fun=true -D relaxedAutoImplicit=false -D linter.unusedSimpArgs=false -D profiler=true -D profiler.threshold=100 Nibble/BeckFialaPairs.lean -o /workspace/request-project/.lake/runner/lib/lean/Nibble/BeckFialaPairs.olean -i /workspace/request-project/.lake/runner/lib/lean/Nibble/BeckFialaPairs.ilean
Nibble/BeckFialaPairs.lean:30:0: warning: automatically included section variable(s) unused in theorem `Nibble.BeckFiala.mem_pairClosure`:
  [DecidableEq V]
consider restructuring your `variable` declarations so that the variables are not in scope or explicitly omit them:
  omit [DecidableEq V] in theorem ...

Note: This linter can be disabled with `set_option linter.unusedSectionVars false`
import took 3.62s
cumulative profiling times:
	.olean serialization 70.2ms
	attribute application 0.114ms
	compilation (IR) 1.39ms
	compilation (LCNF base) 2.91ms
	compilation (LCNF mono) 1.33ms
	congr simp thm 4.19ms
	elaboration 47.1ms
	fix level params 1.15ms
	import 3.62s
	initialization 44.3ms
	instantiate metavars 12.8ms
	interpretation 346ms
	let-to-have transformation 0.123ms
	linting 17.5ms
	norm_num 1.06ms
	parsing 16ms
	process pre-definitions 12.9ms
	ring 5.2ms
	share common exprs 5.04ms
	simp 66.8ms
	tactic execution 224ms
	type checking 43.2ms
	typeclass inference 227ms
