$ /root/.elan/toolchains/leanprover--lean4---v4.28.0/bin/lean -j 1 -D pp.unicode.fun=true -D relaxedAutoImplicit=false -D linter.unusedSimpArgs=false -D profiler=true -D profiler.threshold=100 Nibble/AdaptiveRounds.lean -o /workspace/request-project/.lake/runner/lib/lean/Nibble/AdaptiveRounds.olean -i /workspace/request-project/.lake/runner/lib/lean/Nibble/AdaptiveRounds.ilean
import took 3.39s
cumulative profiling times:
	.olean serialization 63.6ms
	attribute application 0.587ms
	compilation (IR) 2.58ms
	compilation (LCNF base) 3.12ms
	compilation (LCNF mono) 1.98ms
	congr simp thm 12.8ms
	elaboration 125ms
	fix level params 2.61ms
	import 3.39s
	initialization 39.6ms
	instantiate metavars 12.9ms
	interpretation 675ms
	let-to-have transformation 0.354ms
	linting 40.4ms
	norm_num 10.1ms
	parsing 28.1ms
	process pre-definitions 30.9ms
	ring 55.1ms
	share common exprs 11.3ms
	simp 126ms
	tactic execution 315ms
	type checking 119ms
	typeclass inference 736ms
