$ /root/.elan/toolchains/leanprover--lean4---v4.28.0/bin/lean -j 1 -D pp.unicode.fun=true -D relaxedAutoImplicit=false -D linter.unusedSimpArgs=false -D profiler=true -D profiler.threshold=100 Nibble/Tight/SharpRoundAssembly.lean -o /workspace/request-project/.lake/runner/lib/lean/Nibble/Tight/SharpRoundAssembly.olean -i /workspace/request-project/.lake/runner/lib/lean/Nibble/Tight/SharpRoundAssembly.ilean
interpretation of Mathlib.Tactic._aux_Mathlib_Tactic_Linarith_Frontend___elabRules_Mathlib_Tactic_linarith_1._boxed took 110ms
tactic execution of Lean.Parser.Tactic.rewriteSeq took 103ms
interpretation of Mathlib.Tactic._aux_Mathlib_Tactic_Linarith_Frontend___elabRules_Mathlib_Tactic_linarith_1._boxed took 192ms
interpretation of Mathlib.Tactic._aux_Mathlib_Tactic_Linarith_Frontend___elabRules_Mathlib_Tactic_linarith_1._boxed took 114ms
type checking took 153ms
interpretation of Mathlib.Tactic._aux_Mathlib_Tactic_Linarith_Frontend___elabRules_Mathlib_Tactic_linarith_1._boxed took 103ms
interpretation of Mathlib.Tactic._aux_Mathlib_Tactic_Linarith_Frontend___elabRules_Mathlib_Tactic_linarith_1._boxed took 101ms
interpretation of Mathlib.Tactic._aux_Mathlib_Tactic_Linarith_Frontend___elabRules_Mathlib_Tactic_linarith_1._boxed took 108ms
interpretation of Mathlib.Tactic._aux_Mathlib_Tactic_Linarith_Frontend___elabRules_Mathlib_Tactic_linarith_1._boxed took 118ms
interpretation of Mathlib.Tactic._aux_Mathlib_Tactic_Linarith_Frontend___elabRules_Mathlib_Tactic_linarith_1._boxed took 120ms
interpretation of Mathlib.Tactic._aux_Mathlib_Tactic_Linarith_Frontend___elabRules_Mathlib_Tactic_linarith_1._boxed took 128ms
interpretation of Mathlib.Tactic._aux_Mathlib_Tactic_Linarith_Frontend___elabRules_Mathlib_Tactic_linarith_1._boxed took 136ms
interpretation of Mathlib.Tactic._aux_Mathlib_Tactic_Linarith_Frontend___elabRules_Mathlib_Tactic_linarith_1._boxed took 138ms
interpretation of Mathlib.Tactic._aux_Mathlib_Tactic_Linarith_Frontend___elabRules_Mathlib_Tactic_linarith_1._boxed took 163ms
interpretation of Mathlib.Tactic._aux_Mathlib_Tactic_Linarith_Frontend___elabRules_Mathlib_Tactic_linarith_1._boxed took 141ms
interpretation of Mathlib.Tactic._aux_Mathlib_Tactic_Linarith_Frontend___elabRules_Mathlib_Tactic_linarith_1._boxed took 149ms
interpretation of Mathlib.Tactic._aux_Mathlib_Tactic_Linarith_Frontend___elabRules_Mathlib_Tactic_linarith_1._boxed took 149ms
interpretation of Mathlib.Tactic._aux_Mathlib_Tactic_Linarith_Frontend___elabRules_Mathlib_Tactic_linarith_1._boxed took 198ms
interpretation of Mathlib.Tactic._aux_Mathlib_Tactic_Linarith_Frontend___elabRules_Mathlib_Tactic_linarith_1._boxed took 164ms
interpretation of Mathlib.Tactic._aux_Mathlib_Tactic_Linarith_Frontend___elabRules_Mathlib_Tactic_linarith_1._boxed took 161ms
interpretation of Mathlib.Tactic._aux_Mathlib_Tactic_Linarith_Frontend___elabRules_Mathlib_Tactic_linarith_1._boxed took 193ms
interpretation of Mathlib.Tactic._aux_Mathlib_Tactic_Linarith_Frontend___elabRules_Mathlib_Tactic_linarith_1._boxed took 188ms
interpretation of Mathlib.Tactic._aux_Mathlib_Tactic_Linarith_Frontend___elabRules_Mathlib_Tactic_linarith_1._boxed took 283ms
interpretation of Mathlib.Tactic.FieldSimp._aux_Mathlib_Tactic_FieldSimp___elabRules_Mathlib_Tactic_FieldSimp_fieldSimp_1._boxed took 135ms
tactic execution of Lean.Parser.Tactic.refine took 369ms
tactic execution of Lean.Parser.Tactic.refine took 207ms
interpretation of Mathlib.Tactic.FieldSimp._aux_Mathlib_Tactic_FieldSimp___elabRules_Mathlib_Tactic_FieldSimp_fieldSimp_1._boxed took 111ms
tactic execution of Lean.Parser.Tactic.refine took 451ms
tactic execution of Lean.Parser.Tactic.refine took 231ms
interpretation of Mathlib.Tactic._aux_Mathlib_Tactic_Linarith_Frontend___elabRules_Mathlib_Tactic_linarith_1._boxed took 241ms
interpretation of Mathlib.Tactic.FieldSimp._aux_Mathlib_Tactic_FieldSimp___elabRules_Mathlib_Tactic_FieldSimp_fieldSimp_1._boxed took 392ms
interpretation of Mathlib.Tactic.FieldSimp._aux_Mathlib_Tactic_FieldSimp___elabRules_Mathlib_Tactic_FieldSimp_fieldSimp_1._boxed took 231ms
tactic execution of Lean.Parser.Tactic.refine took 266ms
instantiate metavars took 1.86s
share common exprs took 330ms
elaboration took 149ms
type checking took 267ms
interpretation of Mathlib.TacticAnalysis.tacticAnalysis._lam_0._boxed took 148ms
linting took 178ms
import took 4.25s
.olean serialization took 165ms
cumulative profiling times:
	.olean serialization 165ms
	attribute application 0.114ms
	compilation (IR) 58.4ms
	compilation (LCNF base) 55.8ms
	compilation (LCNF mono) 25.5ms
	congr simp thm 38.8ms
	elaboration 323ms
	fix level params 10.9ms
	import 4.25s
	initialization 36.9ms
	instantiate metavars 1.95s
	interpretation 9.75s
	let-to-have transformation 0.263ms
	linting 315ms
	norm_num 2.54s
	parsing 54ms
	process pre-definitions 185ms
	ring 844ms
	share common exprs 465ms
	simp 621ms
	tactic execution 4.62s
	type checking 535ms
	typeclass inference 6.1s
