$ /root/.elan/toolchains/leanprover--lean4---v4.28.0/bin/lean -j 1 -s 32768 -D pp.unicode.fun=true -D relaxedAutoImplicit=false -D linter.unusedSimpArgs=false -D profiler=true -D profiler.threshold=100 PaperIV/RootRegularizationBridge.lean -o /workspace/request-project/.lake/runner/lib/lean/PaperIV/RootRegularizationBridge.olean -i /workspace/request-project/.lake/runner/lib/lean/PaperIV/RootRegularizationBridge.ilean
PaperIV/RootRegularizationBridge.lean:46:0: warning: automatically included section variable(s) unused in theorem `PaperIV.RootRegularizationBridge.outsideGraph_eq`:
  [Fintype V]
  [DecidableEq V]
consider restructuring your `variable` declarations so that the variables are not in scope or explicitly omit them:
  omit [Fintype V] [DecidableEq V] in theorem ...

Note: This linter can be disabled with `set_option linter.unusedSectionVars false`
PaperIV/RootRegularizationBridge.lean:49:0: warning: automatically included section variable(s) unused in theorem `PaperIV.RootRegularizationBridge.paddedPaletteSize_eq`:
  [DecidableEq V]
consider restructuring your `variable` declarations so that the variables are not in scope or explicitly omit them:
  omit [DecidableEq V] in theorem ...

Note: This linter can be disabled with `set_option linter.unusedSectionVars false`
type checking took 156ms
type checking took 119ms
type checking took 134ms
import took 3.06s
cumulative profiling times:
	.olean serialization 88ms
	attribute application 0.598ms
	elaboration 31.9ms
	fix level params 0.484ms
	import 3.06s
	initialization 37.1ms
	instantiate metavars 6.6ms
	interpretation 246ms
	let-to-have transformation 0.106ms
	linting 10.7ms
	norm_num 0.671ms
	parsing 6.08ms
	process pre-definitions 5.85ms
	ring 6.45ms
	share common exprs 3.11ms
	tactic execution 341ms
	type checking 998ms
	typeclass inference 481ms
