$ /root/.elan/toolchains/leanprover--lean4---v4.28.0/bin/lean -j 1 -s 32768 -D pp.unicode.fun=true -D relaxedAutoImplicit=false -D linter.unusedSimpArgs=false -D profiler=true -D profiler.threshold=100 PaperIV/JointTypedNibbleGate.lean -o /workspace/request-project/.lake/runner/lib/lean/PaperIV/JointTypedNibbleGate.olean -i /workspace/request-project/.lake/runner/lib/lean/PaperIV/JointTypedNibbleGate.ilean
import took 3.34s
.olean serialization took 120ms
cumulative profiling times:
	.olean serialization 120ms
	attribute application 0.55ms
	blocked (unaccounted) 1.95s
	compilation (IR) 1.48ms
	compilation (LCNF base) 2.62ms
	compilation (LCNF mono) 1.38ms
	congr simp thm 17.3ms
	elaboration 249ms
	fix level params 4.16ms
	import 3.34s
	initialization 40ms
	instantiate metavars 11.6ms
	interpretation 756ms
	let-to-have transformation 1.02ms
	linting 76.2ms
	norm_num 45.3ms
	parsing 34.9ms
	process pre-definitions 36.3ms
	ring 18.5ms
	share common exprs 14.3ms
	simp 120ms
	tactic execution 436ms
	type checking 213ms
	typeclass inference 712ms
