$ /root/.elan/toolchains/leanprover--lean4---v4.28.0/bin/lean -j 1 -s 32768 -D pp.unicode.fun=true -D relaxedAutoImplicit=false -D linter.unusedSimpArgs=false -D profiler=true -D profiler.threshold=100 PaperIV/SplitUniformIncidence.lean -o /workspace/request-project/.lake/runner/lib/lean/PaperIV/SplitUniformIncidence.olean -i /workspace/request-project/.lake/runner/lib/lean/PaperIV/SplitUniformIncidence.ilean
interpretation of Mathlib.Tactic._aux_Mathlib_Tactic_Linarith_Frontend___elabRules_Mathlib_Tactic_nlinarith_1._boxed took 327ms
interpretation of Mathlib.Tactic._aux_Mathlib_Tactic_Linarith_Frontend___elabRules_Mathlib_Tactic_nlinarith_1._boxed took 363ms
interpretation of Mathlib.Tactic._aux_Mathlib_Tactic_Linarith_Frontend___elabRules_Mathlib_Tactic_nlinarith_1._boxed took 434ms
interpretation of Mathlib.Tactic._aux_Mathlib_Tactic_Linarith_Frontend___elabRules_Mathlib_Tactic_nlinarith_1._boxed took 818ms
interpretation of Mathlib.Tactic._aux_Mathlib_Tactic_Linarith_Frontend___elabRules_Mathlib_Tactic_nlinarith_1._boxed took 436ms
type checking took 139ms
tactic execution of Lean.Parser.Tactic.decide took 115ms
type checking took 220ms
tactic execution of Lean.Parser.Tactic.decide took 101ms
type checking took 176ms
import took 3.49s
.olean serialization took 175ms
cumulative profiling times:
	.olean serialization 175ms
	attribute application 3.42ms
	compilation (IR) 35.7ms
	compilation (LCNF base) 40.5ms
	compilation (LCNF mono) 18.7ms
	congr simp thm 24.4ms
	elaboration 396ms
	fix level params 6.63ms
	import 3.49s
	initialization 43.8ms
	instantiate metavars 28.5ms
	interpretation 3.5s
	let-to-have transformation 1.38ms
	linting 122ms
	norm_num 41.3ms
	parsing 71.6ms
	process pre-definitions 105ms
	ring 203ms
	share common exprs 58.5ms
	simp 834ms
	tactic execution 1.02s
	type checking 1.28s
	typeclass inference 1.48s
