$ /root/.elan/toolchains/leanprover--lean4---v4.28.0/bin/lean -j 1 -s 32768 -D pp.unicode.fun=true -D relaxedAutoImplicit=false -D linter.unusedSimpArgs=false -D profiler=true -D profiler.threshold=100 PaperIV/CliqueTree/Separator.lean -o /workspace/request-project/.lake/runner/lib/lean/PaperIV/CliqueTree/Separator.olean -i /workspace/request-project/.lake/runner/lib/lean/PaperIV/CliqueTree/Separator.ilean
import took 3.14s
cumulative profiling times:
	.olean serialization 62.1ms
	attribute application 0.258ms
	compilation (IR) 1.26ms
	compilation (LCNF base) 2.72ms
	compilation (LCNF mono) 1.37ms
	congr simp thm 18ms
	elaboration 113ms
	fix level params 1.98ms
	import 3.14s
	initialization 52.6ms
	instantiate metavars 14.9ms
	interpretation 376ms
	let-to-have transformation 0.345ms
	linting 39.9ms
	parsing 26.4ms
	process pre-definitions 36.5ms
	share common exprs 5.44ms
	simp 264ms
	tactic execution 246ms
	type checking 48.9ms
	typeclass inference 185ms
