$ /root/.elan/toolchains/leanprover--lean4---v4.28.0/bin/lean -j 1 -s 32768 -D pp.unicode.fun=true -D relaxedAutoImplicit=false -D linter.unusedSimpArgs=false -D profiler=true -D profiler.threshold=100 PaperIV/ExteriorTriangleLift.lean -o /workspace/request-project/.lake/runner/lib/lean/PaperIV/ExteriorTriangleLift.olean -i /workspace/request-project/.lake/runner/lib/lean/PaperIV/ExteriorTriangleLift.ilean
import took 3.26s
cumulative profiling times:
	.olean serialization 48.9ms
	attribute application 2.4ms
	blocked (unaccounted) 14ms
	compilation (IR) 0.533ms
	compilation (LCNF base) 0.932ms
	compilation (LCNF mono) 0.801ms
	congr simp thm 3.41ms
	elaboration 88.7ms
	fix level params 1.61ms
	import 3.26s
	initialization 43.9ms
	instantiate metavars 3.15ms
	interpretation 255ms
	let-to-have transformation 0.299ms
	linting 26.3ms
	parsing 12.5ms
	process pre-definitions 7.93ms
	share common exprs 2.35ms
	simp 35.3ms
	tactic execution 116ms
	type checking 26.9ms
	typeclass inference 120ms
