$ /root/.elan/toolchains/leanprover--lean4---v4.28.0/bin/lean -j 1 -s 32768 -D pp.unicode.fun=true -D relaxedAutoImplicit=false -D linter.unusedSimpArgs=false -D profiler=true -D profiler.threshold=100 PaperIV/MixedRoundingAdapter.lean -o /workspace/request-project/.lake/runner/lib/lean/PaperIV/MixedRoundingAdapter.olean -i /workspace/request-project/.lake/runner/lib/lean/PaperIV/MixedRoundingAdapter.ilean
PaperIV/MixedRoundingAdapter.lean:30:0: warning: automatically included section variable(s) unused in theorem `PaperIV.MixedRoundingAdapter.pairs_eq`:
  [Fintype V]
consider restructuring your `variable` declarations so that the variables are not in scope or explicitly omit them:
  omit [Fintype V] in theorem ...

Note: This linter can be disabled with `set_option linter.unusedSectionVars false`
PaperIV/MixedRoundingAdapter.lean:32:0: warning: automatically included section variable(s) unused in theorem `PaperIV.MixedRoundingAdapter.isItem_iff`:
  [Fintype V]
  [DecidableEq V]
  [DecidableRel G.Adj]
consider restructuring your `variable` declarations so that the variables are not in scope or explicitly omit them:
  omit [Fintype V] [DecidableEq V] [DecidableRel G.Adj] in theorem ...

Note: This linter can be disabled with `set_option linter.unusedSectionVars false`
PaperIV/MixedRoundingAdapter.lean:35:0: warning: automatically included section variable(s) unused in theorem `PaperIV.MixedRoundingAdapter.gainF_eq`:
  [Fintype V]
  [DecidableEq V]
consider restructuring your `variable` declarations so that the variables are not in scope or explicitly omit them:
  omit [Fintype V] [DecidableEq V] in theorem ...

Note: This linter can be disabled with `set_option linter.unusedSectionVars false`
PaperIV/MixedRoundingAdapter.lean:38:0: warning: automatically included section variable(s) unused in theorem `PaperIV.MixedRoundingAdapter.gainOf_eq`:
  [Fintype V]
  [DecidableEq V]
consider restructuring your `variable` declarations so that the variables are not in scope or explicitly omit them:
  omit [Fintype V] [DecidableEq V] in theorem ...

Note: This linter can be disabled with `set_option linter.unusedSectionVars false`
import took 3.04s
cumulative profiling times:
	.olean serialization 55ms
	attribute application 1.26ms
	compilation (IR) 0.567ms
	compilation (LCNF base) 2.4ms
	compilation (LCNF mono) 0.553ms
	elaboration 51.8ms
	fix level params 0.401ms
	import 3.04s
	initialization 37.8ms
	instantiate metavars 0.305ms
	interpretation 217ms
	let-to-have transformation 0.164ms
	linting 8.95ms
	parsing 4.53ms
	process pre-definitions 7.28ms
	share common exprs 0.875ms
	tactic execution 30.6ms
	type checking 12.8ms
	typeclass inference 39.1ms
