$ /root/.elan/toolchains/leanprover--lean4---v4.28.0/bin/lean -j 1 -s 32768 -D pp.unicode.fun=true -D relaxedAutoImplicit=false -D linter.unusedSimpArgs=false -D profiler=true -D profiler.threshold=100 PaperIV/NearH1Localization.lean -o /workspace/request-project/.lake/runner/lib/lean/PaperIV/NearH1Localization.olean -i /workspace/request-project/.lake/runner/lib/lean/PaperIV/NearH1Localization.ilean
interpretation of Mathlib.Tactic._aux_Mathlib_Tactic_Linarith_Frontend___elabRules_Mathlib_Tactic_nlinarith_1._boxed took 107ms
interpretation of Mathlib.Tactic._aux_Mathlib_Tactic_Linarith_Frontend___elabRules_Mathlib_Tactic_nlinarith_1._boxed took 285ms
simp took 115ms
simp took 114ms
import took 3.96s
cumulative profiling times:
	.olean serialization 87.3ms
	attribute application 0.0389ms
	compilation (IR) 3.98ms
	compilation (LCNF base) 3.93ms
	compilation (LCNF mono) 1.66ms
	congr simp thm 19.2ms
	dsimp 11.4ms
	elaboration 38.1ms
	fix level params 1.04ms
	import 3.96s
	initialization 39.1ms
	instantiate metavars 16.9ms
	interpretation 1.02s
	let-to-have transformation 0.0736ms
	linting 13.3ms
	norm_num 296ms
	parsing 9.03ms
	process pre-definitions 20.1ms
	ring 35.8ms
	share common exprs 20ms
	simp 696ms
	tactic execution 364ms
	type checking 71.4ms
	typeclass inference 2.19s
