$ /root/.elan/toolchains/leanprover--lean4---v4.28.0/bin/lean -j 1 -s 32768 -D pp.unicode.fun=true -D relaxedAutoImplicit=false -D linter.unusedSimpArgs=false -D profiler=true -D profiler.threshold=100 PaperIV/RootEdgeSplit.lean -o /workspace/request-project/.lake/runner/lib/lean/PaperIV/RootEdgeSplit.olean -i /workspace/request-project/.lake/runner/lib/lean/PaperIV/RootEdgeSplit.ilean
PaperIV/RootEdgeSplit.lean:57:4: warning: `Finset.filter_card_add_filter_neg_card_eq_card` has been deprecated: Use `Finset.card_filter_add_card_filter_not` instead
import took 3.09s
cumulative profiling times:
	.olean serialization 72.8ms
	attribute application 2.08ms
	congr simp thm 3.88ms
	elaboration 87.6ms
	fix level params 1.63ms
	import 3.09s
	initialization 37.8ms
	instantiate metavars 6.01ms
	interpretation 325ms
	let-to-have transformation 0.353ms
	linting 34.4ms
	parsing 16.7ms
	process pre-definitions 13.3ms
	share common exprs 3.59ms
	simp 81.5ms
	tactic execution 178ms
	type checking 53.6ms
	typeclass inference 131ms
