$ /root/.elan/toolchains/leanprover--lean4---v4.28.0/bin/lean -j 1 -D pp.unicode.fun=true -D relaxedAutoImplicit=false -D linter.unusedSimpArgs=false -D profiler=true -D profiler.threshold=100 PaperV/WeightedTransfer.lean -o /workspace/request-project/.lake/runner/lib/lean/PaperV/WeightedTransfer.olean -i /workspace/request-project/.lake/runner/lib/lean/PaperV/WeightedTransfer.ilean
import took 2.63s
cumulative profiling times:
	.olean serialization 42.2ms
	attribute application 0.168ms
	compilation (IR) 0.612ms
	compilation (LCNF base) 1.05ms
	compilation (LCNF mono) 0.682ms
	congr simp thm 6.68ms
	elaboration 48.5ms
	fix level params 1.08ms
	import 2.63s
	initialization 35.4ms
	instantiate metavars 4.33ms
	interpretation 274ms
	let-to-have transformation 0.187ms
	linting 18.9ms
	parsing 14.8ms
	process pre-definitions 10.4ms
	share common exprs 2.87ms
	simp 109ms
	tactic execution 125ms
	type checking 59.7ms
	typeclass inference 379ms
