$ /root/.elan/toolchains/leanprover--lean4---v4.28.0/bin/lean -j 1 -s 32768 -D pp.unicode.fun=true -D relaxedAutoImplicit=false -D linter.unusedSimpArgs=false -D profiler=true -D profiler.threshold=100 PaperIV/DefectApexStability.lean -o /workspace/request-project/.lake/runner/lib/lean/PaperIV/DefectApexStability.olean -i /workspace/request-project/.lake/runner/lib/lean/PaperIV/DefectApexStability.ilean
interpretation of Mathlib.Tactic._aux_Mathlib_Tactic_Linarith_Frontend___elabRules_Mathlib_Tactic_nlinarith_1._boxed took 766ms
interpretation of Mathlib.Tactic._aux_Mathlib_Tactic_Linarith_Frontend___elabRules_Mathlib_Tactic_nlinarith_1._boxed took 1.05s
interpretation of Mathlib.Tactic._aux_Mathlib_Tactic_Linarith_Frontend___elabRules_Mathlib_Tactic_nlinarith_1._boxed took 1.16s
interpretation of Mathlib.Tactic._aux_Mathlib_Tactic_Linarith_Frontend___elabRules_Mathlib_Tactic_nlinarith_1._boxed took 1.31s
interpretation of Mathlib.Tactic._aux_Mathlib_Tactic_Linarith_Frontend___elabRules_Mathlib_Tactic_linarith_1._boxed took 259ms
interpretation of Mathlib.Tactic._aux_Mathlib_Tactic_Linarith_Frontend___elabRules_Mathlib_Tactic_linarith_1._boxed took 143ms
instantiate metavars took 120ms
import took 4.02s
.olean serialization took 157ms
cumulative profiling times:
	.olean serialization 157ms
	attribute application 1.11ms
	compilation (IR) 52.1ms
	compilation (LCNF base) 56.2ms
	compilation (LCNF mono) 24.4ms
	congr simp thm 38.7ms
	elaboration 144ms
	fix level params 5.28ms
	import 4.02s
	initialization 37ms
	instantiate metavars 142ms
	interpretation 6.2s
	let-to-have transformation 0.3ms
	linting 56.6ms
	norm_num 494ms
	parsing 26.7ms
	process pre-definitions 55ms
	ring 129ms
	share common exprs 58.7ms
	simp 918ms
	tactic execution 1.18s
	type checking 600ms
	typeclass inference 2.77s
