$ /root/.elan/toolchains/leanprover--lean4---v4.28.0/bin/lean -j 1 -s 32768 -D pp.unicode.fun=true -D relaxedAutoImplicit=false -D linter.unusedSimpArgs=false -D profiler=true -D profiler.threshold=100 PaperIV/LossBudget.lean -o /workspace/request-project/.lake/runner/lib/lean/PaperIV/LossBudget.olean -i /workspace/request-project/.lake/runner/lib/lean/PaperIV/LossBudget.ilean
import took 3.97s
.olean serialization took 102ms
cumulative profiling times:
	.olean serialization 102ms
	attribute application 0.0466ms
	elaboration 20.3ms
	fix level params 0.144ms
	import 3.97s
	initialization 35.2ms
	instantiate metavars 0.269ms
	interpretation 228ms
	let-to-have transformation 0.0886ms
	linting 3.81ms
	parsing 2.53ms
	process pre-definitions 1.66ms
	share common exprs 0.641ms
	tactic execution 14.7ms
	type checking 25.8ms
	typeclass inference 15.8ms
