$ /root/.elan/toolchains/leanprover--lean4---v4.28.0/bin/lean -j 1 -s 32768 -D pp.unicode.fun=true -D relaxedAutoImplicit=false -D linter.unusedSimpArgs=false -D profiler=true -D profiler.threshold=100 PaperIV/ChordalStructure.lean -o /workspace/request-project/.lake/runner/lib/lean/PaperIV/ChordalStructure.olean -i /workspace/request-project/.lake/runner/lib/lean/PaperIV/ChordalStructure.ilean
PaperIV/ChordalStructure.lean:135:8: warning: automatically included section variable(s) unused in theorem `_private.PaperIV.ChordalStructure.0.SimpleGraph.isSimplicial_of_rsimplicial`:
  [Fintype V]
  [DecidableEq V]
consider restructuring your `variable` declarations so that the variables are not in scope or explicitly omit them:
  omit [Fintype V] [DecidableEq V] in theorem ...

Note: This linter can be disabled with `set_option linter.unusedSectionVars false`
PaperIV/ChordalStructure.lean:141:8: warning: automatically included section variable(s) unused in theorem `_private.PaperIV.ChordalStructure.0.SimpleGraph.rstep_symm`:
  [Fintype V]
  [DecidableEq V]
consider restructuring your `variable` declarations so that the variables are not in scope or explicitly omit them:
  omit [Fintype V] [DecidableEq V] in theorem ...

Note: This linter can be disabled with `set_option linter.unusedSectionVars false`
PaperIV/ChordalStructure.lean:157:8: warning: automatically included section variable(s) unused in theorem `_private.PaperIV.ChordalStructure.0.SimpleGraph.rreach_erase`:
  [Fintype V]
consider restructuring your `variable` declarations so that the variables are not in scope or explicitly omit them:
  omit [Fintype V] in theorem ...

Note: This linter can be disabled with `set_option linter.unusedSectionVars false`
grind took 190ms
PaperIV/ChordalStructure.lean:187:53: warning: unused variable `huD`

Note: This linter can be disabled with `set_option linter.unusedVariables false`
PaperIV/ChordalStructure.lean:199:8: warning: automatically included section variable(s) unused in theorem `_private.PaperIV.ChordalStructure.0.SimpleGraph.component_sep`:
  [Fintype V]
  [DecidableEq V]
consider restructuring your `variable` declarations so that the variables are not in scope or explicitly omit them:
  omit [Fintype V] [DecidableEq V] in theorem ...

Note: This linter can be disabled with `set_option linter.unusedSectionVars false`
PaperIV/ChordalStructure.lean:210:8: warning: automatically included section variable(s) unused in theorem `_private.PaperIV.ChordalStructure.0.SimpleGraph.avoidReach_symm`:
  [Fintype V]
  [DecidableEq V]
consider restructuring your `variable` declarations so that the variables are not in scope or explicitly omit them:
  omit [Fintype V] [DecidableEq V] in theorem ...

Note: This linter can be disabled with `set_option linter.unusedSectionVars false`
PaperIV/ChordalStructure.lean:227:8: warning: automatically included section variable(s) unused in theorem `_private.PaperIV.ChordalStructure.0.SimpleGraph.avoidReach_notMem`:
  [Fintype V]
  [DecidableEq V]
consider restructuring your `variable` declarations so that the variables are not in scope or explicitly omit them:
  omit [Fintype V] [DecidableEq V] in theorem ...

Note: This linter can be disabled with `set_option linter.unusedSectionVars false`
PaperIV/ChordalStructure.lean:235:8: warning: automatically included section variable(s) unused in theorem `_private.PaperIV.ChordalStructure.0.SimpleGraph.avoidReach_walk`:
  [Fintype V]
  [DecidableEq V]
consider restructuring your `variable` declarations so that the variables are not in scope or explicitly omit them:
  omit [Fintype V] [DecidableEq V] in theorem ...

Note: This linter can be disabled with `set_option linter.unusedSectionVars false`
PaperIV/ChordalStructure.lean:248:8: warning: automatically included section variable(s) unused in theorem `_private.PaperIV.ChordalStructure.0.SimpleGraph.sep_exists_aside_nbr`:
  [Fintype V]
consider restructuring your `variable` declarations so that the variables are not in scope or explicitly omit them:
  omit [Fintype V] in theorem ...

Note: This linter can be disabled with `set_option linter.unusedSectionVars false`
grind took 158ms
PaperIV/ChordalStructure.lean:266:8: warning: automatically included section variable(s) unused in theorem `_private.PaperIV.ChordalStructure.0.SimpleGraph.reachable_induce_of_walk`:
  [Fintype V]
  [DecidableEq V]
consider restructuring your `variable` declarations so that the variables are not in scope or explicitly omit them:
  omit [Fintype V] [DecidableEq V] in theorem ...

Note: This linter can be disabled with `set_option linter.unusedSectionVars false`
tactic execution of Lean.Parser.Tactic.grind took 252ms
grind took 164ms
grind took 309ms
simp took 290ms
PaperIV/ChordalStructure.lean:333:8: warning: automatically included section variable(s) unused in theorem `_private.PaperIV.ChordalStructure.0.SimpleGraph.two_induced_paths_not_chordal`:
  [Fintype V]
consider restructuring your `variable` declarations so that the variables are not in scope or explicitly omit them:
  omit [Fintype V] in theorem ...

Note: This linter can be disabled with `set_option linter.unusedSectionVars false`
simp took 194ms
simp took 165ms
simp took 175ms
simp took 115ms
simp took 167ms
PaperIV/ChordalStructure.lean:389:0: warning: automatically included section variable(s) unused in theorem `SimpleGraph.IsChordal.induce`:
  [Fintype V]
  [DecidableEq V]
consider restructuring your `variable` declarations so that the variables are not in scope or explicitly omit them:
  omit [Fintype V] [DecidableEq V] in theorem ...

Note: This linter can be disabled with `set_option linter.unusedSectionVars false`
PaperIV/ChordalStructure.lean:400:8: warning: automatically included section variable(s) unused in theorem `_private.PaperIV.ChordalStructure.0.SimpleGraph.rsimplicial_of_induce_simplicial`:
  [Fintype V]
  [DecidableEq V]
consider restructuring your `variable` declarations so that the variables are not in scope or explicitly omit them:
  omit [Fintype V] [DecidableEq V] in theorem ...

Note: This linter can be disabled with `set_option linter.unusedSectionVars false`
simp took 334ms
PaperIV/ChordalStructure.lean:412:8: warning: automatically included section variable(s) unused in theorem `_private.PaperIV.ChordalStructure.0.SimpleGraph.isSimplicial_of_induce`:
  [Fintype V]
  [DecidableEq V]
consider restructuring your `variable` declarations so that the variables are not in scope or explicitly omit them:
  omit [Fintype V] [DecidableEq V] in theorem ...

Note: This linter can be disabled with `set_option linter.unusedSectionVars false`
PaperIV/ChordalStructure.lean:450:8: warning: automatically included section variable(s) unused in theorem `_private.PaperIV.ChordalStructure.0.SimpleGraph.exists_minimal_separator`:
  [DecidableEq V]
consider restructuring your `variable` declarations so that the variables are not in scope or explicitly omit them:
  omit [DecidableEq V] in theorem ...

Note: This linter can be disabled with `set_option linter.unusedSectionVars false`
simp took 132ms
simp took 702ms
simp took 1.28s
simp took 175ms
simp took 1.37s
simp took 176ms
simp took 1.38s
simp took 179ms
simp took 182ms
simp took 103ms
simp took 177ms
simp took 101ms
simp took 1.05s
simp took 131ms
simp took 210ms
simp took 122ms
simp took 213ms
simp took 964ms
simp took 131ms
simp took 219ms
simp took 1.04s
simp took 1.03s
simp took 137ms
simp took 208ms
simp took 1.05s
simp took 141ms
simp took 211ms
simp took 250ms
simp took 1.87s
simp took 136ms
simp took 101ms
simp took 248ms
simp took 260ms
simp took 374ms
simp took 578ms
simp took 130ms
grind took 1.41s
simp took 120ms
simp took 146ms
simp took 121ms
simp took 126ms
simp took 117ms
simp took 122ms
simp took 117ms
simp took 135ms
simp took 121ms
simp took 119ms
simp took 142ms
simp took 361ms
simp took 366ms
grind took 889ms
PaperIV/ChordalStructure.lean:737:8: warning: automatically included section variable(s) unused in theorem `_private.PaperIV.ChordalStructure.0.SimpleGraph.avoidReach_iff_set`:
  [Fintype V]
  [DecidableEq V]
consider restructuring your `variable` declarations so that the variables are not in scope or explicitly omit them:
  omit [Fintype V] [DecidableEq V] in theorem ...

Note: This linter can be disabled with `set_option linter.unusedSectionVars false`
import took 3.87s
cumulative profiling times:
	.olean serialization 89.1ms
	aesop 696ms
	attribute application 0.652ms
	blocked (unaccounted) 317s
	compilation (IR) 57.8ms
	compilation (LCNF base) 69.4ms
	compilation (LCNF mono) 27.2ms
	congr simp thm 325ms
	elaboration 237ms
	fix level params 18.5ms
	grind 3.32s
	grind ac 1.27ms
	grind canon 423ms
	grind cutsat 3.05ms
	grind ematch 520ms
	grind linarith 0.286ms
	grind mark subsingleton 340ms
	grind ring 3.65ms
	grind simp 2.05s
	grind typeclass inference 284ms
	import 3.87s
	initialization 47.8ms
	instantiate metavars 153ms
	interpretation 1.26s
	let-to-have transformation 0.662ms
	linting 98.7ms
	norm_num 5.56ms
	parsing 45.5ms
	process pre-definitions 77.6ms
	ring 24.4ms
	share common exprs 34.3ms
	simp 33s
	tactic execution 2.04s
	type checking 307ms
	typeclass inference 40.1s
