$ /root/.elan/toolchains/leanprover--lean4---v4.28.0/bin/lean -j 1 -s 32768 -D pp.unicode.fun=true -D relaxedAutoImplicit=false -D linter.unusedSimpArgs=false -D profiler=true -D profiler.threshold=100 PaperIV/ResourceSizes.lean -o /workspace/request-project/.lake/runner/lib/lean/PaperIV/ResourceSizes.olean -i /workspace/request-project/.lake/runner/lib/lean/PaperIV/ResourceSizes.ilean
PaperIV/ResourceSizes.lean:45:0: warning: automatically included section variable(s) unused in theorem `PaperIV.ResourceSizes.singleton_pairwiseDisjoint`:
  [Fintype ρ]
  [DecidableEq ρ]
consider restructuring your `variable` declarations so that the variables are not in scope or explicitly omit them:
  omit [Fintype ρ] [DecidableEq ρ] in theorem ...

Note: This linter can be disabled with `set_option linter.unusedSectionVars false`
import took 3.97s
cumulative profiling times:
	.olean serialization 68.3ms
	attribute application 0.0732ms
	congr simp thm 1.97ms
	elaboration 47ms
	fix level params 0.266ms
	import 3.97s
	initialization 43.1ms
	instantiate metavars 0.368ms
	interpretation 331ms
	let-to-have transformation 0.21ms
	linting 8.48ms
	norm_num 17.8ms
	parsing 4.48ms
	process pre-definitions 4.09ms
	ring 9.36ms
	share common exprs 3.01ms
	simp 11.7ms
	tactic execution 7.27ms
	type checking 32ms
	typeclass inference 137ms
