$ /root/.elan/toolchains/leanprover--lean4---v4.28.0/bin/lean -j 1 -s 32768 -D pp.unicode.fun=true -D relaxedAutoImplicit=false -D linter.unusedSimpArgs=false -D profiler=true -D profiler.threshold=100 PaperIV/TransportedMatchings.lean -o /workspace/request-project/.lake/runner/lib/lean/PaperIV/TransportedMatchings.olean -i /workspace/request-project/.lake/runner/lib/lean/PaperIV/TransportedMatchings.ilean
PaperIV/TransportedMatchings.lean:52:4: warning: try 'simp' instead of 'simpa'

Note: This linter can be disabled with `set_option linter.unnecessarySimpa false`
PaperIV/TransportedMatchings.lean:94:0: warning: automatically included section variable(s) unused in theorem `PaperIV.TransportedMatchings.card_mapColourClass`:
  [DecidableEq A]
consider restructuring your `variable` declarations so that the variables are not in scope or explicitly omit them:
  omit [DecidableEq A] in theorem ...

Note: This linter can be disabled with `set_option linter.unusedSectionVars false`
import took 2.4s
cumulative profiling times:
	.olean serialization 35ms
	attribute application 0.0832ms
	compilation (IR) 0.539ms
	compilation (LCNF base) 1.24ms
	compilation (LCNF mono) 0.872ms
	congr simp thm 3.07ms
	elaboration 32.6ms
	fix level params 0.989ms
	import 2.4s
	initialization 37.8ms
	instantiate metavars 5.16ms
	interpretation 168ms
	let-to-have transformation 0.0973ms
	linting 10.6ms
	parsing 5.55ms
	process pre-definitions 5.55ms
	share common exprs 1.61ms
	simp 50ms
	tactic execution 73ms
	type checking 11.6ms
	typeclass inference 121ms
