$ /root/.elan/toolchains/leanprover--lean4---v4.28.0/bin/lean -j 1 -s 32768 -D pp.unicode.fun=true -D relaxedAutoImplicit=false -D linter.unusedSimpArgs=false -D profiler=true -D profiler.threshold=100 PaperIV/PatternCounting.lean -o /workspace/request-project/.lake/runner/lib/lean/PaperIV/PatternCounting.olean -i /workspace/request-project/.lake/runner/lib/lean/PaperIV/PatternCounting.ilean
PaperIV/PatternCounting.lean:64:0: warning: automatically included section variable(s) unused in theorem `PaperIV.PatternCounting.adjInd_nonneg`:
  [Fintype α]
  [DecidableEq α]
consider restructuring your `variable` declarations so that the variables are not in scope or explicitly omit them:
  omit [Fintype α] [DecidableEq α] in theorem ...

Note: This linter can be disabled with `set_option linter.unusedSectionVars false`
PaperIV/PatternCounting.lean:67:0: warning: automatically included section variable(s) unused in theorem `PaperIV.PatternCounting.adjInd_le_one`:
  [Fintype α]
  [DecidableEq α]
consider restructuring your `variable` declarations so that the variables are not in scope or explicitly omit them:
  omit [Fintype α] [DecidableEq α] in theorem ...

Note: This linter can be disabled with `set_option linter.unusedSectionVars false`
PaperIV/PatternCounting.lean:85:0: warning: automatically included section variable(s) unused in theorem `PaperIV.PatternCounting.setTwo_left`:
  [Fintype ι]
  [Fintype α]
  [DecidableEq α]
consider restructuring your `variable` declarations so that the variables are not in scope or explicitly omit them:
  omit [Fintype ι] [Fintype α] [DecidableEq α] in theorem ...

Note: This linter can be disabled with `set_option linter.unusedSectionVars false`
PaperIV/PatternCounting.lean:88:0: warning: automatically included section variable(s) unused in theorem `PaperIV.PatternCounting.setTwo_right`:
  [Fintype ι]
  [Fintype α]
  [DecidableEq α]
consider restructuring your `variable` declarations so that the variables are not in scope or explicitly omit them:
  omit [Fintype ι] [Fintype α] [DecidableEq α] in theorem ...

Note: This linter can be disabled with `set_option linter.unusedSectionVars false`
PaperIV/PatternCounting.lean:92:0: warning: automatically included section variable(s) unused in theorem `PaperIV.PatternCounting.setTwo_other`:
  [Fintype ι]
  [Fintype α]
  [DecidableEq α]
consider restructuring your `variable` declarations so that the variables are not in scope or explicitly omit them:
  omit [Fintype ι] [Fintype α] [DecidableEq α] in theorem ...

Note: This linter can be disabled with `set_option linter.unusedSectionVars false`
PaperIV/PatternCounting.lean:194:0: warning: automatically included section variable(s) unused in theorem `PaperIV.PatternCounting.ne_j_of_mem_touch`:
  [Fintype ι]
consider restructuring your `variable` declarations so that the variables are not in scope or explicitly omit them:
  omit [Fintype ι] in theorem ...

Note: This linter can be disabled with `set_option linter.unusedSectionVars false`
PaperIV/PatternCounting.lean:282:0: warning: automatically included section variable(s) unused in theorem `PaperIV.PatternCounting.prod_adjInd_zero_or_one`:
  [Fintype ι]
  [DecidableEq ι]
  [Fintype α]
  [DecidableEq α]
consider restructuring your `variable` declarations so that the variables are not in scope or explicitly omit them:
  omit [Fintype ι] [DecidableEq ι] [Fintype α] [DecidableEq α] in theorem ...

Note: This linter can be disabled with `set_option linter.unusedSectionVars false`
PaperIV/PatternCounting.lean:292:0: warning: automatically included section variable(s) unused in theorem `PaperIV.PatternCounting.prod_adjInd_nonneg`:
  [Fintype ι]
  [DecidableEq ι]
consider restructuring your `variable` declarations so that the variables are not in scope or explicitly omit them:
  omit [Fintype ι] [DecidableEq ι] in theorem ...

Note: This linter can be disabled with `set_option linter.unusedSectionVars false`
PaperIV/PatternCounting.lean:294:26: warning: unused variable `e`

Note: This linter can be disabled with `set_option linter.unusedVariables false`
PaperIV/PatternCounting.lean:296:0: warning: automatically included section variable(s) unused in theorem `PaperIV.PatternCounting.prod_adjInd_le_one`:
  [Fintype ι]
  [DecidableEq ι]
consider restructuring your `variable` declarations so that the variables are not in scope or explicitly omit them:
  omit [Fintype ι] [DecidableEq ι] in theorem ...

Note: This linter can be disabled with `set_option linter.unusedSectionVars false`
PaperIV/PatternCounting.lean:298:26: warning: unused variable `e`

Note: This linter can be disabled with `set_option linter.unusedVariables false`
PaperIV/PatternCounting.lean:298:57: warning: unused variable `e`

Note: This linter can be disabled with `set_option linter.unusedVariables false`
PaperIV/PatternCounting.lean:301:0: warning: automatically included section variable(s) unused in theorem `PaperIV.PatternCounting.sum_adjInd_eq_card_interedges`:
  [Fintype α]
  [DecidableEq α]
consider restructuring your `variable` declarations so that the variables are not in scope or explicitly omit them:
  omit [Fintype α] [DecidableEq α] in theorem ...

Note: This linter can be disabled with `set_option linter.unusedSectionVars false`
PaperIV/PatternCounting.lean:314:0: warning: automatically included section variable(s) unused in theorem `PaperIV.PatternCounting.sum_mul_indicator`:
  [Fintype α]
  [DecidableEq α]
consider restructuring your `variable` declarations so that the variables are not in scope or explicitly omit them:
  omit [Fintype α] [DecidableEq α] in theorem ...

Note: This linter can be disabled with `set_option linter.unusedSectionVars false`
PaperIV/PatternCounting.lean:326:0: warning: automatically included section variable(s) unused in theorem `PaperIV.PatternCounting.card_freeze_mul`:
  [Fintype α]
  [DecidableEq α]
consider restructuring your `variable` declarations so that the variables are not in scope or explicitly omit them:
  omit [Fintype α] [DecidableEq α] in theorem ...

Note: This linter can be disabled with `set_option linter.unusedSectionVars false`
PaperIV/PatternCounting.lean:364:5: warning: unused variable `hε`

Note: This linter can be disabled with `set_option linter.unusedVariables false`
PaperIV/PatternCounting.lean:466:0: warning: automatically included section variable(s) unused in theorem `PaperIV.PatternCounting.patCount_empty`:
  [Fintype α]
  [DecidableEq α]
consider restructuring your `variable` declarations so that the variables are not in scope or explicitly omit them:
  omit [Fintype α] [DecidableEq α] in theorem ...

Note: This linter can be disabled with `set_option linter.unusedSectionVars false`
interpretation of Mathlib.Tactic._aux_Mathlib_Tactic_Linarith_Frontend___elabRules_Mathlib_Tactic_nlinarith_1._boxed took 203ms
PaperIV/PatternCounting.lean:550:0: warning: automatically included section variable(s) unused in theorem `PaperIV.PatternCounting.patCount_eq_card`:
  [Fintype α]
  [DecidableEq α]
consider restructuring your `variable` declarations so that the variables are not in scope or explicitly omit them:
  omit [Fintype α] [DecidableEq α] in theorem ...

Note: This linter can be disabled with `set_option linter.unusedSectionVars false`
PaperIV/PatternCounting.lean:594:9: warning: unused variable `e`

Note: This linter can be disabled with `set_option linter.unusedVariables false`
PaperIV/PatternCounting.lean:595:9: warning: unused variable `e`

Note: This linter can be disabled with `set_option linter.unusedVariables false`
type checking took 155ms
type checking took 167ms
import took 3.5s
.olean serialization took 106ms
cumulative profiling times:
	.olean serialization 106ms
	attribute application 0.453ms
	compilation (IR) 4.44ms
	compilation (LCNF base) 11.7ms
	compilation (LCNF mono) 6.81ms
	congr simp thm 19.5ms
	dsimp 3.68ms
	elaboration 245ms
	fix level params 3.52ms
	import 3.5s
	initialization 41.5ms
	instantiate metavars 25.9ms
	interpretation 917ms
	let-to-have transformation 1.05ms
	linting 69.3ms
	norm_num 10.6ms
	parsing 41.3ms
	process pre-definitions 40.3ms
	ring 24.1ms
	share common exprs 12.8ms
	simp 176ms
	tactic execution 787ms
	type checking 665ms
	typeclass inference 721ms
