$ /root/.elan/toolchains/leanprover--lean4---v4.28.0/bin/lean -j 1 -s 32768 -D pp.unicode.fun=true -D relaxedAutoImplicit=false -D linter.unusedSimpArgs=false -D profiler=true -D profiler.threshold=100 PaperIV/PublicationIncrementAudit.lean -o /workspace/request-project/.lake/runner/lib/lean/PaperIV/PublicationIncrementAudit.olean -i /workspace/request-project/.lake/runner/lib/lean/PaperIV/PublicationIncrementAudit.ilean
'PaperIV.DefectSharpPublication.rooted_defect_eventual' depends on axioms: [propext, Classical.choice, Quot.sound]
elaboration took 1.79s
'PaperIV.DefectSharpPublication.comparator_baseline_eq_target' depends on axioms: [propext,
 Classical.choice,
 Quot.sound]
elaboration took 242ms
'PaperIV.DefectSharpPublication.exists_defect_lower_witness' depends on axioms: [propext, Classical.choice, Quot.sound]
elaboration took 264ms
'PaperIV.DefectSharpPublication.rooted_defect_maximum' depends on axioms: [propext, Classical.choice, Quot.sound]
elaboration took 1.66s
'PaperIV.DefectSharpPublication.order_three_insufficient' depends on axioms: [propext, Classical.choice, Quot.sound]
elaboration took 120ms
'PaperIV.RootedDefectZero.rootedDefect_zero_iff_isChordal' depends on axioms: [propext, Classical.choice, Quot.sound]
elaboration took 303ms
'PaperIV.DefectComparatorLower.cliquePartition_size_ge_defect_baseline' depends on axioms: [propext,
 Classical.choice,
 Quot.sound]
'PaperIV.DefectComparatorRootedDefect.rootedDefectAt_defSplitGraph' depends on axioms: [propext,
 Classical.choice,
 Quot.sound]
PASS PaperIV.DefectSharpPublication.rooted_defect_eventual: 41430 transitive constants; axioms [propext,
 Classical.choice,
 Quot.sound]
PASS PaperIV.DefectSharpPublication.comparator_baseline_eq_target: 12029 transitive constants; axioms [propext,
 Classical.choice,
 Quot.sound]
PASS PaperIV.DefectSharpPublication.exists_defect_lower_witness: 13042 transitive constants; axioms [propext,
 Classical.choice,
 Quot.sound]
PASS PaperIV.DefectSharpPublication.rooted_defect_maximum: 41523 transitive constants; axioms [propext,
 Classical.choice,
 Quot.sound]
PASS PaperIV.DefectSharpPublication.order_three_insufficient: 6737 transitive constants; axioms [propext,
 Classical.choice,
 Quot.sound]
PASS PaperIV.RootedDefectZero.rootedDefect_zero_iff_isChordal: 13774 transitive constants; axioms [propext,
 Classical.choice,
 Quot.sound]
PASS PaperIV.DefectComparatorLower.cliquePartition_size_ge_defect_baseline: 4944 transitive constants; axioms [propext,
 Classical.choice,
 Quot.sound]
PASS PaperIV.DefectComparatorRootedDefect.rootedDefectAt_defSplitGraph: 4049 transitive constants; axioms [propext,
 Classical.choice,
 Quot.sound]
Publication increment: constant-cone, axiom whitelist and import checks PASSED.
interpretation of PaperIV.PublicationIncrementAudit._aux_PaperIV_PublicationIncrementAudit___elabRules_PaperIV_PublicationIncrementAudit_commandAuditPublicationIncrement_1._boxed took 5.24s
import took 9.16s
cumulative profiling times:
	.olean serialization 11ms
	attribute application 0.247ms
	blocked (unaccounted) 91ms
	compilation (IR) 6.2ms
	compilation (LCNF base) 32.7ms
	compilation (LCNF mono) 6.75ms
	elaboration 4.58s
	fix level params 0.0567ms
	import 9.16s
	initialization 45.2ms
	instantiate metavars 0.0233ms
	interpretation 5.61s
	let-to-have transformation 1.13ms
	linting 4.11ms
	parsing 2.85ms
	process pre-definitions 2.68ms
	share common exprs 0.579ms
	type checking 2.56ms
	typeclass inference 28.7ms
