$ /root/.elan/toolchains/leanprover--lean4---v4.28.0/bin/lean -j 1 -s 32768 -D pp.unicode.fun=true -D relaxedAutoImplicit=false -D linter.unusedSimpArgs=false -D profiler=true -D profiler.threshold=100 PaperIV/CyclicLayering.lean -o /workspace/request-project/.lake/runner/lib/lean/PaperIV/CyclicLayering.olean -i /workspace/request-project/.lake/runner/lib/lean/PaperIV/CyclicLayering.ilean
import took 3.1s
cumulative profiling times:
	.olean serialization 58.4ms
	attribute application 0.0486ms
	compilation (IR) 0.359ms
	compilation (LCNF base) 0.899ms
	compilation (LCNF mono) 0.576ms
	congr simp thm 9.1ms
	elaboration 19.5ms
	fix level params 0.676ms
	import 3.1s
	initialization 35.9ms
	instantiate metavars 14.2ms
	interpretation 203ms
	let-to-have transformation 0.0481ms
	linting 9.8ms
	parsing 3.64ms
	process pre-definitions 7.23ms
	share common exprs 1.56ms
	simp 503ms
	tactic execution 197ms
	type checking 7.91ms
	typeclass inference 40.3ms
