$ /root/.elan/toolchains/leanprover--lean4---v4.28.0/bin/lean -j 1 -s 32768 -D pp.unicode.fun=true -D relaxedAutoImplicit=false -D linter.unusedSimpArgs=false -D profiler=true -D profiler.threshold=100 PaperIV/RC01ResidualCoverage.lean -o /workspace/request-project/.lake/runner/lib/lean/PaperIV/RC01ResidualCoverage.olean -i /workspace/request-project/.lake/runner/lib/lean/PaperIV/RC01ResidualCoverage.ilean
PaperIV/RC01ResidualCoverage.lean:162:5: warning: unused variable `R`

Note: This linter can be disabled with `set_option linter.unusedVariables false`
import took 3.41s
.olean serialization took 124ms
cumulative profiling times:
	.olean serialization 124ms
	attribute application 0.309ms
	compilation (IR) 1.71ms
	compilation (LCNF base) 2.26ms
	compilation (LCNF mono) 1.04ms
	congr simp thm 7.81ms
	elaboration 227ms
	fix level params 3.86ms
	import 3.41s
	initialization 36.7ms
	instantiate metavars 27.1ms
	interpretation 743ms
	let-to-have transformation 0.599ms
	linting 94.6ms
	norm_num 44.4ms
	parsing 30.8ms
	process pre-definitions 39.2ms
	ring 50.7ms
	share common exprs 14.6ms
	simp 166ms
	tactic execution 752ms
	type checking 134ms
	typeclass inference 816ms
