$ /root/.elan/toolchains/leanprover--lean4---v4.28.0/bin/lean -j 1 -s 32768 -D pp.unicode.fun=true -D relaxedAutoImplicit=false -D linter.unusedSimpArgs=false -D profiler=true -D profiler.threshold=100 PaperIV/SplitTriangleFactorHighHost.lean -o /workspace/request-project/.lake/runner/lib/lean/PaperIV/SplitTriangleFactorHighHost.olean -i /workspace/request-project/.lake/runner/lib/lean/PaperIV/SplitTriangleFactorHighHost.ilean
interpretation of Mathlib.Tactic._aux_Mathlib_Tactic_Linarith_Frontend___elabRules_Mathlib_Tactic_nlinarith_1._boxed took 368ms
import took 3.05s
cumulative profiling times:
	.olean serialization 100ms
	attribute application 0.352ms
	compilation (IR) 3.53ms
	compilation (LCNF base) 5.61ms
	compilation (LCNF mono) 2.48ms
	congr simp thm 4.23ms
	elaboration 177ms
	fix level params 4.41ms
	import 3.05s
	initialization 39.8ms
	instantiate metavars 32.6ms
	interpretation 733ms
	let-to-have transformation 0.505ms
	linting 38ms
	norm_num 1.96ms
	parsing 21.9ms
	process pre-definitions 24.8ms
	ring 15.4ms
	share common exprs 17.4ms
	simp 74.3ms
	tactic execution 388ms
	type checking 335ms
	typeclass inference 433ms
