$ /root/.elan/toolchains/leanprover--lean4---v4.28.0/bin/lean -j 1 -s 32768 -D pp.unicode.fun=true -D relaxedAutoImplicit=false -D linter.unusedSimpArgs=false -D profiler=true -D profiler.threshold=100 PaperIV/RootedCounting.lean -o /workspace/request-project/.lake/runner/lib/lean/PaperIV/RootedCounting.olean -i /workspace/request-project/.lake/runner/lib/lean/PaperIV/RootedCounting.ilean
PaperIV/RootedCounting.lean:88:0: warning: automatically included section variable(s) unused in theorem `PaperIV.RootedCounting.second_moment_eq`:
  [DecidableEq ρ]
consider restructuring your `variable` declarations so that the variables are not in scope or explicitly omit them:
  omit [DecidableEq ρ] in theorem ...

Note: This linter can be disabled with `set_option linter.unusedSectionVars false`
PaperIV/RootedCounting.lean:130:0: warning: automatically included section variable(s) unused in theorem `PaperIV.RootedCounting.card_bad_roots_le`:
  [DecidableEq ρ]
consider restructuring your `variable` declarations so that the variables are not in scope or explicitly omit them:
  omit [DecidableEq ρ] in theorem ...

Note: This linter can be disabled with `set_option linter.unusedSectionVars false`
import took 2.59s
cumulative profiling times:
	.olean serialization 42.3ms
	attribute application 0.047ms
	elaboration 29.1ms
	fix level params 0.576ms
	import 2.59s
	initialization 38.6ms
	instantiate metavars 0.979ms
	interpretation 263ms
	let-to-have transformation 0.068ms
	linting 9.43ms
	norm_num 5.02ms
	parsing 5.24ms
	process pre-definitions 7.94ms
	ring 28.3ms
	share common exprs 4.5ms
	tactic execution 133ms
	type checking 39.6ms
	typeclass inference 212ms
