$ /root/.elan/toolchains/leanprover--lean4---v4.28.0/bin/lean -j 1 -s 32768 -D pp.unicode.fun=true -D relaxedAutoImplicit=false -D linter.unusedSimpArgs=false -D profiler=true -D profiler.threshold=100 PaperIV/SplitPackingObstruction.lean -o /workspace/request-project/.lake/runner/lib/lean/PaperIV/SplitPackingObstruction.olean -i /workspace/request-project/.lake/runner/lib/lean/PaperIV/SplitPackingObstruction.ilean
PaperIV/SplitPackingObstruction.lean:36:0: warning: automatically included section variable(s) unused in theorem `PaperIV.SplitPackingObstruction.subset_core_union_hosts`:
  [Fintype V]
consider restructuring your `variable` declarations so that the variables are not in scope or explicitly omit them:
  omit [Fintype V] in theorem ...

Note: This linter can be disabled with `set_option linter.unusedSectionVars false`
PaperIV/SplitPackingObstruction.lean:54:0: warning: automatically included section variable(s) unused in theorem `PaperIV.SplitPackingObstruction.card_inter_hosts_le_one`:
  [Fintype V]
consider restructuring your `variable` declarations so that the variables are not in scope or explicitly omit them:
  omit [Fintype V] in theorem ...

Note: This linter can be disabled with `set_option linter.unusedSectionVars false`
interpretation of Mathlib.Tactic._aux_Mathlib_Tactic_Linarith_Frontend___elabRules_Mathlib_Tactic_nlinarith_1._boxed took 224ms
PaperIV/SplitPackingObstruction.lean:177:0: warning: automatically included section variable(s) unused in theorem `PaperIV.SplitPackingObstruction.filter_coveredEdges`:
  [Fintype V]
consider restructuring your `variable` declarations so that the variables are not in scope or explicitly omit them:
  omit [Fintype V] in theorem ...

Note: This linter can be disabled with `set_option linter.unusedSectionVars false`
import took 3.17s
cumulative profiling times:
	.olean serialization 64.7ms
	attribute application 0.151ms
	compilation (IR) 3.51ms
	compilation (LCNF base) 3.79ms
	compilation (LCNF mono) 2.22ms
	congr simp thm 6.24ms
	elaboration 71.5ms
	fix level params 1.32ms
	import 3.17s
	initialization 41.1ms
	instantiate metavars 5.04ms
	interpretation 508ms
	let-to-have transformation 0.199ms
	linting 24.5ms
	norm_num 1.5ms
	parsing 11.3ms
	process pre-definitions 12ms
	ring 8.29ms
	share common exprs 4.11ms
	simp 98.7ms
	tactic execution 226ms
	type checking 153ms
	typeclass inference 260ms
