$ /root/.elan/toolchains/leanprover--lean4---v4.28.0/bin/lean -j 1 -s 32768 -D pp.unicode.fun=true -D relaxedAutoImplicit=false -D linter.unusedSimpArgs=false -D profiler=true -D profiler.threshold=100 PaperIV/CliqueTree/Helly.lean -o /workspace/request-project/.lake/runner/lib/lean/PaperIV/CliqueTree/Helly.olean -i /workspace/request-project/.lake/runner/lib/lean/PaperIV/CliqueTree/Helly.ilean
import took 3.02s
cumulative profiling times:
	.olean serialization 49.2ms
	attribute application 0.0878ms
	congr simp thm 1.28ms
	elaboration 35.5ms
	fix level params 0.417ms
	import 3.02s
	initialization 38.9ms
	instantiate metavars 0.87ms
	interpretation 217ms
	let-to-have transformation 0.141ms
	linting 8.93ms
	parsing 7.47ms
	process pre-definitions 3.23ms
	share common exprs 0.836ms
	simp 8.65ms
	tactic execution 36.1ms
	type checking 6.79ms
	typeclass inference 22.1ms
