$ /root/.elan/toolchains/leanprover--lean4---v4.28.0/bin/lean -j 1 -s 32768 -D pp.unicode.fun=true -D relaxedAutoImplicit=false -D linter.unusedSimpArgs=false -D profiler=true -D profiler.threshold=100 PaperIV/RD09PaddedL1Adapter.lean -o /workspace/request-project/.lake/runner/lib/lean/PaperIV/RD09PaddedL1Adapter.olean -i /workspace/request-project/.lake/runner/lib/lean/PaperIV/RD09PaddedL1Adapter.ilean
PaperIV/RD09PaddedL1Adapter.lean:30:0: warning: automatically included section variable(s) unused in theorem `PaperIV.RD09PaddedL1Adapter.paddedIncompatCount_eq_card_badCoreEdges`:
  [DecidableEq I]
consider restructuring your `variable` declarations so that the variables are not in scope or explicitly omit them:
  omit [DecidableEq I] in theorem ...

Note: This linter can be disabled with `set_option linter.unusedSectionVars false`
import took 3.69s
cumulative profiling times:
	.olean serialization 74.3ms
	attribute application 0.11ms
	congr simp thm 7.33ms
	elaboration 97ms
	fix level params 1.68ms
	import 3.69s
	initialization 37.6ms
	instantiate metavars 4.46ms
	interpretation 291ms
	let-to-have transformation 0.185ms
	linting 21ms
	parsing 10.5ms
	process pre-definitions 10.3ms
	share common exprs 3.38ms
	simp 67.5ms
	tactic execution 133ms
	type checking 25ms
	typeclass inference 255ms
