$ /root/.elan/toolchains/leanprover--lean4---v4.28.0/bin/lean -j 1 -s 32768 -D pp.unicode.fun=true -D relaxedAutoImplicit=false -D linter.unusedSimpArgs=false -D profiler=true -D profiler.threshold=100 PaperIV/RootedK3Counting.lean -o /workspace/request-project/.lake/runner/lib/lean/PaperIV/RootedK3Counting.olean -i /workspace/request-project/.lake/runner/lib/lean/PaperIV/RootedK3Counting.ilean
interpretation of Mathlib.Tactic._aux_Mathlib_Tactic_Linarith_Frontend___elabRules_Mathlib_Tactic_nlinarith_1._boxed took 159ms
interpretation of Mathlib.Tactic._aux_Mathlib_Tactic_Linarith_Frontend___elabRules_Mathlib_Tactic_nlinarith_1._boxed took 263ms
interpretation of Mathlib.Tactic._aux_Mathlib_Tactic_Linarith_Frontend___elabRules_Mathlib_Tactic_nlinarith_1._boxed took 311ms
interpretation of Mathlib.Tactic._aux_Mathlib_Tactic_Linarith_Frontend___elabRules_Mathlib_Tactic_nlinarith_1._boxed took 450ms
interpretation of Mathlib.Tactic.Positivity._aux_Mathlib_Tactic_Positivity_Core___elabRules_Mathlib_Tactic_Positivity_positivity_1._boxed took 186ms
tactic execution of Mathlib.Tactic.nlinarith took 509ms
interpretation of Mathlib.Tactic._aux_Mathlib_Tactic_Linarith_Frontend___elabRules_Mathlib_Tactic_nlinarith_1._boxed took 726ms
import took 3.36s
cumulative profiling times:
	.olean serialization 86.5ms
	attribute application 0.172ms
	compilation (IR) 4.15ms
	compilation (LCNF base) 5.83ms
	compilation (LCNF mono) 3.43ms
	congr simp thm 13.5ms
	elaboration 119ms
	fix level params 1.99ms
	import 3.36s
	initialization 37.9ms
	instantiate metavars 9.13ms
	interpretation 2.63s
	let-to-have transformation 0.715ms
	linting 47.9ms
	norm_num 7.2ms
	parsing 17.9ms
	process pre-definitions 20.4ms
	ring 53.2ms
	share common exprs 20.3ms
	simp 71.3ms
	tactic execution 801ms
	type checking 91.7ms
	typeclass inference 1.14s
