$ /root/.elan/toolchains/leanprover--lean4---v4.28.0/bin/lean -j 1 -s 32768 -D pp.unicode.fun=true -D relaxedAutoImplicit=false -D linter.unusedSimpArgs=false -D profiler=true -D profiler.threshold=100 PaperIV/SplitCanonicalValue.lean -o /workspace/request-project/.lake/runner/lib/lean/PaperIV/SplitCanonicalValue.olean -i /workspace/request-project/.lake/runner/lib/lean/PaperIV/SplitCanonicalValue.ilean
PaperIV/SplitCanonicalValue.lean:24:0: warning: automatically included section variable(s) unused in theorem `PaperIV.SplitCanonicalValue.gainF_famK3`:
  [Fintype V]
consider restructuring your `variable` declarations so that the variables are not in scope or explicitly omit them:
  omit [Fintype V] in theorem ...

Note: This linter can be disabled with `set_option linter.unusedSectionVars false`
PaperIV/SplitCanonicalValue.lean:30:0: warning: automatically included section variable(s) unused in theorem `PaperIV.SplitCanonicalValue.gainF_famK4`:
  [Fintype V]
consider restructuring your `variable` declarations so that the variables are not in scope or explicitly omit them:
  omit [Fintype V] in theorem ...

Note: This linter can be disabled with `set_option linter.unusedSectionVars false`
PaperIV/SplitCanonicalValue.lean:37:0: warning: automatically included section variable(s) unused in theorem `PaperIV.SplitCanonicalValue.gainF_famK4core`:
  [Fintype V]
consider restructuring your `variable` declarations so that the variables are not in scope or explicitly omit them:
  omit [Fintype V] in theorem ...

Note: This linter can be disabled with `set_option linter.unusedSectionVars false`
import took 2.94s
cumulative profiling times:
	.olean serialization 52ms
	attribute application 0.688ms
	compilation (IR) 0.37ms
	compilation (LCNF base) 2.02ms
	compilation (LCNF mono) 0.785ms
	congr simp thm 3.4ms
	elaboration 32.4ms
	fix level params 0.418ms
	import 2.94s
	initialization 35.5ms
	instantiate metavars 0.729ms
	interpretation 226ms
	let-to-have transformation 0.172ms
	linting 14.1ms
	norm_num 9.36ms
	parsing 6.55ms
	process pre-definitions 4.34ms
	share common exprs 1.29ms
	simp 14ms
	tactic execution 78.1ms
	type checking 20.8ms
	typeclass inference 65.9ms
