$ /root/.elan/toolchains/leanprover--lean4---v4.28.0/bin/lean -j 1 -s 32768 -D pp.unicode.fun=true -D relaxedAutoImplicit=false -D linter.unusedSimpArgs=false -D profiler=true -D profiler.threshold=100 PaperIV/TelescopeK4.lean -o /workspace/request-project/.lake/runner/lib/lean/PaperIV/TelescopeK4.olean -i /workspace/request-project/.lake/runner/lib/lean/PaperIV/TelescopeK4.ilean
PaperIV/TelescopeK4.lean:58:0: warning: automatically included section variable(s) unused in theorem `PaperIV.TelescopeK4.mem_nbrs2`:
  [DecidableEq α]
consider restructuring your `variable` declarations so that the variables are not in scope or explicitly omit them:
  omit [DecidableEq α] in theorem ...

Note: This linter can be disabled with `set_option linter.unusedSectionVars false`
PaperIV/TelescopeK4.lean:75:0: warning: automatically included section variable(s) unused in theorem `PaperIV.TelescopeK4.mem_k4s`:
  [DecidableEq α]
consider restructuring your `variable` declarations so that the variables are not in scope or explicitly omit them:
  omit [DecidableEq α] in theorem ...

Note: This linter can be disabled with `set_option linter.unusedSectionVars false`
import took 3.03s
cumulative profiling times:
	.olean serialization 49.9ms
	attribute application 0.586ms
	compilation (IR) 1.11ms
	compilation (LCNF base) 3.19ms
	compilation (LCNF mono) 1.47ms
	congr simp thm 5.92ms
	elaboration 42.8ms
	fix level params 0.838ms
	import 3.03s
	initialization 51.9ms
	instantiate metavars 4.02ms
	interpretation 332ms
	let-to-have transformation 0.127ms
	linting 15ms
	norm_num 1.88ms
	parsing 9.77ms
	process pre-definitions 7.48ms
	ring 4.6ms
	share common exprs 2.35ms
	simp 25ms
	tactic execution 113ms
	type checking 18.2ms
	typeclass inference 128ms
