$ /root/.elan/toolchains/leanprover--lean4---v4.28.0/bin/lean -j 1 -s 32768 -D pp.unicode.fun=true -D relaxedAutoImplicit=false -D linter.unusedSimpArgs=false -D profiler=true -D profiler.threshold=100 PaperIV/RC01TriangleSchedule.lean -o /workspace/request-project/.lake/runner/lib/lean/PaperIV/RC01TriangleSchedule.olean -i /workspace/request-project/.lake/runner/lib/lean/PaperIV/RC01TriangleSchedule.ilean
import took 4.22s
cumulative profiling times:
	.olean serialization 89.5ms
	attribute application 0.0267ms
	elaboration 22.4ms
	fix level params 0.161ms
	import 4.22s
	initialization 35.2ms
	instantiate metavars 0.421ms
	interpretation 332ms
	let-to-have transformation 0.0679ms
	linting 4.14ms
	norm_num 3.23ms
	parsing 2.18ms
	process pre-definitions 2.61ms
	ring 13.3ms
	share common exprs 1.93ms
	tactic execution 11.7ms
	type checking 16.5ms
	typeclass inference 126ms
