$ /root/.elan/toolchains/leanprover--lean4---v4.28.0/bin/lean -j 1 -s 32768 -D pp.unicode.fun=true -D relaxedAutoImplicit=false -D linter.unusedSimpArgs=false -D profiler=true -D profiler.threshold=100 PaperIV/VertexCopyWBridge.lean -o /workspace/request-project/.lake/runner/lib/lean/PaperIV/VertexCopyWBridge.olean -i /workspace/request-project/.lake/runner/lib/lean/PaperIV/VertexCopyWBridge.ilean
import took 3.65s
cumulative profiling times:
	.olean serialization 76.7ms
	attribute application 0.0806ms
	compilation (IR) 1.38ms
	compilation (LCNF base) 1.54ms
	compilation (LCNF mono) 0.63ms
	congr simp thm 2.03ms
	elaboration 29.9ms
	fix level params 0.437ms
	import 3.65s
	initialization 38.8ms
	instantiate metavars 0.726ms
	interpretation 278ms
	let-to-have transformation 0.115ms
	linting 6.98ms
	norm_num 1.63ms
	parsing 4.72ms
	process pre-definitions 3.28ms
	ring 10.3ms
	share common exprs 1.54ms
	simp 25.4ms
	tactic execution 40.6ms
	type checking 16.6ms
	typeclass inference 112ms
