$ /root/.elan/toolchains/leanprover--lean4---v4.28.0/bin/lean -j 1 -s 32768 -D pp.unicode.fun=true -D relaxedAutoImplicit=false -D linter.unusedSimpArgs=false -D profiler=true -D profiler.threshold=100 PaperIV/EquitableEdgeColouring.lean -o /workspace/request-project/.lake/runner/lib/lean/PaperIV/EquitableEdgeColouring.olean -i /workspace/request-project/.lake/runner/lib/lean/PaperIV/EquitableEdgeColouring.ilean
interpretation of Mathlib.Tactic._aux_Mathlib_Tactic_Linarith_Frontend___elabRules_Mathlib_Tactic_nlinarith_1._boxed took 142ms
PaperIV/EquitableEdgeColouring.lean:69:0: warning: automatically included section variable(s) unused in theorem `PaperIV.EquitableEdgeColouring.sum_card_colourClass_univ`:
  [DecidableEq V]
consider restructuring your `variable` declarations so that the variables are not in scope or explicitly omit them:
  omit [DecidableEq V] in theorem ...

Note: This linter can be disabled with `set_option linter.unusedSectionVars false`
import took 3.05s
cumulative profiling times:
	.olean serialization 68.3ms
	attribute application 0.113ms
	blocked (unaccounted) 677ms
	compilation (IR) 2.39ms
	compilation (LCNF base) 3.24ms
	compilation (LCNF mono) 1.84ms
	congr simp thm 8.47ms
	elaboration 56.2ms
	fix level params 0.498ms
	import 3.05s
	initialization 51.6ms
	instantiate metavars 0.996ms
	interpretation 357ms
	let-to-have transformation 0.125ms
	linting 10.2ms
	norm_num 3.95ms
	parsing 7.13ms
	process pre-definitions 7.88ms
	ring 17.1ms
	share common exprs 2.92ms
	simp 112ms
	tactic execution 42.3ms
	type checking 64.7ms
	typeclass inference 223ms
