$ /root/.elan/toolchains/leanprover--lean4---v4.28.0/bin/lean -j 1 -s 32768 -D pp.unicode.fun=true -D relaxedAutoImplicit=false -D linter.unusedSimpArgs=false -D profiler=true -D profiler.threshold=100 PaperIV/UniformSplitLoads.lean -o /workspace/request-project/.lake/runner/lib/lean/PaperIV/UniformSplitLoads.olean -i /workspace/request-project/.lake/runner/lib/lean/PaperIV/UniformSplitLoads.ilean
import took 2.83s
cumulative profiling times:
	.olean serialization 39.1ms
	attribute application 0.0291ms
	elaboration 11.4ms
	fix level params 0.0589ms
	import 2.83s
	initialization 39.6ms
	instantiate metavars 0.0913ms
	interpretation 166ms
	let-to-have transformation 0.0614ms
	linting 2.43ms
	norm_num 0.401ms
	parsing 1.2ms
	process pre-definitions 0.923ms
	ring 5.54ms
	share common exprs 0.416ms
	tactic execution 6.29ms
	type checking 9.23ms
	typeclass inference 32.1ms
