$ /root/.elan/toolchains/leanprover--lean4---v4.28.0/bin/lean -j 1 -s 32768 -D pp.unicode.fun=true -D relaxedAutoImplicit=false -D linter.unusedSimpArgs=false -D profiler=true -D profiler.threshold=100 PaperIV/RC01CanonicalFractional.lean -o /workspace/request-project/.lake/runner/lib/lean/PaperIV/RC01CanonicalFractional.olean -i /workspace/request-project/.lake/runner/lib/lean/PaperIV/RC01CanonicalFractional.ilean
PaperIV/RC01CanonicalFractional.lean:37:0: warning: automatically included section variable(s) unused in theorem `PaperIV.RC01CanonicalFractional.canonicalWeight_nonneg`:
  [Fintype V]
  [Fintype Pat]
  [DecidableEq Pat]
consider restructuring your `variable` declarations so that the variables are not in scope or explicitly omit them:
  omit [Fintype V] [Fintype Pat] [DecidableEq Pat] in theorem ...

Note: This linter can be disabled with `set_option linter.unusedSectionVars false`
PaperIV/RC01CanonicalFractional.lean:57:0: warning: automatically included section variable(s) unused in theorem `PaperIV.RC01CanonicalFractional.oneCount_mono`:
  [Fintype V]
  [Fintype Pat]
  [DecidableEq Pat]
consider restructuring your `variable` declarations so that the variables are not in scope or explicitly omit them:
  omit [Fintype V] [Fintype Pat] [DecidableEq Pat] in theorem ...

Note: This linter can be disabled with `set_option linter.unusedSectionVars false`
PaperIV/RC01CanonicalFractional.lean:66:0: warning: automatically included section variable(s) unused in theorem `PaperIV.RC01CanonicalFractional.twoCount_mono`:
  [Fintype V]
  [Fintype Pat]
  [DecidableEq Pat]
consider restructuring your `variable` declarations so that the variables are not in scope or explicitly omit them:
  omit [Fintype V] [Fintype Pat] [DecidableEq Pat] in theorem ...

Note: This linter can be disabled with `set_option linter.unusedSectionVars false`
PaperIV/RC01CanonicalFractional.lean:103:0: warning: automatically included section variable(s) unused in theorem `PaperIV.RC01CanonicalFractional.load_eq`:
  [Fintype Pat]
  [DecidableEq Pat]
consider restructuring your `variable` declarations so that the variables are not in scope or explicitly omit them:
  omit [Fintype Pat] [DecidableEq Pat] in theorem ...

Note: This linter can be disabled with `set_option linter.unusedSectionVars false`
PaperIV/RC01CanonicalFractional.lean:128:0: warning: automatically included section variable(s) unused in theorem `PaperIV.RC01CanonicalFractional.codegree_eq`:
  [Fintype Pat]
  [DecidableEq Pat]
consider restructuring your `variable` declarations so that the variables are not in scope or explicitly omit them:
  omit [Fintype Pat] [DecidableEq Pat] in theorem ...

Note: This linter can be disabled with `set_option linter.unusedSectionVars false`
import took 2.86s
cumulative profiling times:
	.olean serialization 58.7ms
	attribute application 0.154ms
	compilation (IR) 0.679ms
	compilation (LCNF base) 1.32ms
	compilation (LCNF mono) 1.24ms
	congr simp thm 5.79ms
	elaboration 86.7ms
	fix level params 0.933ms
	import 2.86s
	initialization 41.7ms
	instantiate metavars 0.528ms
	interpretation 292ms
	let-to-have transformation 0.255ms
	linting 19.8ms
	parsing 14.9ms
	process pre-definitions 9.84ms
	share common exprs 2.83ms
	simp 102ms
	tactic execution 74.9ms
	type checking 25ms
	typeclass inference 193ms
