$ /root/.elan/toolchains/leanprover--lean4---v4.28.0/bin/lean -j 1 -s 32768 -D pp.unicode.fun=true -D relaxedAutoImplicit=false -D linter.unusedSimpArgs=false -D profiler=true -D profiler.threshold=100 PaperIV/ChordalC4.lean -o /workspace/request-project/.lake/runner/lib/lean/PaperIV/ChordalC4.olean -i /workspace/request-project/.lake/runner/lib/lean/PaperIV/ChordalC4.ilean
PaperIV/ChordalC4.lean:15:0: warning: automatically included section variable(s) unused in theorem `PaperIV.RootVocab.no_induced_fourCycle`:
  [Fintype V]
  [DecidableEq V]
consider restructuring your `variable` declarations so that the variables are not in scope or explicitly omit them:
  omit [Fintype V] [DecidableEq V] in theorem ...

Note: This linter can be disabled with `set_option linter.unusedSectionVars false`
import took 2.9s
cumulative profiling times:
	.olean serialization 48.3ms
	attribute application 0.0149ms
	congr simp thm 10.3ms
	elaboration 14.3ms
	fix level params 1.5ms
	import 2.9s
	initialization 37.7ms
	instantiate metavars 62.3ms
	interpretation 188ms
	let-to-have transformation 0.0197ms
	linting 7.65ms
	parsing 2.14ms
	process pre-definitions 8.95ms
	share common exprs 2.99ms
	simp 558ms
	tactic execution 184ms
	type checking 17.9ms
	typeclass inference 180ms
