$ /root/.elan/toolchains/leanprover--lean4---v4.28.0/bin/lean -j 1 -s 32768 -D pp.unicode.fun=true -D relaxedAutoImplicit=false -D linter.unusedSimpArgs=false -D profiler=true -D profiler.threshold=100 PaperIV/SplitCanonicalSupportSum.lean -o /workspace/request-project/.lake/runner/lib/lean/PaperIV/SplitCanonicalSupportSum.olean -i /workspace/request-project/.lake/runner/lib/lean/PaperIV/SplitCanonicalSupportSum.ilean
import took 3.32s
cumulative profiling times:
	.olean serialization 50.2ms
	attribute application 0.551ms
	compilation (IR) 0.361ms
	compilation (LCNF base) 2.12ms
	compilation (LCNF mono) 0.832ms
	congr simp thm 1.24ms
	elaboration 15.8ms
	fix level params 0.187ms
	import 3.32s
	initialization 35.8ms
	instantiate metavars 0.532ms
	interpretation 179ms
	let-to-have transformation 0.0494ms
	linting 6.19ms
	parsing 2.12ms
	process pre-definitions 2.15ms
	share common exprs 0.438ms
	simp 12ms
	tactic execution 23.4ms
	type checking 2.84ms
	typeclass inference 27.7ms
