$ /root/.elan/toolchains/leanprover--lean4---v4.28.0/bin/lean -j 1 -s 32768 -D pp.unicode.fun=true -D relaxedAutoImplicit=false -D linter.unusedSimpArgs=false -D profiler=true -D profiler.threshold=100 PaperIV/RC01DeviationCleanup.lean -o /workspace/request-project/.lake/runner/lib/lean/PaperIV/RC01DeviationCleanup.olean -i /workspace/request-project/.lake/runner/lib/lean/PaperIV/RC01DeviationCleanup.ilean
PaperIV/RC01DeviationCleanup.lean:32:0: warning: automatically included section variable(s) unused in theorem `PaperIV.RC01DeviationCleanup.mem_deviationBad_iff`:
  [DecidableEq ρ]
consider restructuring your `variable` declarations so that the variables are not in scope or explicitly omit them:
  omit [DecidableEq ρ] in theorem ...

Note: This linter can be disabled with `set_option linter.unusedSectionVars false`
PaperIV/RC01DeviationCleanup.lean:46:0: warning: automatically included section variable(s) unused in theorem `PaperIV.RC01DeviationCleanup.abs_count_sub_le_of_notMem_deviationBad`:
  [DecidableEq ρ]
consider restructuring your `variable` declarations so that the variables are not in scope or explicitly omit them:
  omit [DecidableEq ρ] in theorem ...

Note: This linter can be disabled with `set_option linter.unusedSectionVars false`
import took 3.36s
cumulative profiling times:
	.olean serialization 67.2ms
	attribute application 0.0874ms
	compilation (IR) 0.739ms
	compilation (LCNF base) 1.34ms
	compilation (LCNF mono) 0.531ms
	congr simp thm 2.58ms
	elaboration 44.7ms
	fix level params 0.47ms
	import 3.36s
	initialization 41.9ms
	instantiate metavars 0.599ms
	interpretation 379ms
	let-to-have transformation 0.123ms
	linting 10.1ms
	norm_num 1.52ms
	parsing 5.73ms
	process pre-definitions 3.48ms
	ring 16.7ms
	share common exprs 2.54ms
	simp 29.8ms
	tactic execution 26.7ms
	type checking 39.2ms
	typeclass inference 197ms
