$ /root/.elan/toolchains/leanprover--lean4---v4.28.0/bin/lean -j 1 -s 32768 -D pp.unicode.fun=true -D relaxedAutoImplicit=false -D linter.unusedSimpArgs=false -D profiler=true -D profiler.threshold=100 PaperIV/SplitFamilyNonempty.lean -o /workspace/request-project/.lake/runner/lib/lean/PaperIV/SplitFamilyNonempty.olean -i /workspace/request-project/.lake/runner/lib/lean/PaperIV/SplitFamilyNonempty.ilean
PaperIV/SplitFamilyNonempty.lean:27:0: warning: automatically included section variable(s) unused in theorem `PaperIV.SplitFamilyNonempty.famK4core_nonempty`:
  [DecidableEq V]
consider restructuring your `variable` declarations so that the variables are not in scope or explicitly omit them:
  omit [DecidableEq V] in theorem ...

Note: This linter can be disabled with `set_option linter.unusedSectionVars false`
import took 2.84s
cumulative profiling times:
	.olean serialization 38.2ms
	attribute application 0.0321ms
	elaboration 9.11ms
	fix level params 0.158ms
	import 2.84s
	initialization 37.4ms
	instantiate metavars 0.215ms
	interpretation 158ms
	let-to-have transformation 0.0433ms
	linting 3.87ms
	parsing 1.62ms
	process pre-definitions 0.952ms
	share common exprs 0.222ms
	tactic execution 11ms
	type checking 1.84ms
	typeclass inference 4.74ms
