$ /root/.elan/toolchains/leanprover--lean4---v4.28.0/bin/lean -j 1 -s 32768 -D pp.unicode.fun=true -D relaxedAutoImplicit=false -D linter.unusedSimpArgs=false -D profiler=true -D profiler.threshold=100 PaperIV/RC01CanonicalSlackBridge.lean -o /workspace/request-project/.lake/runner/lib/lean/PaperIV/RC01CanonicalSlackBridge.olean -i /workspace/request-project/.lake/runner/lib/lean/PaperIV/RC01CanonicalSlackBridge.ilean
interpretation of Mathlib.Tactic._aux_Mathlib_Tactic_Linarith_Frontend___elabRules_Mathlib_Tactic_nlinarith_1._boxed took 159ms
PaperIV/RC01CanonicalSlackBridge.lean:137:8: warning: this tactic is never executed

Note: This linter can be disabled with `set_option linter.unreachableTactic false`
PaperIV/RC01CanonicalSlackBridge.lean:137:8: warning: 'ring' tactic does nothing

Note: This linter can be disabled with `set_option linter.unusedTactic false`
import took 3.78s
.olean serialization took 105ms
cumulative profiling times:
	.olean serialization 105ms
	attribute application 0.0569ms
	congr simp thm 4.93ms
	elaboration 56.4ms
	fix level params 0.608ms
	import 3.78s
	initialization 34ms
	instantiate metavars 2.29ms
	interpretation 494ms
	let-to-have transformation 0.122ms
	linting 13.8ms
	norm_num 10.5ms
	parsing 5.98ms
	process pre-definitions 5.44ms
	ring 6.65ms
	share common exprs 2.96ms
	simp 44.3ms
	tactic execution 85.2ms
	type checking 36.1ms
	typeclass inference 254ms
