$ /root/.elan/toolchains/leanprover--lean4---v4.28.0/bin/lean -j 1 -s 32768 -D pp.unicode.fun=true -D relaxedAutoImplicit=false -D linter.unusedSimpArgs=false -D profiler=true -D profiler.threshold=100 PaperIV/H1LedgerArithmetic.lean -o /workspace/request-project/.lake/runner/lib/lean/PaperIV/H1LedgerArithmetic.olean -i /workspace/request-project/.lake/runner/lib/lean/PaperIV/H1LedgerArithmetic.ilean
PaperIV/H1LedgerArithmetic.lean:53:5: warning: unused variable `hA`

Note: This linter can be disabled with `set_option linter.unusedVariables false`
PaperIV/H1LedgerArithmetic.lean:53:18: warning: unused variable `hf`

Note: This linter can be disabled with `set_option linter.unusedVariables false`
PaperIV/H1LedgerArithmetic.lean:69:5: warning: unused variable `hA`

Note: This linter can be disabled with `set_option linter.unusedVariables false`
PaperIV/H1LedgerArithmetic.lean:125:18: warning: unused variable `hw1`

Note: This linter can be disabled with `set_option linter.unusedVariables false`
PaperIV/H1LedgerArithmetic.lean:125:32: warning: unused variable `hpa`

Note: This linter can be disabled with `set_option linter.unusedVariables false`
PaperIV/H1LedgerArithmetic.lean:125:63: warning: unused variable `hw`

Note: This linter can be disabled with `set_option linter.unusedVariables false`
PaperIV/H1LedgerArithmetic.lean:126:5: warning: unused variable `hΔ`

Note: This linter can be disabled with `set_option linter.unusedVariables false`
PaperIV/H1LedgerArithmetic.lean:126:33: warning: unused variable `ha`

Note: This linter can be disabled with `set_option linter.unusedVariables false`
import took 2.7s
cumulative profiling times:
	.olean serialization 59.7ms
	attribute application 0.113ms
	congr simp thm 3.04ms
	elaboration 69ms
	fix level params 1.19ms
	import 2.7s
	initialization 39ms
	instantiate metavars 1.76ms
	interpretation 657ms
	let-to-have transformation 0.204ms
	linting 21.9ms
	norm_num 266ms
	parsing 5.54ms
	process pre-definitions 20.5ms
	ring 54.3ms
	share common exprs 15ms
	simp 15.5ms
	tactic execution 31.5ms
	type checking 153ms
	typeclass inference 465ms
