$ /root/.elan/toolchains/leanprover--lean4---v4.28.0/bin/lean -j 1 -s 32768 -D pp.unicode.fun=true -D relaxedAutoImplicit=false -D linter.unusedSimpArgs=false -D profiler=true -D profiler.threshold=100 PaperIV/SplitCompleteSharpLower.lean -o /workspace/request-project/.lake/runner/lib/lean/PaperIV/SplitCompleteSharpLower.olean -i /workspace/request-project/.lake/runner/lib/lean/PaperIV/SplitCompleteSharpLower.ilean
PaperIV/SplitCompleteSharpLower.lean:44:62: warning: unused variable `htwo`

Note: This linter can be disabled with `set_option linter.unusedVariables false`
interpretation of Mathlib.Tactic._aux_Mathlib_Tactic_Linarith_Frontend___elabRules_Mathlib_Tactic_nlinarith_1._boxed took 343ms
interpretation of Mathlib.Tactic._aux_Mathlib_Tactic_Linarith_Frontend___elabRules_Mathlib_Tactic_nlinarith_1._boxed took 332ms
interpretation of Mathlib.Tactic._aux_Mathlib_Tactic_Linarith_Frontend___elabRules_Mathlib_Tactic_nlinarith_1._boxed took 349ms
interpretation of Mathlib.Tactic._aux_Mathlib_Tactic_Linarith_Frontend___elabRules_Mathlib_Tactic_nlinarith_1._boxed took 344ms
interpretation of Mathlib.Tactic._aux_Mathlib_Tactic_Linarith_Frontend___elabRules_Mathlib_Tactic_nlinarith_1._boxed took 336ms
interpretation of Mathlib.Tactic._aux_Mathlib_Tactic_Linarith_Frontend___elabRules_Mathlib_Tactic_nlinarith_1._boxed took 329ms
import took 3.29s
cumulative profiling times:
	.olean serialization 67.9ms
	attribute application 0.0722ms
	compilation (IR) 18.2ms
	compilation (LCNF base) 18.4ms
	compilation (LCNF mono) 8.06ms
	congr simp thm 10.4ms
	dsimp 5.29ms
	elaboration 34.7ms
	fix level params 0.781ms
	import 3.29s
	initialization 37.3ms
	instantiate metavars 10.7ms
	interpretation 2.46s
	let-to-have transformation 0.411ms
	linting 24.4ms
	norm_num 250ms
	parsing 7.1ms
	process pre-definitions 14.2ms
	ring 77.6ms
	share common exprs 17.1ms
	simp 298ms
	tactic execution 228ms
	type checking 167ms
	typeclass inference 1.36s
