$ /root/.elan/toolchains/leanprover--lean4---v4.28.0/bin/lean -j 1 -s 32768 -D pp.unicode.fun=true -D relaxedAutoImplicit=false -D linter.unusedSimpArgs=false -D profiler=true -D profiler.threshold=100 PaperIV/PatternMass.lean -o /workspace/request-project/.lake/runner/lib/lean/PaperIV/PatternMass.olean -i /workspace/request-project/.lake/runner/lib/lean/PaperIV/PatternMass.ilean
PaperIV/PatternMass.lean:49:0: warning: automatically included section variable(s) unused in theorem `PaperIV.PatternMass.gainF_nonneg`:
  [Fintype V]
  [DecidableEq V]
  [DecidableRel G.Adj]
consider restructuring your `variable` declarations so that the variables are not in scope or explicitly omit them:
  omit [Fintype V] [DecidableEq V] [DecidableRel G.Adj] in theorem ...

Note: This linter can be disabled with `set_option linter.unusedSectionVars false`
PaperIV/PatternMass.lean:56:0: warning: automatically included section variable(s) unused in theorem `PaperIV.PatternMass.gainF_le_five`:
  [Fintype V]
  [DecidableEq V]
  [DecidableRel G.Adj]
consider restructuring your `variable` declarations so that the variables are not in scope or explicitly omit them:
  omit [Fintype V] [DecidableEq V] [DecidableRel G.Adj] in theorem ...

Note: This linter can be disabled with `set_option linter.unusedSectionVars false`
PaperIV/PatternMass.lean:138:0: warning: automatically included section variable(s) unused in theorem `PaperIV.PatternMass.card_crossEdges`:
  [Fintype V]
consider restructuring your `variable` declarations so that the variables are not in scope or explicitly omit them:
  omit [Fintype V] in theorem ...

Note: This linter can be disabled with `set_option linter.unusedSectionVars false`
PaperIV/PatternMass.lean:185:26: warning: unused variable `hnn`

Note: This linter can be disabled with `set_option linter.unusedVariables false`
import took 3.28s
cumulative profiling times:
	.olean serialization 65.4ms
	attribute application 0.117ms
	compilation (IR) 0.459ms
	compilation (LCNF base) 0.698ms
	compilation (LCNF mono) 0.622ms
	congr simp thm 0.897ms
	dsimp 0.721ms
	elaboration 51.9ms
	fix level params 0.705ms
	import 3.28s
	initialization 37.3ms
	instantiate metavars 2.1ms
	interpretation 296ms
	let-to-have transformation 0.146ms
	linting 16.4ms
	norm_num 8.67ms
	parsing 8.17ms
	process pre-definitions 7.96ms
	share common exprs 2.01ms
	simp 0.7ms
	tactic execution 119ms
	type checking 29ms
	typeclass inference 165ms
