$ /root/.elan/toolchains/leanprover--lean4---v4.28.0/bin/lean -j 1 -s 32768 -D pp.unicode.fun=true -D relaxedAutoImplicit=false -D linter.unusedSimpArgs=false -D profiler=true -D profiler.threshold=100 PaperIV/RC01MixedPatterns.lean -o /workspace/request-project/.lake/runner/lib/lean/PaperIV/RC01MixedPatterns.olean -i /workspace/request-project/.lake/runner/lib/lean/PaperIV/RC01MixedPatterns.ilean
import took 3.37s
cumulative profiling times:
	.olean serialization 77.2ms
	attribute application 0.214ms
	compilation (IR) 0.263ms
	compilation (LCNF base) 0.554ms
	compilation (LCNF mono) 0.279ms
	congr simp thm 0.683ms
	elaboration 95.6ms
	fix level params 1.13ms
	import 3.37s
	initialization 38.8ms
	instantiate metavars 7.02ms
	interpretation 282ms
	let-to-have transformation 0.316ms
	linting 196ms
	parsing 11.6ms
	process pre-definitions 10.9ms
	share common exprs 2.64ms
	tactic execution 427ms
	type checking 38.9ms
	typeclass inference 169ms
