$ /root/.elan/toolchains/leanprover--lean4---v4.28.0/bin/lean -j 1 -s 32768 -D pp.unicode.fun=true -D relaxedAutoImplicit=false -D linter.unusedSimpArgs=false -D profiler=true -D profiler.threshold=100 PaperIV/NearRootWindow.lean -o /workspace/request-project/.lake/runner/lib/lean/PaperIV/NearRootWindow.olean -i /workspace/request-project/.lake/runner/lib/lean/PaperIV/NearRootWindow.ilean
interpretation of Mathlib.Tactic._aux_Mathlib_Tactic_Linarith_Frontend___elabRules_Mathlib_Tactic_nlinarith_1._boxed took 104ms
import took 4.09s
cumulative profiling times:
	.olean serialization 96.6ms
	attribute application 0.146ms
	congr simp thm 8.29ms
	dsimp 0.908ms
	elaboration 79.6ms
	fix level params 1.87ms
	import 4.09s
	initialization 41.3ms
	instantiate metavars 5.12ms
	interpretation 1.17s
	let-to-have transformation 0.21ms
	linting 33.3ms
	norm_num 451ms
	parsing 7.63ms
	process pre-definitions 27.2ms
	ring 102ms
	share common exprs 27.3ms
	simp 55.2ms
	tactic execution 107ms
	type checking 185ms
	typeclass inference 785ms
