$ /root/.elan/toolchains/leanprover--lean4---v4.28.0/bin/lean -j 1 -s 32768 -D pp.unicode.fun=true -D relaxedAutoImplicit=false -D linter.unusedSimpArgs=false -D profiler=true -D profiler.threshold=100 PaperIV/ExplicitThresholdAudit.lean -o /workspace/request-project/.lake/runner/lib/lean/PaperIV/ExplicitThresholdAudit.olean -i /workspace/request-project/.lake/runner/lib/lean/PaperIV/ExplicitThresholdAudit.ilean
PASS E17Bridge.ExplicitSchedule.uniformRoundingTarget_explicit: 34373 transitive constants; axioms [propext,
 Classical.choice,
 Quot.sound]
PASS E17Bridge.ExplicitAssembly.farRegime_allGraphs_explicit: 36385 transitive constants; axioms [propext,
 Classical.choice,
 Quot.sound]
PASS E19.NfarE_eta0_le_tower: 26498 transitive constants; axioms [propext, Classical.choice, Quot.sound]
PASS PaperIV.ExplicitThreshold.nearThreshold_le: 3267 transitive constants; axioms [propext,
 Classical.choice,
 Quot.sound]
PASS PaperIV.ExplicitThreshold.erdos81_sharp_explicit: 44118 transitive constants; axioms [propext,
 Classical.choice,
 Quot.sound]
PASS PaperIV.ExplicitThreshold.additiveConstant_le_tower: 11770 transitive constants; axioms [propext,
 Classical.choice,
 Quot.sound]
PASS PaperIV.ExplicitThreshold.erdos81_all_orders_explicit: 44123 transitive constants; axioms [propext,
 Classical.choice,
 Quot.sound]
PASS PaperIV.ExplicitThreshold.erdos81_all_orders_bounded_additive: 44129 transitive constants; axioms [propext,
 Classical.choice,
 Quot.sound]
interpretation of PaperIV.ExplicitThresholdAudit._aux_PaperIV_ExplicitThresholdAudit___elabRules_PaperIV_ExplicitThresholdAudit_commandAuditExplicitThreshold_1._boxed took 10.6s
'PaperIV.ExplicitThreshold.erdos81_sharp_explicit' depends on axioms: [propext, Classical.choice, Quot.sound]
elaboration took 1.74s
'PaperIV.ExplicitThreshold.erdos81_all_orders_bounded_additive' depends on axioms: [propext,
 Classical.choice,
 Quot.sound]
elaboration took 1.74s
import took 4.08s
cumulative profiling times:
	.olean serialization 14ms
	attribute application 0.199ms
	blocked (unaccounted) 63.9ms
	compilation (IR) 5.77ms
	compilation (LCNF base) 27.3ms
	compilation (LCNF mono) 6.81ms
	elaboration 3.52s
	fix level params 0.0476ms
	import 4.08s
	initialization 35.6ms
	instantiate metavars 0.021ms
	interpretation 10.8s
	let-to-have transformation 0.93ms
	linting 2.63ms
	parsing 2.01ms
	process pre-definitions 2.29ms
	share common exprs 0.568ms
	type checking 1.75ms
	typeclass inference 25ms
