$ /root/.elan/toolchains/leanprover--lean4---v4.28.0/bin/lean -j 1 -s 32768 -D pp.unicode.fun=true -D relaxedAutoImplicit=false -D linter.unusedSimpArgs=false -D profiler=true -D profiler.threshold=100 PaperI/RationalFarkas.lean -o /workspace/request-project/.lake/runner/lib/lean/PaperI/RationalFarkas.olean -i /workspace/request-project/.lake/runner/lib/lean/PaperI/RationalFarkas.ilean
interpretation of Mathlib.Tactic._aux_Mathlib_Tactic_Linarith_Frontend___elabRules_Mathlib_Tactic_nlinarith_1._boxed took 146ms
interpretation of Mathlib.Tactic._aux_Mathlib_Tactic_Linarith_Frontend___elabRules_Mathlib_Tactic_nlinarith_1._boxed took 237ms
import took 3.23s
cumulative profiling times:
	.olean serialization 70.1ms
	attribute application 0.442ms
	compilation (IR) 1.97ms
	compilation (LCNF base) 5.02ms
	compilation (LCNF mono) 2.5ms
	congr simp thm 13.9ms
	dsimp 0.322ms
	elaboration 109ms
	fix level params 0.992ms
	import 3.23s
	initialization 44ms
	instantiate metavars 22.7ms
	interpretation 907ms
	let-to-have transformation 0.265ms
	linting 18.9ms
	norm_num 14.6ms
	parsing 19.8ms
	process pre-definitions 26.8ms
	ring 50.1ms
	share common exprs 18.5ms
	simp 247ms
	tactic execution 310ms
	type checking 73ms
	typeclass inference 608ms
