$ /root/.elan/toolchains/leanprover--lean4---v4.28.0/bin/lean -j 1 -s 32768 -D pp.unicode.fun=true -D relaxedAutoImplicit=false -D linter.unusedSimpArgs=false -D profiler=true -D profiler.threshold=100 PaperIV/SplitCompleteRigidity.lean -o /workspace/request-project/.lake/runner/lib/lean/PaperIV/SplitCompleteRigidity.olean -i /workspace/request-project/.lake/runner/lib/lean/PaperIV/SplitCompleteRigidity.ilean
interpretation of Mathlib.Tactic._aux_Mathlib_Tactic_Linarith_Frontend___elabRules_Mathlib_Tactic_nlinarith_1._boxed took 568ms
interpretation of Mathlib.Tactic._aux_Mathlib_Tactic_Linarith_Frontend___elabRules_Mathlib_Tactic_nlinarith_1._boxed took 112ms
import took 3.48s
cumulative profiling times:
	.olean serialization 85.2ms
	attribute application 0.1ms
	compilation (IR) 15.7ms
	compilation (LCNF base) 16.2ms
	compilation (LCNF mono) 6.98ms
	congr simp thm 9.72ms
	elaboration 40.1ms
	fix level params 0.938ms
	import 3.48s
	initialization 38.8ms
	instantiate metavars 7.24ms
	interpretation 1.27s
	let-to-have transformation 0.133ms
	linting 26.4ms
	norm_num 22.9ms
	parsing 7.98ms
	process pre-definitions 27.2ms
	ring 86.7ms
	share common exprs 16ms
	simp 354ms
	tactic execution 282ms
	type checking 551ms
	typeclass inference 1.32s
