$ /root/.elan/toolchains/leanprover--lean4---v4.28.0/bin/lean -j 1 -s 32768 -D pp.unicode.fun=true -D relaxedAutoImplicit=false -D linter.unusedSimpArgs=false -D profiler=true -D profiler.threshold=100 RequestProject/AS/Modify.lean -o /workspace/request-project/.lake/runner/lib/lean/RequestProject/AS/Modify.olean -i /workspace/request-project/.lake/runner/lib/lean/RequestProject/AS/Modify.ilean
interpretation of Mathlib.Meta.Positivity.evalMul._lam_3._boxed took 313ms
interpretation of Mathlib.Meta.Positivity.evalNatCast._lam_1._boxed took 147ms
interpretation of Mathlib.Meta.Positivity.evalNatCast._lam_1._boxed took 126ms
interpretation of Mathlib.Tactic._aux_Mathlib_Tactic_Linarith_Frontend___elabRules_Mathlib_Tactic_nlinarith_1._boxed took 308ms
interpretation of Mathlib.Tactic._aux_Mathlib_Tactic_Linarith_Frontend___elabRules_Mathlib_Tactic_nlinarith_1._boxed took 314ms
typeclass inference of Nonempty took 117ms
import took 7.41s
.olean serialization took 229ms
cumulative profiling times:
	.olean serialization 229ms
	attribute application 0.0284ms
	blocked (unaccounted) 65.2ms
	compilation (IR) 0.318ms
	compilation (LCNF base) 0.512ms
	compilation (LCNF mono) 0.144ms
	congr simp thm 50.7ms
	elaboration 45ms
	fix level params 0.904ms
	import 7.41s
	initialization 40ms
	instantiate metavars 8.47ms
	interpretation 2.31s
	let-to-have transformation 0.0606ms
	linting 22.5ms
	norm_num 12.8ms
	parsing 11.1ms
	process pre-definitions 11.5ms
	ring 32.1ms
	share common exprs 18.6ms
	simp 1.49s
	tactic execution 293ms
	type checking 54ms
	typeclass inference 1.57s
