$ c:\Users\jtraverso\.elan\toolchains\leanprover--lean4---v4.28.0\bin\lean.exe -j 1 -s 32768 -D pp.unicode.fun=true -D relaxedAutoImplicit=false -D linter.unusedSimpArgs=false PaperIV/RC01Candidates.lean -o C:\Users\jtraverso\e81p4\opt_build_20260927\.lake\runner\lib\lean\PaperIV\RC01Candidates.olean -i C:\Users\jtraverso\e81p4\opt_build_20260927\.lake\runner\lib\lean\PaperIV\RC01Candidates.ilean
PaperIV/RC01Candidates.lean:32:0: warning: automatically included section variable(s) unused in theorem `PaperIV.RC01Candidates.mem_transversal`:
  [Fintype α]
  [DecidableEq α]
consider restructuring your `variable` declarations so that the variables are not in scope or explicitly omit them:
  omit [Fintype α] [DecidableEq α] in theorem ...

Note: This linter can be disabled with `set_option linter.unusedSectionVars false`
PaperIV/RC01Candidates.lean:43:0: warning: automatically included section variable(s) unused in theorem `PaperIV.RC01Candidates.mem_piece`:
  [DecidableEq ι]
  [Fintype α]
consider restructuring your `variable` declarations so that the variables are not in scope or explicitly omit them:
  omit [DecidableEq ι] [Fintype α] in theorem ...

Note: This linter can be disabled with `set_option linter.unusedSectionVars false`
PaperIV/RC01Candidates.lean:54:0: warning: automatically included section variable(s) unused in theorem `PaperIV.RC01Candidates.injective_of_mem_piFinset`:
  [Fintype ι]
  [Fintype α]
  [DecidableEq α]
consider restructuring your `variable` declarations so that the variables are not in scope or explicitly omit them:
  omit [Fintype ι] [Fintype α] [DecidableEq α] in theorem ...

Note: This linter can be disabled with `set_option linter.unusedSectionVars false`
PaperIV/RC01Candidates.lean:84:0: warning: automatically included section variable(s) unused in theorem `PaperIV.RC01Candidates.mem_candidates`:
  [Fintype α]
consider restructuring your `variable` declarations so that the variables are not in scope or explicitly omit them:
  omit [Fintype α] in theorem ...

Note: This linter can be disabled with `set_option linter.unusedSectionVars false`
