$ c:\Users\jtraverso\.elan\toolchains\leanprover--lean4---v4.28.0\bin\lean.exe -j 1 -s 32768 -D pp.unicode.fun=true -D relaxedAutoImplicit=false -D linter.unusedSimpArgs=false PaperIV/RD09FactorCandidateAverage.lean -o C:\Users\jtraverso\e81p4\opt_build_20260927\.lake\runner\lib\lean\PaperIV\RD09FactorCandidateAverage.olean -i C:\Users\jtraverso\e81p4\opt_build_20260927\.lake\runner\lib\lean\PaperIV\RD09FactorCandidateAverage.ilean
PaperIV/RD09FactorCandidateAverage.lean:334:0: warning: automatically included section variable(s) unused in theorem `PaperIV.RD09FactorCandidateAverage.mem_failedBases`:
  [Fintype Cand]
  [DecidableEq Z]
consider restructuring your `variable` declarations so that the variables are not in scope or explicitly omit them:
  omit [Fintype Cand] [DecidableEq Z] in theorem ...

Note: This linter can be disabled with `set_option linter.unusedSectionVars false`
PaperIV/RD09FactorCandidateAverage.lean:340:0: warning: automatically included section variable(s) unused in theorem `PaperIV.RD09FactorCandidateAverage.sum_card_failedBases`:
  [DecidableEq Z]
consider restructuring your `variable` declarations so that the variables are not in scope or explicitly omit them:
  omit [DecidableEq Z] in theorem ...

Note: This linter can be disabled with `set_option linter.unusedSectionVars false`
PaperIV/RD09FactorCandidateAverage.lean:369:0: warning: automatically included section variable(s) unused in theorem `PaperIV.RD09FactorCandidateAverage.card_assign_pos`:
  [DecidableEq Cand]
consider restructuring your `variable` declarations so that the variables are not in scope or explicitly omit them:
  omit [DecidableEq Cand] in theorem ...

Note: This linter can be disabled with `set_option linter.unusedSectionVars false`
PaperIV/RD09FactorCandidateAverage.lean:481:29: warning: 'ring' tactic does nothing

Note: This linter can be disabled with `set_option linter.unusedTactic false`
PaperIV/RD09FactorCandidateAverage.lean:481:29: warning: this tactic is never executed

Note: This linter can be disabled with `set_option linter.unreachableTactic false`
PaperIV/RD09FactorCandidateAverage.lean:535:0: warning: automatically included section variable(s) unused in theorem `PaperIV.RD09FactorCandidateAverage.mem_survivingBases`:
  [Fintype Cand]
consider restructuring your `variable` declarations so that the variables are not in scope or explicitly omit them:
  omit [Fintype Cand] in theorem ...

Note: This linter can be disabled with `set_option linter.unusedSectionVars false`
PaperIV/RD09FactorCandidateAverage.lean:561:8: warning: automatically included section variable(s) unused in theorem `PaperIV.RD09FactorCandidateAverage.survivingHub_apply`:
  [Fintype Cand]
  [Fintype V]
  [DecidableEq V]
consider restructuring your `variable` declarations so that the variables are not in scope or explicitly omit them:
  omit [Fintype Cand] [Fintype V] [DecidableEq V] in theorem ...

Note: This linter can be disabled with `set_option linter.unusedSectionVars false`
PaperIV/RD09FactorCandidateAverage.lean:564:8: warning: automatically included section variable(s) unused in theorem `PaperIV.RD09FactorCandidateAverage.survivingBaseEdge_apply`:
  [Fintype Cand]
  [Fintype V]
  [DecidableEq V]
consider restructuring your `variable` declarations so that the variables are not in scope or explicitly omit them:
  omit [Fintype Cand] [Fintype V] [DecidableEq V] in theorem ...

Note: This linter can be disabled with `set_option linter.unusedSectionVars false`
PaperIV/RD09FactorCandidateAverage.lean:572:0: warning: automatically included section variable(s) unused in theorem `PaperIV.RD09FactorCandidateAverage.mem_survivingPiece`:
  [Fintype Cand]
  [Fintype V]
consider restructuring your `variable` declarations so that the variables are not in scope or explicitly omit them:
  omit [Fintype Cand] [Fintype V] in theorem ...

Note: This linter can be disabled with `set_option linter.unusedSectionVars false`
PaperIV/RD09FactorCandidateAverage.lean:578:0: warning: automatically included section variable(s) unused in theorem `PaperIV.RD09FactorCandidateAverage.eq_of_two_common`:
  [DecidableEq Z]
consider restructuring your `variable` declarations so that the variables are not in scope or explicitly omit them:
  omit [DecidableEq Z] in theorem ...

Note: This linter can be disabled with `set_option linter.unusedSectionVars false`
PaperIV/RD09FactorCandidateAverage.lean:710:0: warning: automatically included section variable(s) unused in theorem `PaperIV.RD09FactorCandidateAverage.isPhaseISeparated_usedBases`:
  [Fintype Cand]
  [DecidableEq Cand]
  [DecidableEq Z]
  [Fintype V]
  [DecidableEq I]
consider restructuring your `variable` declarations so that the variables are not in scope or explicitly omit them:
  omit [Fintype Cand] [DecidableEq Cand] [DecidableEq Z] [Fintype V] [DecidableEq I] in theorem ...

Note: This linter can be disabled with `set_option linter.unusedSectionVars false`
PaperIV/RD09FactorCandidateAverage.lean:725:0: warning: automatically included section variable(s) unused in theorem `PaperIV.RD09FactorCandidateAverage.isPhaseCompatible_surviving`:
  [Fintype I]
  [DecidableEq I]
consider restructuring your `variable` declarations so that the variables are not in scope or explicitly omit them:
  omit [Fintype I] [DecidableEq I] in theorem ...

Note: This linter can be disabled with `set_option linter.unusedSectionVars false`
