$ c:\Users\jtraverso\.elan\toolchains\leanprover--lean4---v4.28.0\bin\lean.exe -j 1 -s 32768 -D pp.unicode.fun=true -D relaxedAutoImplicit=false -D linter.unusedSimpArgs=false ThreeRegime/PackingTransport.lean -o C:\Users\jtraverso\e81p4\opt_build_20260927\.lake\runner\lib\lean\ThreeRegime\PackingTransport.olean -i C:\Users\jtraverso\e81p4\opt_build_20260927\.lake\runner\lib\lean\ThreeRegime\PackingTransport.ilean
ThreeRegime/PackingTransport.lean:28:0: warning: automatically included section variable(s) unused in theorem `ThreeRegime.Transport.isItem_top_iff`:
  [Fintype V]
  [DecidableEq V]
consider restructuring your `variable` declarations so that the variables are not in scope or explicitly omit them:
  omit [Fintype V] [DecidableEq V] in theorem ...

Note: This linter can be disabled with `set_option linter.unusedSectionVars false`
ThreeRegime/PackingTransport.lean:49:0: warning: automatically included section variable(s) unused in theorem `ThreeRegime.Transport.pairs_map`:
  [Fintype V]
  [Fintype W]
consider restructuring your `variable` declarations so that the variables are not in scope or explicitly omit them:
  omit [Fintype V] [Fintype W] in theorem ...

Note: This linter can be disabled with `set_option linter.unusedSectionVars false`
ThreeRegime/PackingTransport.lean:150:8: warning: automatically included section variable(s) unused in theorem `_private.ThreeRegime.PackingTransport.0.ThreeRegime.Transport.map_preimage_eq`:
  [Fintype V]
  [DecidableEq V]
  [Fintype W]
consider restructuring your `variable` declarations so that the variables are not in scope or explicitly omit them:
  omit [Fintype V] [DecidableEq V] [Fintype W] in theorem ...

Note: This linter can be disabled with `set_option linter.unusedSectionVars false`
