start_utc=2026-08-23T01:01:17.6735401Z
cwd=C:\p3build5\P3
command=lake build PaperIII
✔ [8025/8167] Built Nibble.Basic (22s)
✔ [8026/8167] Built Nibble.Convergence (32s)
✔ [8027/8167] Built Nibble.BeckFiala (47s)
✔ [8028/8167] Built Nibble.Tight.Pruning (26s)
✔ [8029/8167] Built Nibble.Tight.CubeVariance (58s)
✔ [8030/8167] Built Nibble.Prelude (58s)
⚠ [8031/8167] Built Nibble.LPDuality (58s)
warning: Nibble/LPDuality.lean:29:8: automatically included section variable(s) unused in theorem `_private.Nibble.LPDuality.0.LPDuality.zero_isPacking`:
  [Fintype C]
consider restructuring your `variable` declarations so that the variables are not in scope or explicitly omit them:
  omit [Fintype C] in theorem ...

Note: This linter can be disabled with `set_option linter.unusedSectionVars false`
warning: Nibble/LPDuality.lean:68:8: automatically included section variable(s) unused in theorem `_private.Nibble.LPDuality.0.LPDuality.coverOpt_le_value`:
  [Fintype O]
  [DecidableEq C]
consider restructuring your `variable` declarations so that the variables are not in scope or explicitly omit them:
  omit [Fintype O] [DecidableEq C] in theorem ...

Note: This linter can be disabled with `set_option linter.unusedSectionVars false`
warning: Nibble/LPDuality.lean:105:8: automatically included section variable(s) unused in theorem `_private.Nibble.LPDuality.0.LPDuality.coverMap_apply_row`:
  [DecidableEq C]
consider restructuring your `variable` declarations so that the variables are not in scope or explicitly omit them:
  omit [DecidableEq C] in theorem ...

Note: This linter can be disabled with `set_option linter.unusedSectionVars false`
warning: Nibble/LPDuality.lean:109:8: automatically included section variable(s) unused in theorem `_private.Nibble.LPDuality.0.LPDuality.coverMap_apply_value`:
  [DecidableEq C]
consider restructuring your `variable` declarations so that the variables are not in scope or explicitly omit them:
  omit [DecidableEq C] in theorem ...

Note: This linter can be disabled with `set_option linter.unusedSectionVars false`
warning: Nibble/LPDuality.lean:605:8: automatically included section variable(s) unused in theorem `_private.Nibble.LPDuality.0.LPDuality.coverOpt_eq_zero_of_empty_row`:
  [Fintype O]
  [DecidableEq C]
consider restructuring your `variable` declarations so that the variables are not in scope or explicitly omit them:
  omit [Fintype O] [DecidableEq C] in theorem ...

Note: This linter can be disabled with `set_option linter.unusedSectionVars false`
✔ [8032/8167] Built Nibble.Conflict (29s)
✔ [8033/8167] Built Nibble.Greedy (26s)
✔ [8034/8167] Built Nibble.Regular (28s)
✔ [8035/8167] Built Nibble.YusterEdgeType (24s)
✔ [8036/8167] Built Nibble.YusterEdge (30s)
✔ [8037/8167] Built Nibble.Subgamma (43s)
✔ [8038/8167] Built Nibble.GoodEvent (45s)
✔ [8039/8167] Built Nibble.MarkovVertices (42s)
✔ [8040/8167] Built Nibble.Tight.Selection (43s)
⚠ [8041/8167] Built PaperIII.DiracHamilton (133s)
warning: PaperIII/DiracHamilton.lean:349:5: unused variable `hp`

Note: This linter can be disabled with `set_option linter.unusedVariables false`
✔ [8042/8167] Built Nibble.Tight.ConflictCount (47s)
✔ [8043/8167] Built Nibble.Survival (59s)
✔ [8044/8167] Built PaperIII.DiracMatching (149s)
✔ [8045/8167] Built Nibble.Round (57s)
✔ [8046/8169] Built Nibble.Assembly (63s)
✔ [8047/8169] Built Nibble.Interface (70s)
✔ [8048/8169] Built Nibble.YusterSubDegree (76s)
✔ [8049/8169] Built Nibble.YusterBridgePacking (72s)
✔ [8050/8177] Built Nibble.YusterFracUpper (74s)
✔ [8051/8177] Built Nibble.AX1Reduction (68s)
✔ [8052/8177] Built Nibble.RoundConflict (49s)
✔ [8053/8189] Built Nibble.BernoulliSpace (76s)
✔ [8054/8195] Built Nibble.Iteration (42s)
✔ [8055/8195] Built Nibble.DepLocal (38s)
✔ [8056/8199] Built Nibble.Covered (74s)
✔ [8057/8201] Built PaperIII.Defs (251s)
⚠ [8058/8201] Built PaperIII.E_D (251s)
warning: PaperIII/E_D.lean:33:5: unused variable `hirr`

Note: This linter can be disabled with `set_option linter.unusedVariables false`
warning: PaperIII/E_D.lean:108:5: unused variable `hr`

Note: This linter can be disabled with `set_option linter.unusedVariables false`
warning: PaperIII/E_D.lean:109:5: unused variable `hPB`

Note: This linter can be disabled with `set_option linter.unusedVariables false`
warning: PaperIII/E_D.lean:182:8: automatically included section variable(s) unused in theorem `_private.PaperIII.E_D.0.PaperIII.AppendixD.matching_saturates_max_left`:
  [Fintype R]
consider restructuring your `variable` declarations so that the variables are not in scope or explicitly omit them:
  omit [Fintype R] in theorem ...

Note: This linter can be disabled with `set_option linter.unusedSectionVars false`
warning: PaperIII/E_D.lean:183:5: unused variable `hdegU`

Note: This linter can be disabled with `set_option linter.unusedVariables false`
warning: PaperIII/E_D.lean:359:155: try 'simp' instead of 'simpa'

Note: This linter can be disabled with `set_option linter.unnecessarySimpa false`
✔ [8059/8201] Built PaperIII.E_B (251s)
✔ [8060/8201] Built Nibble.RegularMost (42s)
⚠ [8061/8201] Built PaperIII.E_3_1_LP (252s)
warning: PaperIII/E_3_1_LP.lean:21:49: unused variable `hB`

Note: This linter can be disabled with `set_option linter.unusedVariables false`
warning: PaperIII/E_3_1_LP.lean:34:5: unused variable `hd`

Note: This linter can be disabled with `set_option linter.unusedVariables false`
warning: PaperIII/E_3_1_LP.lean:49:44: unused variable `hE`

Note: This linter can be disabled with `set_option linter.unusedVariables false`
warning: PaperIII/E_3_1_LP.lean:90:23: unused variable `hrd`

Note: This linter can be disabled with `set_option linter.unusedVariables false`
✔ [8062/8201] Built Nibble.YusterSubDegreeChar (44s)
✔ [8063/8203] Built Nibble.Bennett (110s)
✔ [8064/8203] Built Nibble.PadCount (39s)
✔ [8065/8203] Built Nibble.InvariantDegree (34s)
✔ [8066/8203] Built Nibble.Assemble (36s)
✔ [8067/8203] Built Nibble.FlowFeasibility (44s)
✔ [8068/8203] Built Nibble.StrongDualityInst (52s)
⚠ [8069/8203] Built Nibble.YusterNu3 (39s)
warning: Nibble/YusterNu3.lean:28:0: automatically included section variable(s) unused in theorem `Nibble.YusterE.isMatching_empty`:
  [Fintype V]
  [DecidableEq V]
consider restructuring your `variable` declarations so that the variables are not in scope or explicitly omit them:
  omit [Fintype V] [DecidableEq V] in theorem ...

Note: This linter can be disabled with `set_option linter.unusedSectionVars false`
✔ [8070/8203] Built Nibble.Measurable (61s)
✔ [8071/8203] Built Nibble.Tight.CubeRetention (62s)
⚠ [8072/8203] Built Nibble.DrossCutArith (76s)
warning: Nibble/DrossCutArith.lean:152:33: unused variable `hn`

Note: This linter can be disabled with `set_option linter.unusedVariables false`
⚠ [8073/8203] Built Nibble.YusterBridgeFrac (43s)
warning: Nibble/YusterBridgeFrac.lean:60:0: automatically included section variable(s) unused in theorem `Nibble.YusterE.triangle_powersetCard_two_sup`:
  [Fintype V]
  [DecidableRel G.Adj]
consider restructuring your `variable` declarations so that the variables are not in scope or explicitly omit them:
  omit [Fintype V] [DecidableRel G.Adj] in theorem ...

Note: This linter can be disabled with `set_option linter.unusedSectionVars false`
warning: Nibble/YusterBridgeFrac.lean:86:0: automatically included section variable(s) unused in theorem `Nibble.YusterE.mem_powersetCard_two_iff_subset`:
  [Fintype V]
  [DecidableEq V]
consider restructuring your `variable` declarations so that the variables are not in scope or explicitly omit them:
  omit [Fintype V] [DecidableEq V] in theorem ...

Note: This linter can be disabled with `set_option linter.unusedSectionVars false`
✔ [8074/8203] Built Nibble.YusterNibbleApply (44s)
✔ [8075/8203] Built PaperIII.Contrib.MatchingMathlib (99s)
✔ [8076/8203] Built PaperIII.Contrib.DiracMathlib (97s)
✔ [8077/8203] Built Nibble.YusterSubRegular (49s)
✔ [8078/8203] Built Nibble.StarCounterexample (55s)
⚠ [8079/8203] Built PaperIII.Duality (95s)
warning: PaperIII/Duality.lean:119:5: unused variable `e`

Note: This linter can be disabled with `set_option linter.unusedVariables false`
warning: PaperIII/Duality.lean:150:0: automatically included section variable(s) unused in theorem `PaperIII.le_nu3_of_packing`:
  [DecidableRel H.Adj]
consider restructuring your `variable` declarations so that the variables are not in scope or explicitly omit them:
  omit [DecidableRel H.Adj] in theorem ...

Note: This linter can be disabled with `set_option linter.unusedSectionVars false`
✔ [8080/8203] Built PaperIII.SplitEdges (108s)
✔ [8081/8204] Built PaperIII.Identities (103s)
ℹ [8082/8204] Built PaperIII.Factorization (131s)
info: PaperIII/Factorization.lean:56:51: Try this:
  [apply] ring_nf
  
  The `ring` tactic failed to close the goal. Use `ring_nf` to obtain a normal form.
    
  Note that `ring` works primarily in *commutative* rings. If you have a noncommutative ring, abelian group or module, consider using `noncomm_ring`, `abel` or `module` instead.
✔ [8083/8204] Built Nibble.PadHypergraph (60s)
✔ [8084/8205] Built Nibble.IterationSeq (44s)
✔ [8085/8205] Built Nibble.Pruning (62s)
✔ [8086/8205] Built PaperIII.E_8_Divisible (115s)
⚠ [8087/8205] Built Nibble.Discharge (55s)
warning: Nibble/Discharge.lean:124:35: unused variable `hβ`

Note: This linter can be disabled with `set_option linter.unusedVariables false`
⚠ [8088/8207] Built Nibble.ResidualDegree (63s)
warning: Nibble/ResidualDegree.lean:93:57: unused variable `hp1`

Note: This linter can be disabled with `set_option linter.unusedVariables false`
✔ [8089/8207] Built Nibble.DenseNearRegular (43s)
✔ [8090/8219] Built Ax2.Basic (103s)
✔ [8091/8219] Built Nibble.YusterSubBridge (47s)
✔ [8092/8219] Built Nibble.BoxPlacementCount (43s)
✔ [8093/8220] Built Nibble.CoveredExpectation (70s)
⚠ [8094/8220] Built Nibble.Chebyshev (76s)
warning: Nibble/Chebyshev.lean:51:0: automatically included section variable(s) unused in theorem `Nibble.measurableSet_survival`:
  [IsProbabilityMeasure ℙ]
consider restructuring your `variable` declarations so that the variables are not in scope or explicitly omit them:
  omit [IsProbabilityMeasure ℙ] in theorem ...

Note: This linter can be disabled with `set_option linter.unusedSectionVars false`
warning: Nibble/Chebyshev.lean:106:0: automatically included section variable(s) unused in theorem `Nibble.survivalEvent_eq_dep`:
  [IsProbabilityMeasure ℙ]
consider restructuring your `variable` declarations so that the variables are not in scope or explicitly omit them:
  omit [IsProbabilityMeasure ℙ] in theorem ...

Note: This linter can be disabled with `set_option linter.unusedSectionVars false`
warning: Nibble/Chebyshev.lean:139:0: automatically included section variable(s) unused in theorem `Nibble.measurableSet_A_depSigma`:
  [IsProbabilityMeasure ℙ]
consider restructuring your `variable` declarations so that the variables are not in scope or explicitly omit them:
  omit [IsProbabilityMeasure ℙ] in theorem ...

Note: This linter can be disabled with `set_option linter.unusedSectionVars false`
warning: Nibble/Chebyshev.lean:198:0: automatically included section variable(s) unused in theorem `Nibble.survivalIndicator_nonneg`:
  [IsProbabilityMeasure ℙ]
consider restructuring your `variable` declarations so that the variables are not in scope or explicitly omit them:
  omit [IsProbabilityMeasure ℙ] in theorem ...

Note: This linter can be disabled with `set_option linter.unusedSectionVars false`
warning: Nibble/Chebyshev.lean:323:8: automatically included section variable(s) unused in theorem `_private.Nibble.Chebyshev.0.Nibble.measure_edge_hit_toReal_le`:
  [IsProbabilityMeasure ℙ]
consider restructuring your `variable` declarations so that the variables are not in scope or explicitly omit them:
  omit [IsProbabilityMeasure ℙ] in theorem ...

Note: This linter can be disabled with `set_option linter.unusedSectionVars false`
warning: Nibble/Chebyshev.lean:350:57: unused variable `hp1`

Note: This linter can be disabled with `set_option linter.unusedVariables false`
warning: Nibble/Chebyshev.lean:849:57: unused variable `hp1`

Note: This linter can be disabled with `set_option linter.unusedVariables false`
✔ [8095/8220] Built Nibble.DischargeSeq (46s)
⚠ [8096/8220] Built Nibble.CellBoxAllocation (40s)
warning: Nibble/CellBoxAllocation.lean:46:5: unused variable `hI`

Note: This linter can be disabled with `set_option linter.unusedVariables false`
warning: Nibble/CellBoxAllocation.lean:46:23: unused variable `hI'`

Note: This linter can be disabled with `set_option linter.unusedVariables false`
warning: Nibble/CellBoxAllocation.lean:46:43: unused variable `hJ`

Note: This linter can be disabled with `set_option linter.unusedVariables false`
warning: Nibble/CellBoxAllocation.lean:46:61: unused variable `hJ'`

Note: This linter can be disabled with `set_option linter.unusedVariables false`
info: Nibble/CellBoxAllocation.lean:92:0: 'Nibble.AX1.boxCompat_iff_disjoint_product' depends on axioms: [propext, Classical.choice, Quot.sound]
info: Nibble/CellBoxAllocation.lean:93:0: 'Nibble.AX1.box_allocation_infeasible' depends on axioms: [propext, Classical.choice, Quot.sound]
✔ [8097/8220] Built PaperIII.AXDefs (87s)
✔ [8098/8220] Built Nibble.Tight.DenseRegDischarge (51s)
✔ [8099/8221] Built Nibble.BoxPlacementEdge (39s)
✔ [8100/8221] Built Nibble.YusterGap (51s)
⚠ [8101/8221] Built Nibble.BeckFialaPairs (54s)
warning: Nibble/BeckFialaPairs.lean:30:0: automatically included section variable(s) unused in theorem `Nibble.BeckFiala.mem_pairClosure`:
  [DecidableEq V]
consider restructuring your `variable` declarations so that the variables are not in scope or explicitly omit them:
  omit [DecidableEq V] in theorem ...

Note: This linter can be disabled with `set_option linter.unusedSectionVars false`
✔ [8102/8221] Built PaperIII.Counting (96s)
✔ [8103/8221] Built PaperIII.CorridorDefs (98s)
⚠ [8104/8221] Built PaperIII.E_4_2_algebra (99s)
warning: PaperIII/E_4_2_algebra.lean:59:49: unused variable `hQ2`

Note: This linter can be disabled with `set_option linter.unusedVariables false`
warning: PaperIII/E_4_2_algebra.lean:60:5: unused variable `hD0`

Note: This linter can be disabled with `set_option linter.unusedVariables false`
warning: PaperIII/E_4_2_algebra.lean:72:49: unused variable `hQ2`

Note: This linter can be disabled with `set_option linter.unusedVariables false`
warning: PaperIII/E_4_2_algebra.lean:73:5: unused variable `hD0`

Note: This linter can be disabled with `set_option linter.unusedVariables false`
warning: PaperIII/E_4_2_algebra.lean:73:19: unused variable `hDP`

Note: This linter can be disabled with `set_option linter.unusedVariables false`
warning: PaperIII/E_4_2_algebra.lean:85:49: unused variable `hQ2`

Note: This linter can be disabled with `set_option linter.unusedVariables false`
warning: PaperIII/E_4_2_algebra.lean:86:5: unused variable `hD0`

Note: This linter can be disabled with `set_option linter.unusedVariables false`
⚠ [8105/8221] Built Nibble.BlockSplit (44s)
warning: Nibble/BlockSplit.lean:29:0: automatically included section variable(s) unused in theorem `Nibble.AX1.enumIdx_lt`:
  [DecidableEq V]
consider restructuring your `variable` declarations so that the variables are not in scope or explicitly omit them:
  omit [DecidableEq V] in theorem ...

Note: This linter can be disabled with `set_option linter.unusedSectionVars false`
warning: Nibble/BlockSplit.lean:31:0: automatically included section variable(s) unused in theorem `Nibble.AX1.enumIdx_injective`:
  [DecidableEq V]
consider restructuring your `variable` declarations so that the variables are not in scope or explicitly omit them:
  omit [DecidableEq V] in theorem ...

Note: This linter can be disabled with `set_option linter.unusedSectionVars false`
✔ [8106/8221] Built Nibble.OneRoundGood (59s)
✔ [8107/8221] Built Nibble.Tight.CoverProb (60s)
✔ [8108/8221] Built Nibble.BoxAllocationSpec (33s)
✔ [8109/8221] Built Nibble.AdaptiveRounds (41s)
✔ [8110/8221] Built Nibble.VarianceBound (56s)
✔ [8111/8221] Built Nibble.RoundInvariant (52s)
✔ [8112/8229] Built Nibble.YusterAX1 (38s)
✔ [8113/8229] Built Nibble.CoreGapUniformCodegree (52s)
✔ [8114/8229] Built PaperIII.AX2Bridge (73s)
✔ [8115/8229] Built PaperIII.CanonicalTrianglePacking (76s)
✔ [8116/8229] Built PaperIII.AX1Bridge (75s)
⚠ [8117/8229] Built PaperIII.E_3_1_upper (80s)
warning: PaperIII/E_3_1_upper.lean:37:23: try 'simp' instead of 'simpa'

Note: This linter can be disabled with `set_option linter.unnecessarySimpa false`
✔ [8118/8229] Built Nibble.Tight.SafeDegree (53s)
✔ [8119/8233] Built Nibble.Tight.TwoEdgeMatch (59s)
✔ [8120/8233] Built Nibble.YusterMost (60s)
⚠ [8121/8233] Built Nibble.RegularityBad (82s)
warning: Nibble/RegularityBad.lean:32:0: automatically included section variable(s) unused in theorem `Nibble.measurableSet_residual_mem`:
  [Fintype V]
  [IsProbabilityMeasure ℙ]
consider restructuring your `variable` declarations so that the variables are not in scope or explicitly omit them:
  omit [Fintype V] [IsProbabilityMeasure ℙ] in theorem ...

Note: This linter can be disabled with `set_option linter.unusedSectionVars false`
⚠ [8122/8233] Built Nibble.RegularityBadBound (94s)
warning: Nibble/RegularityBadBound.lean:26:0: automatically included section variable(s) unused in theorem `Nibble.residualDeg_variance_le_sq`:
  [Fintype V]
consider restructuring your `variable` declarations so that the variables are not in scope or explicitly omit them:
  omit [Fintype V] in theorem ...

Note: This linter can be disabled with `set_option linter.unusedSectionVars false`
⚠ [8123/8237] Built PaperIII.E_8_Core (173s)
warning: PaperIII/E_8_Core.lean:733:13: try 'simp' instead of 'simpa'

Note: This linter can be disabled with `set_option linter.unnecessarySimpa false`
✔ [8124/8237] Built Nibble.PaperImprovements (66s)
✔ [8125/8237] Built Nibble.RoundOracleKernel (169s)
✔ [8126/8237] Built Nibble.CoreGapSubblock (130s)
✔ [8127/8242] Built Nibble.NibbleGapReduction (77s)
✔ [8128/8243] Built Nibble.Tight.CoverWeight (135s)
✔ [8129/8244] Built Nibble.GridScale (126s)
⚠ [8130/8244] Built Nibble.GoodRound (92s)
warning: Nibble/GoodRound.lean:63:0: automatically included section variable(s) unused in theorem `Nibble.exists_good_round_freedman_uncond`:
  [Fintype V]
consider restructuring your `variable` declarations so that the variables are not in scope or explicitly omit them:
  omit [Fintype V] in theorem ...

Note: This linter can be disabled with `set_option linter.unusedSectionVars false`
✔ [8131/8246] Built Nibble.CoreGapPackingEdges (48s)
⚠ [8132/8248] Built PaperIII.E_7 (262s)
warning: PaperIII/E_7.lean:322:4: Try this: intro a ha x hx H
warning: PaperIII/E_7.lean:409:5: unused variable `h72`

Note: This linter can be disabled with `set_option linter.unusedVariables false`
warning: PaperIII/E_7.lean:906:5: unused variable `hbrho`

Note: This linter can be disabled with `set_option linter.unusedVariables false`
info: PaperIII/E_7.lean:1759:102: Try this:
  [apply] ring_nf
  
  The `ring` tactic failed to close the goal. Use `ring_nf` to obtain a normal form.
    
  Note that `ring` works primarily in *commutative* rings. If you have a noncommutative ring, abelian group or module, consider using `noncomm_ring`, `abel` or `module` instead.
info: PaperIII/E_7.lean:1766:70: Try this:
  [apply] ring_nf
  
  The `ring` tactic failed to close the goal. Use `ring_nf` to obtain a normal form.
    
  Note that `ring` works primarily in *commutative* rings. If you have a noncommutative ring, abelian group or module, consider using `noncomm_ring`, `abel` or `module` instead.
info: PaperIII/E_7.lean:1771:114: Try this:
  [apply] ring_nf
  
  The `ring` tactic failed to close the goal. Use `ring_nf` to obtain a normal form.
    
  Note that `ring` works primarily in *commutative* rings. If you have a noncommutative ring, abelian group or module, consider using `noncomm_ring`, `abel` or `module` instead.
✔ [8133/8267] Built Nibble.GridShiftUnique (67s)
⚠ [8134/8270] Built Nibble.RegularityBadFreedman (76s)
warning: Nibble/RegularityBadFreedman.lean:30:0: automatically included section variable(s) unused in theorem `Nibble.degree_residual_le_original`:
  [Fintype V]
consider restructuring your `variable` declarations so that the variables are not in scope or explicitly omit them:
  omit [Fintype V] in theorem ...

Note: This linter can be disabled with `set_option linter.unusedSectionVars false`
warning: Nibble/RegularityBadFreedman.lean:50:0: automatically included section variable(s) unused in theorem `Nibble.active_residualDeg_proxy_pos`:
  [Fintype V]
consider restructuring your `variable` declarations so that the variables are not in scope or explicitly omit them:
  omit [Fintype V] in theorem ...

Note: This linter can be disabled with `set_option linter.unusedSectionVars false`
✔ [8135/8303] Built Nibble.AdaptiveAssembly (75s)
✔ [8136/8303] Built PaperIII.E_6 (276s)
✔ [8137/8309] Built Nibble.Tight.CoverWeightMoments (79s)
✔ [8138/8309] Built PaperIII.E_3_1_values (224s)
✔ [8139/8310] Built PaperIII.CliquePartition (307s)
✔ [8140/8310] Built Nibble.GridLineDesign (74s)
✔ [8141/8310] Built BKLO.Basic (45s)
⚠ [8142/8312] Built Nibble.CoreGapClusterCapacity (68s)
warning: Nibble/CoreGapClusterCapacity.lean:36:0: automatically included section variable(s) unused in theorem `Nibble.AX1.card_crossEdges_le`:
  [Fintype V]
consider restructuring your `variable` declarations so that the variables are not in scope or explicitly omit them:
  omit [Fintype V] in theorem ...

Note: This linter can be disabled with `set_option linter.unusedSectionVars false`
✔ [8143/8315] Built Nibble.GoodRetentionFinset (86s)
✔ [8144/8315] Built BKLO.Sampling (54s)
✔ [8145/8315] Built BKLO.CodegreeCounting (67s)
✔ [8146/8315] Built Nibble.GoodRoundFreedman (72s)
✔ [8147/8329] Built Nibble.GridTripleDesign (51s)
✔ [8148/8329] Built Nibble.Tight.LossVariance (79s)
✔ [8149/8329] Built Nibble.Tight.PairWeightMean (72s)
✔ [8150/8329] Built BKLO.Inputs (49s)
✔ [8151/8329] Built BKLO.Transformer (55s)
✔ [8152/8332] Built PaperIII.ShiftedCenterRobust (128s)
ℹ [8153/8332] Built Nibble.CoreGapBlowUp (69s)
info: Nibble/CoreGapBlowUp.lean:700:0: 'Nibble.AX1.nu3star_blowUp' depends on axioms: [propext, Classical.choice, Quot.sound]
✔ [8154/8332] Built BKLO.DistributiveAbsorptionSkeleton (50s)
✔ [8155/8332] Built Nibble.GoodRetentionClean (91s)
✔ [8156/8332] Built Nibble.GoodRetentionFreedman (88s)
✔ [8157/8334] Built BKLO.RhoReconcile625 (73s)
✔ [8158/8334] Built BKLO.PartitionSampling (93s)
✔ [8159/8373] Built Nibble.Tight.PairExcessCodegree (96s)
✔ [8160/8384] Built Nibble.Tight.FlipStability (103s)
✔ [8161/8384] Built BKLO.Expansion (77s)
⚠ [8162/8385] Built PaperIII.E_5 (484s)
warning: PaperIII/E_5.lean:74:4: Try this: intro a ha x hx H
info: PaperIII/E_5.lean:153:66: Try this:
  [apply] ring_nf
  
  The `ring` tactic failed to close the goal. Use `ring_nf` to obtain a normal form.
    
  Note that `ring` works primarily in *commutative* rings. If you have a noncommutative ring, abelian group or module, consider using `noncomm_ring`, `abel` or `module` instead.
info: PaperIII/E_5.lean:154:78: Try this:
  [apply] ring_nf
  
  The `ring` tactic failed to close the goal. Use `ring_nf` to obtain a normal form.
    
  Note that `ring` works primarily in *commutative* rings. If you have a noncommutative ring, abelian group or module, consider using `noncomm_ring`, `abel` or `module` instead.
warning: PaperIII/E_5.lean:167:5: unused variable `hq`

Note: This linter can be disabled with `set_option linter.unusedVariables false`
warning: PaperIII/E_5.lean:193:19: unused variable `hq`

Note: This linter can be disabled with `set_option linter.unusedVariables false`
info: PaperIII/E_5.lean:283:215: Try this:
  [apply] ring_nf
  
  The `ring` tactic failed to close the goal. Use `ring_nf` to obtain a normal form.
    
  Note that `ring` works primarily in *commutative* rings. If you have a noncommutative ring, abelian group or module, consider using `noncomm_ring`, `abel` or `module` instead.
info: PaperIII/E_5.lean:284:168: Try this:
  [apply] ring_nf
  
  The `ring` tactic failed to close the goal. Use `ring_nf` to obtain a normal form.
    
  Note that `ring` works primarily in *commutative* rings. If you have a noncommutative ring, abelian group or module, consider using `noncomm_ring`, `abel` or `module` instead.
info: PaperIII/E_5.lean:291:153: Try this:
  [apply] ring_nf
  
  The `ring` tactic failed to close the goal. Use `ring_nf` to obtain a normal form.
    
  Note that `ring` works primarily in *commutative* rings. If you have a noncommutative ring, abelian group or module, consider using `noncomm_ring`, `abel` or `module` instead.
warning: PaperIII/E_5.lean:485:6: Try this: intro a ha x hx H
info: PaperIII/E_5.lean:528:171: Try this:
  [apply] ring_nf
  
  The `ring` tactic failed to close the goal. Use `ring_nf` to obtain a normal form.
    
  Note that `ring` works primarily in *commutative* rings. If you have a noncommutative ring, abelian group or module, consider using `noncomm_ring`, `abel` or `module` instead.
info: PaperIII/E_5.lean:529:157: Try this:
  [apply] ring_nf
  
  The `ring` tactic failed to close the goal. Use `ring_nf` to obtain a normal form.
    
  Note that `ring` works primarily in *commutative* rings. If you have a noncommutative ring, abelian group or module, consider using `noncomm_ring`, `abel` or `module` instead.
info: PaperIII/E_5.lean:575:99: Try this:
  [apply] ring_nf
  
  The `ring` tactic failed to close the goal. Use `ring_nf` to obtain a normal form.
    
  Note that `ring` works primarily in *commutative* rings. If you have a noncommutative ring, abelian group or module, consider using `noncomm_ring`, `abel` or `module` instead.
✔ [8163/8385] Built BKLO.Absorber (82s)
✔ [8164/8385] Built Nibble.Tight.SafeDegreeVariance (123s)
✔ [8165/8385] Built BKLO.DiracMatching (94s)
✔ [8166/8385] Built Nibble.Tight.TightRound (134s)
⚠ [8167/8387] Built BKLO.FiniteBernoulli (88s)
warning: BKLO/FiniteBernoulli.lean:197:34: unused variable `hp0`

Note: This linter can be disabled with `set_option linter.unusedVariables false`
✔ [8168/8387] Built Nibble.NibbleStrategyFreedman (110s)
✔ [8169/8387] Built Nibble.NibbleStrategy (114s)
✔ [8170/8387] Built BKLO.NearOptimal (43s)
✔ [8171/8387] Built BKLO.Refutations (48s)
✔ [8172/8387] Built Nibble.Tight.SharpVariance (113s)
✔ [8173/8387] Built BKLO.Core (52s)
⚠ [8174/8391] Built Ax2.Explore.NodupChain (131s)
warning: Ax2/Explore/NodupChain.lean:78:39: unused variable `hst`

Note: This linter can be disabled with `set_option linter.unusedVariables false`
✔ [8175/8431] Built Ax2.Explore.RouteB (146s)
⚠ [8177/8455] Built PaperIII.E_4_agg (325s)
info: PaperIII/E_4_agg.lean:186:47: Try this:
  [apply] ring_nf!
  
  The `ring!` tactic failed to close the goal. Use `ring_nf!` to obtain a normal form.
    
  Note that `ring!` works primarily in *commutative* rings. If you have a noncommutative ring, abelian group or module, consider using `noncomm_ring`, `abel` or `module` instead.
info: PaperIII/E_4_agg.lean:202:404: Try this:
  [apply] ring_nf
  
  The `ring` tactic failed to close the goal. Use `ring_nf` to obtain a normal form.
    
  Note that `ring` works primarily in *commutative* rings. If you have a noncommutative ring, abelian group or module, consider using `noncomm_ring`, `abel` or `module` instead.
info: PaperIII/E_4_agg.lean:267:48: Try this:
  [apply] ring_nf!
  
  The `ring!` tactic failed to close the goal. Use `ring_nf!` to obtain a normal form.
    
  Note that `ring!` works primarily in *commutative* rings. If you have a noncommutative ring, abelian group or module, consider using `noncomm_ring`, `abel` or `module` instead.
warning: PaperIII/E_4_agg.lean:222:46: unused variable `hd`

Note: This linter can be disabled with `set_option linter.unusedVariables false`
warning: PaperIII/E_4_agg.lean:347:24: unused variable `e`

Note: This linter can be disabled with `set_option linter.unusedVariables false`
warning: PaperIII/E_4_agg.lean:350:24: unused variable `a`

Note: This linter can be disabled with `set_option linter.unusedVariables false`
warning: PaperIII/E_4_agg.lean:353:24: unused variable `e`

Note: This linter can be disabled with `set_option linter.unusedVariables false`
warning: PaperIII/E_4_agg.lean:356:24: unused variable `e`

Note: This linter can be disabled with `set_option linter.unusedVariables false`
⚠ [8178/8455] Built Ax2.Explore.PathBalance (138s)
warning: Ax2/Explore/PathBalance.lean:10:8: automatically included section variable(s) unused in theorem `_private.Ax2.Explore.PathBalance.0.Ax2.PathBalance.mem_pairs_iff'`:
  [Fintype N]
consider restructuring your `variable` declarations so that the variables are not in scope or explicitly omit them:
  omit [Fintype N] in theorem ...

Note: This linter can be disabled with `set_option linter.unusedSectionVars false`
warning: Ax2/Explore/PathBalance.lean:25:0: automatically included section variable(s) unused in theorem `Ax2.PathBalance.mem_pairs_iff`:
  [Fintype N]
consider restructuring your `variable` declarations so that the variables are not in scope or explicitly omit them:
  omit [Fintype N] in theorem ...

Note: This linter can be disabled with `set_option linter.unusedSectionVars false`
warning: Ax2/Explore/PathBalance.lean:148:8: automatically included section variable(s) unused in theorem `_private.Ax2.Explore.PathBalance.0.Ax2.PathBalance.pout_iff`:
  [Fintype N]
  [DecidableEq N]
consider restructuring your `variable` declarations so that the variables are not in scope or explicitly omit them:
  omit [Fintype N] [DecidableEq N] in theorem ...

Note: This linter can be disabled with `set_option linter.unusedSectionVars false`
warning: Ax2/Explore/PathBalance.lean:177:8: automatically included section variable(s) unused in theorem `_private.Ax2.Explore.PathBalance.0.Ax2.PathBalance.pin_iff`:
  [Fintype N]
  [DecidableEq N]
consider restructuring your `variable` declarations so that the variables are not in scope or explicitly omit them:
  omit [Fintype N] [DecidableEq N] in theorem ...

Note: This linter can be disabled with `set_option linter.unusedSectionVars false`
✔ [8179/8455] Built Nibble.Tight.TightRoundConcrete (97s)
ℹ [8180/8455] Built PaperIII.Prop_10_1 (162s)
info: PaperIII/Prop_10_1.lean:78:50: Try this:
  [apply] ring_nf
  
  The `ring` tactic failed to close the goal. Use `ring_nf` to obtain a normal form.
    
  Note that `ring` works primarily in *commutative* rings. If you have a noncommutative ring, abelian group or module, consider using `noncomm_ring`, `abel` or `module` instead.
info: PaperIII/Prop_10_1.lean:88:157: Try this:
  [apply] ring_nf
  
  The `ring` tactic failed to close the goal. Use `ring_nf` to obtain a normal form.
    
  Note that `ring` works primarily in *commutative* rings. If you have a noncommutative ring, abelian group or module, consider using `noncomm_ring`, `abel` or `module` instead.
info: PaperIII/Prop_10_1.lean:89:164: Try this:
  [apply] ring_nf
  
  The `ring` tactic failed to close the goal. Use `ring_nf` to obtain a normal form.
    
  Note that `ring` works primarily in *commutative* rings. If you have a noncommutative ring, abelian group or module, consider using `noncomm_ring`, `abel` or `module` instead.
info: PaperIII/Prop_10_1.lean:138:131: Try this:
  [apply] ring_nf
  
  The `ring` tactic failed to close the goal. Use `ring_nf` to obtain a normal form.
    
  Note that `ring` works primarily in *commutative* rings. If you have a noncommutative ring, abelian group or module, consider using `noncomm_ring`, `abel` or `module` instead.
info: PaperIII/Prop_10_1.lean:370:167: Try this:
  [apply] ring_nf
  
  The `ring` tactic failed to close the goal. Use `ring_nf` to obtain a normal form.
    
  Note that `ring` works primarily in *commutative* rings. If you have a noncommutative ring, abelian group or module, consider using `noncomm_ring`, `abel` or `module` instead.
✔ [8181/8455] Built Ax2.PartA.Flow (140s)
✔ [8182/8455] Built BKLO.Lists (60s)
✔ [8183/8455] Built BKLO.BipartiteMatching (56s)
✔ [8184/8455] Built Nibble.Tight.CoverVariance (100s)
✔ [8185/8455] Built Nibble.DegreeDecay (92s)
✔ [8186/8455] Built PaperIII.PackingCorollaries (219s)
✔ [8187/8455] Built Ax2.PartA.DrossArith (136s)
✔ [8188/8455] Built Nibble.Tight.ResidualBand (67s)
✔ [8189/8455] Built Ax2.PartB.BKLO.Defs (117s)
✔ [8190/8455] Built PaperIII.OfPartition (107s)
✔ [8191/8455] Built BKLO.Cycles (68s)
✔ [8192/8455] Built PaperIII.E_4_2 (117s)
✔ [8193/8455] Built Nibble.Tight.TightRoundCheb (66s)
✔ [8194/8455] Built Nibble.Tight.SafeRoundCheb (69s)
✔ [8195/8455] Built Ax2.Explore.MFMC (102s)
✔ [8196/8455] Built Nibble.DegreeDecayFreedman (68s)
✔ [8197/8455] Built BKLO.Backdeg (54s)
✔ [8198/8455] Built BKLO.Transport (54s)
✔ [8199/8455] Built BKLO.Veblen (54s)
✔ [8200/8455] Built Nibble.Tight.ResidualBandCheb (60s)
✔ [8201/8455] Built Nibble.Tight.SharpRoundProof (62s)
⚠ [8202/8455] Built Ax2.PartA.Spine (93s)
warning: Ax2/PartA/Spine.lean:83:6: `Finset.filter_card_add_filter_neg_card_eq_card` has been deprecated: Use `Finset.card_filter_add_card_filter_not` instead
warning: Ax2/PartA/Spine.lean:156:75: unused variable `huv`

Note: This linter can be disabled with `set_option linter.unusedVariables false`
✔ [8203/8455] Built Ax2.PartB.BKLO.Absorber (91s)
✔ [8204/8455] Built Nibble.MostAssemblyFreedman (69s)
✔ [8205/8455] Built BKLO.HasAbs (50s)
⚠ [8206/8455] Built PaperIII.E_4_3 (107s)
warning: PaperIII/E_4_3.lean:88:4: 'push_cast' tactic does nothing

Note: This linter can be disabled with `set_option linter.unusedTactic false`
✔ [8207/8455] Built BKLO.Gadgets (77s)
✔ [8208/8455] Built Nibble.Tight.RoundExplicit (69s)
✔ [8209/8455] Built BKLO.Degeneracy (42s)
⚠ [8210/8455] Built Ax2.PartB.BKLO.Gadget (66s)
warning: Ax2/PartB/BKLO/Gadget.lean:40:0: automatically included section variable(s) unused in theorem `Ax2.BKLO.triEdges_card_of_isNClique`:
  [Fintype V]
consider restructuring your `variable` declarations so that the variables are not in scope or explicitly omit them:
  omit [Fintype V] in theorem ...

Note: This linter can be disabled with `set_option linter.unusedSectionVars false`
✔ [8211/8455] Built Nibble.Tight.SharpRound (38s)
✔ [8212/8455] Built BKLO.GadgetsBlk (54s)
✔ [8213/8455] Built BKLO.Embedding (41s)
✔ [8214/8455] Built PaperIII.E_8 (89s)
✔ [8215/8455] Built BKLO.EmbeddingConf (68s)
✔ [8216/8455] Built BKLO.Families (72s)
✔ [8217/8455] Built BKLO.TransportV (69s)
✔ [8218/8455] Built Nibble.TightAssembly (139s)
✔ [8219/8455] Built BKLO.MapTransport (60s)
✔ [8220/8455] Built Nibble.Tight.SharpRoundAssembly (140s)
✔ [8221/8455] Built BKLO.AbsorberExists (63s)
✔ [8222/8455] Built BKLO.StarMatchingTriangles (66s)
✔ [8223/8455] Built BKLO.Placement (66s)
✔ [8224/8455] Built BKLO.Vortex (67s)
✔ [8225/8455] Built PaperIII.Main (172s)
✔ [8226/8455] Built BKLO.HostGraph (69s)
✔ [8227/8455] Built BKLO.InputsVortex (68s)
✔ [8228/8455] Built BKLO.SetGraph (73s)
✔ [8229/8455] Built BKLO.CoverDown (77s)
✔ [8230/8455] Built BKLO.Section10Defs (78s)
⚠ [8231/8455] Built Nibble.TightSchedule (101s)
warning: Nibble/TightSchedule.lean:40:22: unused variable `hgam8`

Note: This linter can be disabled with `set_option linter.unusedVariables false`
warning: Nibble/TightSchedule.lean:51:22: unused variable `hgam8`

Note: This linter can be disabled with `set_option linter.unusedVariables false`
✔ [8232/8455] Built BKLO.InvolutionMatching (95s)
✔ [8233/8455] Built BKLO.PlacementConf (95s)
✔ [8234/8455] Built BKLO.Main (95s)
✔ [8235/8455] Built BKLO.CoverDownGreedyAssembly (95s)
✔ [8236/8455] Built BKLO.VortexEngine (61s)
✔ [8237/8455] Built BKLO.CoverDownBudget (60s)
✔ [8238/8455] Built BKLO.NibbleMaxDeg (60s)
✔ [8239/8455] Built BKLO.BoundedLeftoverInterface (64s)
✔ [8240/8455] Built BKLO.CellGadgets (74s)
✔ [8241/8455] Built PaperIII.Addenda (103s)
✔ [8242/8455] Built BKLO.CoverDownDiracChooser (63s)
✔ [8243/8455] Built BKLO.EquitablePartitionDense (64s)
✔ [8244/8455] Built BKLO.Section10Matchings (78s)
✔ [8245/8455] Built BKLO.Section10Iteration (78s)
✔ [8246/8455] Built Nibble.TightNibble (92s)
✔ [8247/8455] Built BKLO.InputsVortexSat (65s)
✔ [8248/8455] Built BKLO.VortexMain (70s)
✔ [8249/8455] Built BKLO.CoverDownGreedyExistence (68s)
✔ [8250/8455] Built BKLO.CoverDownChooserStep (55s)
⚠ [8251/8455] Built Ax2.Explore.DrossNet (390s)
warning: Ax2/Explore/DrossNet.lean:209:8: automatically included section variable(s) unused in theorem `_private.Ax2.Explore.DrossNet.0.Ax2.DrossNet.card4_pairwise`:
  [Fintype V]
consider restructuring your `variable` declarations so that the variables are not in scope or explicitly omit them:
  omit [Fintype V] in theorem ...

Note: This linter can be disabled with `set_option linter.unusedSectionVars false`
warning: Ax2/Explore/DrossNet.lean:231:0: automatically included section variable(s) unused in theorem `Ax2.DrossNet.k4pair_iff_clique`:
  [Fintype V]
consider restructuring your `variable` declarations so that the variables are not in scope or explicitly omit them:
  omit [Fintype V] in theorem ...

Note: This linter can be disabled with `set_option linter.unusedSectionVars false`
warning: Ax2/Explore/DrossNet.lean:246:0: automatically included section variable(s) unused in theorem `Ax2.DrossNet.k4pair_symm`:
  [Fintype V]
consider restructuring your `variable` declarations so that the variables are not in scope or explicitly omit them:
  omit [Fintype V] in theorem ...

Note: This linter can be disabled with `set_option linter.unusedSectionVars false`
warning: Ax2/Explore/DrossNet.lean:868:12: try 'simp' instead of 'simpa'

Note: This linter can be disabled with `set_option linter.unnecessarySimpa false`
warning: Ax2/Explore/DrossNet.lean:1016:81: unused variable `hwΔ`

Note: This linter can be disabled with `set_option linter.unusedVariables false`
warning: Ax2/Explore/DrossNet.lean:1538:62: unused variable `hwΔ`

Note: This linter can be disabled with `set_option linter.unusedVariables false`
warning: Ax2/Explore/DrossNet.lean:1558:34: unused variable `hwΔ`

Note: This linter can be disabled with `set_option linter.unusedVariables false`
warning: Ax2/Explore/DrossNet.lean:1561:31: unused variable `hTB2`

Note: This linter can be disabled with `set_option linter.unusedVariables false`
warning: Ax2/Explore/DrossNet.lean:1576:51: unused variable `hwΔ`

Note: This linter can be disabled with `set_option linter.unusedVariables false`
warning: Ax2/Explore/DrossNet.lean:1580:36: unused variable `hTB2`

Note: This linter can be disabled with `set_option linter.unusedVariables false`
warning: Ax2/Explore/DrossNet.lean:1615:51: unused variable `hwΔ`

Note: This linter can be disabled with `set_option linter.unusedVariables false`
warning: Ax2/Explore/DrossNet.lean:1619:36: unused variable `hTB2`

Note: This linter can be disabled with `set_option linter.unusedVariables false`
warning: Ax2/Explore/DrossNet.lean:2615:55: Used `tac1 <;> tac2` where `(tac1; tac2)` would suffice

Note: This linter can be disabled with `set_option linter.unnecessarySeqFocus false`
warning: Ax2/Explore/DrossNet.lean:2652:51: Used `tac1 <;> tac2` where `(tac1; tac2)` would suffice

Note: This linter can be disabled with `set_option linter.unnecessarySeqFocus false`
warning: Ax2/Explore/DrossNet.lean:2669:33: Used `tac1 <;> tac2` where `(tac1; tac2)` would suffice

Note: This linter can be disabled with `set_option linter.unnecessarySeqFocus false`
warning: Ax2/Explore/DrossNet.lean:2718:22: Used `tac1 <;> tac2` where `(tac1; tac2)` would suffice

Note: This linter can be disabled with `set_option linter.unnecessarySeqFocus false`
warning: Ax2/Explore/DrossNet.lean:2785:5: unused variable `h`

Note: This linter can be disabled with `set_option linter.unusedVariables false`
warning: Ax2/Explore/DrossNet.lean:2785:49: unused variable `hn20`

Note: This linter can be disabled with `set_option linter.unusedVariables false`
warning: Ax2/Explore/DrossNet.lean:2886:5: unused variable `h`

Note: This linter can be disabled with `set_option linter.unusedVariables false`
warning: Ax2/Explore/DrossNet.lean:2886:49: unused variable `hn20`

Note: This linter can be disabled with `set_option linter.unusedVariables false`
warning: Ax2/Explore/DrossNet.lean:3176:51: Used `tac1 <;> tac2` where `(tac1; tac2)` would suffice

Note: This linter can be disabled with `set_option linter.unnecessarySeqFocus false`
warning: Ax2/Explore/DrossNet.lean:3193:33: Used `tac1 <;> tac2` where `(tac1; tac2)` would suffice

Note: This linter can be disabled with `set_option linter.unnecessarySeqFocus false`
warning: Ax2/Explore/DrossNet.lean:3242:22: Used `tac1 <;> tac2` where `(tac1; tac2)` would suffice

Note: This linter can be disabled with `set_option linter.unnecessarySeqFocus false`
warning: Ax2/Explore/DrossNet.lean:3375:8: automatically included section variable(s) unused in theorem `_private.Ax2.Explore.DrossNet.0.Ax2.DrossNet.heavy_triangle_vertices_distinct`:
  [Fintype V]
  [DecidableEq V]
consider restructuring your `variable` declarations so that the variables are not in scope or explicitly omit them:
  omit [Fintype V] [DecidableEq V] in theorem ...

Note: This linter can be disabled with `set_option linter.unusedSectionVars false`
✔ [8252/8455] Built BKLO.Section1012Defs (59s)
✔ [8253/8455] Built BKLO.BoundedLeftover (92s)
✔ [8254/8455] Built BKLO.PartSeqDenseProof (86s)
✔ [8255/8455] Built Nibble.DenseApproxDeg (77s)
✔ [8256/8455] Built BKLO.CoverDownObstruction (71s)
✔ [8257/8455] Built Nibble.DenseGapAX1 (76s)
✔ [8258/8455] Built BKLO.Section10DegreeReduction (103s)
✔ [8259/8455] Built Nibble.SpreadNibble (93s)
✔ [8260/8455] Built Nibble.PadRounding (93s)
✔ [8261/8455] Built BKLO.ParityTools (73s)
✔ [8262/8455] Built BKLO.Section1010Obstruction (75s)
✔ [8263/8455] Built BKLO.Section102K3 (74s)
✔ [8264/8455] Built BKLO.Section11CellsChain (67s)
✔ [8265/8455] Built BKLO.CoreAbsorberExists (74s)
✔ [8266/8455] Built BKLO.Reservoir (66s)
✔ [8267/8455] Built Nibble.DenseTriangleNibbleDegProof (72s)
✔ [8268/8455] Built BKLO.CoverDownRefutationA (71s)
✔ [8269/8455] Built BKLO.Section1012Tools (121s)
✔ [8270/8455] Built BKLO.Section72K3 (122s)
✔ [8271/8455] Built BKLO.CoverDownRefutationB (76s)
✔ [8272/8455] Built BKLO.VortexPartition (85s)
✔ [8273/8455] Built BKLO.TriangleSums (72s)
✔ [8274/8455] Built Nibble.CoreGapAX1 (95s)
✔ [8275/8455] Built BKLO.CoverDownBudgetInvariant (64s)
✔ [8276/8455] Built BKLO.CoreAbsorberConf (78s)
✔ [8277/8455] Built BKLO.CoverDownRefutation (65s)
✔ [8278/8455] Built PaperIII.AX1NibbleBridge (116s)
✔ [8279/8455] Built BKLO.Section10TransformStepProof (113s)
✔ [8280/8455] Built Nibble.StarExchange (69s)
✔ [8281/8455] Built BKLO.CoverDownFused (73s)
✔ [8282/8455] Built BKLO.ReservoirSat (90s)
✔ [8283/8455] Built Nibble.DenseTriangleNibbleDegHalf (85s)
✔ [8284/8455] Built BKLO.ParityFamily (73s)
✔ [8285/8455] Built BKLO.CoverDownBudgetAccumulate (70s)
✔ [8286/8455] Built Nibble.CoreGapRemoval (84s)
✔ [8287/8455] Built BKLO.Section10Faithful (64s)
✔ [8288/8455] Built Nibble.WeightedNibble (85s)
✔ [8289/8455] Built BKLO.SubtypeTransport (65s)
✔ [8290/8455] Built BKLO.CoverDownRepaired (67s)
✔ [8291/8455] Built BKLO.ReservoirRepaired (63s)
✔ [8292/8455] Built Nibble.StarMoves (78s)
✔ [8293/8455] Built Nibble.DoubleSwap (74s)
✔ [8294/8455] Built Nibble.DenseGlobalLeftoverConst (74s)
⚠ [8295/8455] Built PaperIII.MainNibble (102s)
warning: PaperIII/MainNibble.lean:216:32: unused variable `d₀`

Note: This linter can be disabled with `set_option linter.unusedVariables false`
warning: PaperIII/MainNibble.lean:233:32: unused variable `d₀`

Note: This linter can be disabled with `set_option linter.unusedVariables false`
warning: PaperIII/MainNibble.lean:250:32: unused variable `d₀`

Note: This linter can be disabled with `set_option linter.unusedVariables false`
warning: PaperIII/MainNibble.lean:513:32: unused variable `d₀`

Note: This linter can be disabled with `set_option linter.unusedVariables false`
warning: PaperIII/MainNibble.lean:530:32: unused variable `d₀`

Note: This linter can be disabled with `set_option linter.unusedVariables false`
warning: PaperIII/MainNibble.lean:547:32: unused variable `d₀`

Note: This linter can be disabled with `set_option linter.unusedVariables false`
✔ [8296/8455] Built BKLO.Section9ParityK3 (69s)
✔ [8297/8455] Built BKLO.Section9Vectors (74s)
✔ [8298/8455] Built BKLO.Section1012Repaired (78s)
✔ [8299/8455] Built BKLO.Section10Lemma103 (80s)
✔ [8300/8455] Built Nibble.FracNibbleRefutation (79s)
✔ [8301/8455] Built Nibble.WeightedSpreadNibble (82s)
✔ [8302/8455] Built Nibble.CoreGapNearComplete (86s)
✔ [8303/8455] Built BKLO.CoverDownFromDecomp (86s)
✔ [8304/8455] Built BKLO.Section10TransformStepWeak (107s)
✔ [8305/8455] Built BKLO.CoverDownFusedR (90s)
✔ [8306/8455] Built BKLO.ReservoirRepaired2 (80s)
✔ [8307/8455] Built BKLO.ReservoirRepairedSat (92s)
✔ [8308/8455] Built Nibble.StarCount (69s)
✔ [8309/8455] Built BKLO.Section1012Dense (65s)
✔ [8310/8455] Built BKLO.SpreadMatching (63s)
✔ [8311/8455] Built BKLO.Section9Greedy (73s)
✔ [8312/8455] Built BKLO.Section9Assembly (76s)
✔ [8313/8455] Built BKLO.StarGreedyBudget (69s)
✔ [8314/8455] Built Nibble.DenseGlobalLeftoverBelowHalf (94s)
✔ [8315/8455] Built Nibble.WeightedNibbleRestrict (83s)
✔ [8316/8455] Built Nibble.CoreGapRegularDegrees (75s)
✔ [8317/8455] Built BKLO.VortexEngineFusedR (73s)
✔ [8318/8455] Built BKLO.EngineR3 (73s)
✔ [8319/8455] Built BKLO.LinkCoverAssembly (67s)
✔ [8320/8455] Built Nibble.StarAugment (75s)
✔ [8321/8455] Built BKLO.NearOptimalFaithful (108s)
✔ [8322/8455] Built BKLO.Section9Chain (76s)
✔ [8323/8455] Built BKLO.BottomClause (104s)
✔ [8324/8455] Built Nibble.TriangleCapacity (77s)
✔ [8325/8455] Built BKLO.Section1010Dense (89s)
✔ [8326/8455] Built Nibble.FracNibbleRepaired (76s)
⚠ [8327/8455] Built Nibble.CoreGapRegularDecomp (80s)
warning: Nibble/CoreGapRegularDecomp.lean:53:0: automatically included section variable(s) unused in theorem `Nibble.AX1.edgeSelect_adj`:
  [Fintype V]
consider restructuring your `variable` declarations so that the variables are not in scope or explicitly omit them:
  omit [Fintype V] in theorem ...

Note: This linter can be disabled with `set_option linter.unusedSectionVars false`
warning: Nibble/CoreGapRegularDecomp.lean:56:0: automatically included section variable(s) unused in theorem `Nibble.AX1.edgeSelect_le`:
  [Fintype V]
consider restructuring your `variable` declarations so that the variables are not in scope or explicitly omit them:
  omit [Fintype V] in theorem ...

Note: This linter can be disabled with `set_option linter.unusedSectionVars false`
✔ [8328/8455] Built BKLO.VortexEngineFusedR2 (76s)
✔ [8329/8455] Built BKLO.Section9Build (62s)
⚠ [8330/8455] Built BKLO.Section1012Assembly (142s)
warning: BKLO/Section1012Assembly.lean:80:36: unused variable `hε`

Note: This linter can be disabled with `set_option linter.unusedVariables false`
warning: BKLO/Section1012Assembly.lean:108:36: unused variable `hε`

Note: This linter can be disabled with `set_option linter.unusedVariables false`
✔ [8331/8455] Built Nibble.WitnessPair (75s)
✔ [8332/8455] Built BKLO.MainRepaired (126s)
✔ [8333/8455] Built BKLO.Section1011Dense (72s)
✔ [8334/8455] Built BKLO.Section1010Sparse (74s)
✔ [8335/8455] Built Nibble.CoreGapRegularFamily (65s)
✔ [8336/8455] Built BKLO.LevelSampling (100s)
✔ [8337/8455] Built BKLO.ReservoirLarge (70s)
ℹ [8338/8455] Built Nibble.FracNibbleSlack (91s)
info: Nibble/FracNibbleSlack.lean:579:0: 'Nibble.fracNibble_withSlack' depends on axioms: [propext, Classical.choice, Quot.sound]
✔ [8339/8455] Built BKLO.Section9Construct (64s)
✔ [8340/8455] Built BKLO.Section106Set (68s)
✔ [8341/8455] Built Nibble.DenseGlobalLeftoverThird (80s)
✔ [8342/8455] Built BKLO.Section1012RhoWindow (85s)
✔ [8343/8455] Built BKLO.DescentStep (80s)
✔ [8344/8455] Built BKLO.GridLabelling (76s)
✔ [8345/8455] Built BKLO.Section107Core (99s)
✔ [8346/8455] Built BKLO.BalancedClasses (88s)
✔ [8347/8455] Built Nibble.CoreGapRegularCover (94s)
✔ [8348/8455] Built Nibble.CoreGapTripleDegrees (95s)
ℹ [8349/8455] Built Nibble.FracNibbleSlackR (95s)
info: Nibble/FracNibbleSlackR.lean:642:0: 'Nibble.SlackR.fracNibbleR_withSlack' depends on axioms: [propext, Classical.choice, Quot.sound]
✔ [8350/8455] Built BKLO.Section9ParityK3Proof (97s)
✔ [8351/8455] Built BKLO.MainRepaired2 (143s)
✔ [8352/8455] Built Nibble.DenseGlobalLeftoverSharp (80s)
✔ [8353/8455] Built BKLO.GridLabellingCells (59s)
✔ [8354/8455] Built Nibble.CoreGapReducedPair (61s)
✔ [8355/8455] Built Nibble.CoreGapPackingSplit (68s)
✔ [8356/8455] Built Nibble.CoreGapPrune (70s)
⚠ [8357/8455] Built Nibble.CoreGapRectPack (70s)
warning: Nibble/CoreGapRectPack.lean:32:0: automatically included section variable(s) unused in theorem `Nibble.AX1.mem_tripleRect_iff`:
  [Fintype V]
consider restructuring your `variable` declarations so that the variables are not in scope or explicitly omit them:
  omit [Fintype V] in theorem ...

Note: This linter can be disabled with `set_option linter.unusedSectionVars false`
warning: Nibble/CoreGapRectPack.lean:47:8: automatically included section variable(s) unused in theorem `_private.Nibble.CoreGapRectPack.0.Nibble.AX1.disjoint_product_left`:
  [Fintype V]
  [DecidableEq V]
consider restructuring your `variable` declarations so that the variables are not in scope or explicitly omit them:
  omit [Fintype V] [DecidableEq V] in theorem ...

Note: This linter can be disabled with `set_option linter.unusedSectionVars false`
warning: Nibble/CoreGapRectPack.lean:55:8: automatically included section variable(s) unused in theorem `_private.Nibble.CoreGapRectPack.0.Nibble.AX1.disjoint_product_right`:
  [Fintype V]
  [DecidableEq V]
consider restructuring your `variable` declarations so that the variables are not in scope or explicitly omit them:
  omit [Fintype V] [DecidableEq V] in theorem ...

Note: This linter can be disabled with `set_option linter.unusedSectionVars false`
warning: Nibble/CoreGapRectPack.lean:82:29: this tactic is never executed

Note: This linter can be disabled with `set_option linter.unreachableTactic false`
warning: Nibble/CoreGapRectPack.lean:93:67: this tactic is never executed

Note: This linter can be disabled with `set_option linter.unreachableTactic false`
warning: Nibble/CoreGapRectPack.lean:94:10: this tactic is never executed

Note: This linter can be disabled with `set_option linter.unreachableTactic false`
warning: Nibble/CoreGapRectPack.lean:94:29: this tactic is never executed

Note: This linter can be disabled with `set_option linter.unreachableTactic false`
warning: Nibble/CoreGapRectPack.lean:82:29: 'exact nBC hy' hy' tactic does nothing

Note: This linter can be disabled with `set_option linter.unusedTactic false`
warning: Nibble/CoreGapRectPack.lean:93:67: 'exact nAC hy' hy' tactic does nothing

Note: This linter can be disabled with `set_option linter.unusedTactic false`
warning: Nibble/CoreGapRectPack.lean:94:10: 'exact nBC hy hy'' tactic does nothing

Note: This linter can be disabled with `set_option linter.unusedTactic false`
warning: Nibble/CoreGapRectPack.lean:94:29: 'exact nBC hy' hy' tactic does nothing

Note: This linter can be disabled with `set_option linter.unusedTactic false`
✔ [8358/8455] Built BKLO.ReservoirDesign (109s)
✔ [8359/8455] Built BKLO.ScheduleR3 (119s)
✔ [8360/8455] Built Nibble.DrossFractional (65s)
✔ [8361/8455] Built Nibble.CoreGapPruneLocal (55s)
✔ [8362/8455] Built Nibble.GridTripleDesignRect (60s)
✔ [8363/8455] Built Nibble.CoarseCellBlocks (61s)
⚠ [8364/8455] Built Nibble.FracNibbleLE (113s)
warning: Nibble/FracNibbleLE.lean:153:0: automatically included section variable(s) unused in theorem `Nibble.LEUnif.padWtLE_nonneg`:
  [DecidableEq X]
consider restructuring your `variable` declarations so that the variables are not in scope or explicitly omit them:
  omit [DecidableEq X] in theorem ...

Note: This linter can be disabled with `set_option linter.unusedSectionVars false`
warning: Nibble/FracNibbleLE.lean:201:0: automatically included section variable(s) unused in theorem `Nibble.LEUnif.sum_over_i`:
  [DecidableEq X]
consider restructuring your `variable` declarations so that the variables are not in scope or explicitly omit them:
  omit [DecidableEq X] in theorem ...

Note: This linter can be disabled with `set_option linter.unusedSectionVars false`
info: Nibble/FracNibbleLE.lean:608:0: 'Nibble.fracNibble_leUniform' depends on axioms: [propext, Classical.choice, Quot.sound]
✔ [8365/8455] Built Nibble.CoreGapDesign (65s)
✔ [8366/8455] Built BKLO.LinkLoad (60s)
✔ [8367/8455] Built BKLO.Section1012Reconcile (135s)
✔ [8368/8455] Built BKLO.EngineR3Assembly (66s)
✔ [8369/8455] Built Nibble.FracPackingDense (69s)
✔ [8370/8455] Built Nibble.BlockCoverUniformAux (66s)
✔ [8371/8455] Built Nibble.TripleEdges (63s)
✔ [8372/8455] Built Nibble.GridDesign (64s)
✔ [8373/8455] Built BKLO.ReservoirDesignStructured (102s)
⚠ [8374/8455] Built Nibble.BoxPlacementGraph (72s)
warning: Nibble/BoxPlacementGraph.lean:60:0: automatically included section variable(s) unused in theorem `Nibble.AX1.BoxPlace.mem_placeFam`:
  [Fintype ι]
consider restructuring your `variable` declarations so that the variables are not in scope or explicitly omit them:
  omit [Fintype ι] in theorem ...

Note: This linter can be disabled with `set_option linter.unusedSectionVars false`
warning: Nibble/BoxPlacementGraph.lean:74:0: automatically included section variable(s) unused in theorem `Nibble.AX1.BoxPlace.boxDemand_eq_sum`:
  [Fintype ι]
  [DecidableEq κ]
consider restructuring your `variable` declarations so that the variables are not in scope or explicitly omit them:
  omit [Fintype ι] [DecidableEq κ] in theorem ...

Note: This linter can be disabled with `set_option linter.unusedSectionVars false`
warning: Nibble/BoxPlacementGraph.lean:77:0: automatically included section variable(s) unused in theorem `Nibble.AX1.BoxPlace.boxDemandC_nonneg`:
  [Fintype ι]
  [Fintype κ]
  [DecidableEq κ]
consider restructuring your `variable` declarations so that the variables are not in scope or explicitly omit them:
  omit [Fintype ι] [Fintype κ] [DecidableEq κ] in theorem ...

Note: This linter can be disabled with `set_option linter.unusedSectionVars false`
warning: Nibble/BoxPlacementGraph.lean:83:0: automatically included section variable(s) unused in theorem `Nibble.AX1.BoxPlace.sz_mul_le_boxDemandC`:
  [Fintype ι]
  [Fintype κ]
  [DecidableEq κ]
consider restructuring your `variable` declarations so that the variables are not in scope or explicitly omit them:
  omit [Fintype ι] [Fintype κ] [DecidableEq κ] in theorem ...

Note: This linter can be disabled with `set_option linter.unusedSectionVars false`
warning: Nibble/BoxPlacementGraph.lean:121:0: automatically included section variable(s) unused in theorem `Nibble.AX1.BoxPlace.plc_nonempty`:
  [Fintype κ]
  [DecidableEq κ]
consider restructuring your `variable` declarations so that the variables are not in scope or explicitly omit them:
  omit [Fintype κ] [DecidableEq κ] in theorem ...

Note: This linter can be disabled with `set_option linter.unusedSectionVars false`
warning: Nibble/BoxPlacementGraph.lean:128:0: automatically included section variable(s) unused in theorem `Nibble.AX1.BoxPlace.sum_placeFam`:
  [Fintype ι]
consider restructuring your `variable` declarations so that the variables are not in scope or explicitly omit them:
  omit [Fintype ι] in theorem ...

Note: This linter can be disabled with `set_option linter.unusedSectionVars false`
warning: Nibble/BoxPlacementGraph.lean:161:0: automatically included section variable(s) unused in theorem `Nibble.AX1.BoxPlace.placeWt_edge`:
  [Fintype ι]
consider restructuring your `variable` declarations so that the variables are not in scope or explicitly omit them:
  omit [Fintype ι] in theorem ...

Note: This linter can be disabled with `set_option linter.unusedSectionVars false`
warning: Nibble/BoxPlacementGraph.lean:168:0: automatically included section variable(s) unused in theorem `Nibble.AX1.BoxPlace.placeWt_nonneg`:
  [Fintype ι]
consider restructuring your `variable` declarations so that the variables are not in scope or explicitly omit them:
  omit [Fintype ι] in theorem ...

Note: This linter can be disabled with `set_option linter.unusedSectionVars false`
warning: Nibble/BoxPlacementGraph.lean:175:0: automatically included section variable(s) unused in theorem `Nibble.AX1.BoxPlace.placeCard_pos`:
  [Fintype κ]
  [DecidableEq κ]
consider restructuring your `variable` declarations so that the variables are not in scope or explicitly omit them:
  omit [Fintype κ] [DecidableEq κ] in theorem ...

Note: This linter can be disabled with `set_option linter.unusedSectionVars false`
warning: Nibble/BoxPlacementGraph.lean:199:0: automatically included section variable(s) unused in theorem `Nibble.AX1.BoxPlace.placeFam_edge_size`:
  hidx
  hsz1
consider restructuring your `variable` declarations so that the variables are not in scope or explicitly omit them:
  omit hidx hsz1 in theorem ...

Note: This linter can be disabled with `set_option linter.unusedSectionVars false`
warning: Nibble/BoxPlacementGraph.lean:233:0: automatically included section variable(s) unused in theorem `Nibble.AX1.BoxPlace.sum_inv_const`:
  [Fintype κ]
  [DecidableEq κ]
consider restructuring your `variable` declarations so that the variables are not in scope or explicitly omit them:
  omit [Fintype κ] [DecidableEq κ] in theorem ...

Note: This linter can be disabled with `set_option linter.unusedSectionVars false`
warning: Nibble/BoxPlacementGraph.lean:240:0: automatically included section variable(s) unused in theorem `Nibble.AX1.BoxPlace.slot_count_core`:
  [Fintype ι]
  [Fintype κ]
consider restructuring your `variable` declarations so that the variables are not in scope or explicitly omit them:
  omit [Fintype ι] [Fintype κ] in theorem ...

Note: This linter can be disabled with `set_option linter.unusedSectionVars false`
⚠ [8375/8455] Built BKLO.Section1012Hier (57s)
warning: BKLO/Section1012Hier.lean:104:59: unused variable `hε`

Note: This linter can be disabled with `set_option linter.unusedVariables false`
✔ [8376/8455] Built BKLO.ReservoirPairing (58s)
✔ [8377/8455] Built Nibble.UniformRounding (71s)
✔ [8378/8455] Built Nibble.GridDesignRect (57s)
✔ [8379/8455] Built Nibble.CoreGapGridResidual (57s)
⚠ [8380/8455] Built Nibble.TripleEdgesThree (60s)
warning: Nibble/TripleEdgesThree.lean:30:8: automatically included section variable(s) unused in theorem `_private.Nibble.TripleEdgesThree.0.Nibble.AX1.mem_crossPairs`:
  [Fintype V]
consider restructuring your `variable` declarations so that the variables are not in scope or explicitly omit them:
  omit [Fintype V] in theorem ...

Note: This linter can be disabled with `set_option linter.unusedSectionVars false`
warning: Nibble/TripleEdgesThree.lean:114:8: automatically included section variable(s) unused in theorem `_private.Nibble.TripleEdgesThree.0.Nibble.AX1.edgeDensity_mul_le_card_interedges`:
  [Fintype V]
  [DecidableEq V]
consider restructuring your `variable` declarations so that the variables are not in scope or explicitly omit them:
  omit [Fintype V] [DecidableEq V] in theorem ...

Note: This linter can be disabled with `set_option linter.unusedSectionVars false`
✔ [8381/8455] Built BKLO.MainRepaired3 (104s)
✔ [8382/8455] Built BKLO.Section11Cells (63s)
✔ [8383/8455] Built BKLO.ReservoirPairingRefutation (66s)
⚠ [8384/8455] Built Nibble.BoxPlacementNibble (90s)
warning: Nibble/BoxPlacementNibble.lean:109:0: automatically included section variable(s) unused in theorem `Nibble.AX1.BoxPlace.defaultAlloc_mem`:
  [Fintype κ]
  [DecidableEq κ]
consider restructuring your `variable` declarations so that the variables are not in scope or explicitly omit them:
  omit [Fintype κ] [DecidableEq κ] in theorem ...

Note: This linter can be disabled with `set_option linter.unusedSectionVars false`
✔ [8385/8455] Built Nibble.FracRounding (54s)
✔ [8386/8455] Built BKLO.GridRegionCard (102s)
✔ [8387/8455] Built BKLO.ReservoirDesignFull (103s)
✔ [8388/8455] Built Nibble.CoreGapTripleShape (52s)
✔ [8389/8455] Built BKLO.Section11CellsSeq (47s)
✔ [8390/8455] Built BKLO.GridCompetition (48s)
✔ [8391/8455] Built Nibble.NearComplete (50s)
✔ [8392/8455] Built Nibble.CoreGapBlockShape (55s)
✔ [8393/8455] Built Nibble.CoreGapDesignLocal (59s)
✔ [8394/8455] Built BKLO.ReservoirDesignClean (62s)
✔ [8395/8455] Built BKLO.MainR4 (97s)
✔ [8396/8455] Built BKLO.Section11CellsWire (52s)
✔ [8397/8455] Built BKLO.CellsSpreadLevels (57s)
✔ [8398/8455] Built BKLO.CellsStep (57s)
✔ [8399/8455] Built Nibble.DrossSpread (46s)
✔ [8400/8455] Built Nibble.CoreGapGridLocalResidual (38s)
✔ [8401/8455] Built BKLO.EngineR4Assembly (42s)
✔ [8402/8455] Built BKLO.CellsGreedy (44s)
✔ [8403/8455] Built BKLO.ReservoirPairingLarge (36s)
✔ [8404/8455] Built Nibble.DrossGadget (51s)
⚠ [8405/8455] Built Nibble.CoreGapBlockCover (68s)
warning: Nibble/CoreGapBlockCover.lean:47:65: unused variable `hδ`

Note: This linter can be disabled with `set_option linter.unusedVariables false`
warning: Nibble/CoreGapBlockCover.lean:47:78: unused variable `hδ1`

Note: This linter can be disabled with `set_option linter.unusedVariables false`
warning: Nibble/CoreGapBlockCover.lean:57:58: unused variable `hδ`

Note: This linter can be disabled with `set_option linter.unusedVariables false`
warning: Nibble/CoreGapBlockCover.lean:69:84: unused variable `hδ1`

Note: This linter can be disabled with `set_option linter.unusedVariables false`
warning: Nibble/CoreGapBlockCover.lean:70:5: unused variable `hε₁0`

Note: This linter can be disabled with `set_option linter.unusedVariables false`
warning: Nibble/CoreGapBlockCover.lean:166:67: unused variable `hδ0`

Note: This linter can be disabled with `set_option linter.unusedVariables false`
✔ [8406/8455] Built BKLO.Section11CellsPlace (45s)
✔ [8407/8455] Built BKLO.ReservoirPairingStructured (35s)
✔ [8408/8455] Built Nibble.DrossTransfer (56s)
✔ [8409/8455] Built BKLO.Section11CellsMain (40s)
✔ [8410/8455] Built BKLO.GridPairingClean (41s)
✔ [8411/8455] Built BKLO.TwoSidedSweep (42s)
⚠ [8412/8455] Built Nibble.CoreGapCoverCapacity (66s)
warning: Nibble/CoreGapCoverCapacity.lean:50:0: automatically included section variable(s) unused in theorem `Nibble.AX1.prod_subset_tripleRect_AB`:
  [Fintype V]
consider restructuring your `variable` declarations so that the variables are not in scope or explicitly omit them:
  omit [Fintype V] in theorem ...

Note: This linter can be disabled with `set_option linter.unusedSectionVars false`
warning: Nibble/CoreGapCoverCapacity.lean:53:0: automatically included section variable(s) unused in theorem `Nibble.AX1.prod_subset_tripleRect_BA`:
  [Fintype V]
consider restructuring your `variable` declarations so that the variables are not in scope or explicitly omit them:
  omit [Fintype V] in theorem ...

Note: This linter can be disabled with `set_option linter.unusedSectionVars false`
warning: Nibble/CoreGapCoverCapacity.lean:56:0: automatically included section variable(s) unused in theorem `Nibble.AX1.prod_subset_tripleRect_AC`:
  [Fintype V]
consider restructuring your `variable` declarations so that the variables are not in scope or explicitly omit them:
  omit [Fintype V] in theorem ...

Note: This linter can be disabled with `set_option linter.unusedSectionVars false`
warning: Nibble/CoreGapCoverCapacity.lean:59:0: automatically included section variable(s) unused in theorem `Nibble.AX1.prod_subset_tripleRect_CA`:
  [Fintype V]
consider restructuring your `variable` declarations so that the variables are not in scope or explicitly omit them:
  omit [Fintype V] in theorem ...

Note: This linter can be disabled with `set_option linter.unusedSectionVars false`
warning: Nibble/CoreGapCoverCapacity.lean:62:0: automatically included section variable(s) unused in theorem `Nibble.AX1.prod_subset_tripleRect_BC`:
  [Fintype V]
consider restructuring your `variable` declarations so that the variables are not in scope or explicitly omit them:
  omit [Fintype V] in theorem ...

Note: This linter can be disabled with `set_option linter.unusedSectionVars false`
warning: Nibble/CoreGapCoverCapacity.lean:65:0: automatically included section variable(s) unused in theorem `Nibble.AX1.prod_subset_tripleRect_CB`:
  [Fintype V]
consider restructuring your `variable` declarations so that the variables are not in scope or explicitly omit them:
  omit [Fintype V] in theorem ...

Note: This linter can be disabled with `set_option linter.unusedSectionVars false`
warning: Nibble/CoreGapCoverCapacity.lean:75:0: automatically included section variable(s) unused in theorem `Nibble.AX1.pairArea_nonneg`:
  [Fintype V]
consider restructuring your `variable` declarations so that the variables are not in scope or explicitly omit them:
  omit [Fintype V] in theorem ...

Note: This linter can be disabled with `set_option linter.unusedSectionVars false`
warning: Nibble/CoreGapCoverCapacity.lean:81:0: automatically included section variable(s) unused in theorem `Nibble.AX1.rect_le_pairArea`:
  [Fintype V]
consider restructuring your `variable` declarations so that the variables are not in scope or explicitly omit them:
  omit [Fintype V] in theorem ...

Note: This linter can be disabled with `set_option linter.unusedSectionVars false`
warning: Nibble/CoreGapCoverCapacity.lean:97:0: automatically included section variable(s) unused in theorem `Nibble.AX1.sum_card_inter_le`:
  [Fintype V]
consider restructuring your `variable` declarations so that the variables are not in scope or explicitly omit them:
  omit [Fintype V] in theorem ...

Note: This linter can be disabled with `set_option linter.unusedSectionVars false`
⚠ [8413/8455] Built Nibble.CoreGapBlockCoverCoupled (66s)
warning: Nibble/CoreGapBlockCoverCoupled.lean:47:65: unused variable `hδ`

Note: This linter can be disabled with `set_option linter.unusedVariables false`
warning: Nibble/CoreGapBlockCoverCoupled.lean:47:78: unused variable `hδ1`

Note: This linter can be disabled with `set_option linter.unusedVariables false`
warning: Nibble/CoreGapBlockCoverCoupled.lean:57:58: unused variable `hδ`

Note: This linter can be disabled with `set_option linter.unusedVariables false`
warning: Nibble/CoreGapBlockCoverCoupled.lean:69:84: unused variable `hδ1`

Note: This linter can be disabled with `set_option linter.unusedVariables false`
warning: Nibble/CoreGapBlockCoverCoupled.lean:70:5: unused variable `hε₁0`

Note: This linter can be disabled with `set_option linter.unusedVariables false`
warning: Nibble/CoreGapBlockCoverCoupled.lean:166:67: unused variable `hδ0`

Note: This linter can be disabled with `set_option linter.unusedVariables false`
info: Nibble/CoreGapBlockCoverCoupled.lean:451:0: 'Nibble.AX1.subTripleDesignLocalResidual_of_blockCoverCoupled' depends on axioms: [propext,
 Classical.choice,
 Quot.sound]
info: Nibble/CoreGapBlockCoverCoupled.lean:452:0: 'Nibble.AX1.ax1_of_blockCoverCoupled' depends on axioms: [propext, Classical.choice, Quot.sound]
✔ [8414/8455] Built Nibble.DrossFlowRoute (37s)
✔ [8415/8455] Built BKLO.GridPairingCleanCount (28s)
ℹ [8416/8455] Built Nibble.CoreGapClusterLP (32s)
info: Nibble/CoreGapClusterLP.lean:292:0: 'Nibble.AX1.nu3star_regularityReduced_le_cluster_capacity' depends on axioms: [propext, Classical.choice, Quot.sound]
info: Nibble/CoreGapClusterLP.lean:293:0: 'Nibble.AX1.nu3star_regularityReduced_le_dense_cluster_capacity' depends on axioms: [propext,
 Classical.choice,
 Quot.sound]
✔ [8417/8455] Built Nibble.DrossFlowDense (39s)
✔ [8418/8455] Built BKLO.ReservoirDesignEquitable (38s)
ℹ [8419/8455] Built Nibble.CoreGapBlockAlloc (36s)
info: Nibble/CoreGapBlockAlloc.lean:237:0: 'Nibble.AX1.cover_approx_of_gridSubTriple' depends on axioms: [propext, Classical.choice, Quot.sound]
info: Nibble/CoreGapBlockAlloc.lean:238:0: 'Nibble.AX1.tripleRect_disjoint_of_clusters' depends on axioms: [propext, Classical.choice, Quot.sound]
info: Nibble/CoreGapBlockAlloc.lean:239:0: 'Nibble.AX1.nu3star_le_cover_of_family_value' depends on axioms: [propext, Classical.choice, Quot.sound]
ℹ [8420/8455] Built Nibble.CoreGapClusterHost (36s)
info: Nibble/CoreGapClusterHost.lean:292:0: 'Nibble.AX1.hostTri_mem_cliqueFinset' depends on axioms: [propext, Classical.choice, Quot.sound]
info: Nibble/CoreGapClusterHost.lean:293:0: 'Nibble.AX1.nu3star_regularityReduced_le_host' depends on axioms: [propext, Classical.choice, Quot.sound]
✔ [8421/8455] Built Nibble.DrossCutCount (33s)
✔ [8422/8455] Built Nibble.CoarseCellAssembly (40s)
ℹ [8423/8455] Built Nibble.ClusterTripleLP (40s)
info: Nibble/ClusterTripleLP.lean:419:0: 'Nibble.AX1.exists_clusterTripleLP' depends on axioms: [propext, Classical.choice, Quot.sound]
info: Nibble/ClusterTripleLP.lean:420:0: 'Nibble.AX1.exists_sparse_clusterTripleLP' depends on axioms: [propext, Classical.choice, Quot.sound]
info: Nibble/ClusterTripleLP.lean:421:0: 'Nibble.AX1.exists_sparse_clusterTripleLP_nu3star' depends on axioms: [propext, Classical.choice, Quot.sound]
info: Nibble/ClusterTripleLP.lean:422:0: 'Nibble.AX1.nu3star_le_cover_of_family_lp_value' depends on axioms: [propext, Classical.choice, Quot.sound]
✔ [8424/8455] Built Nibble.DrossCutPartners (33s)
✔ [8425/8455] Built BKLO.ReservoirDesignSharp (60s)
✔ [8426/8455] Built Nibble.ClusterTripleLPCount (29s)
✔ [8427/8455] Built BKLO.SharpLinkMargin (29s)
✔ [8428/8455] Built Nibble.DrossCutCert (34s)
✔ [8429/8455] Built BKLO.SharpSweepBudget (35s)
✔ [8430/8455] Built Nibble.DenseTriangleNibbleDegAll (34s)
✔ [8431/8455] Built Nibble.DenseTriNibbleMaxDeg (27s)
✔ [8432/8455] Built BKLO.ReservoirDesignTwoSided (31s)
✔ [8433/8455] Built BKLO.ApproxTriDecompMinDegDense (34s)
✔ [8434/8455] Built BKLO.TwoSidedLinkMargin (36s)
⚠ [8435/8455] Built PaperIII.PaperImprovements (61s)
warning: PaperIII/PaperImprovements.lean:165:7: unused variable `q`

Note: This linter can be disabled with `set_option linter.unusedVariables false`
warning: PaperIII/PaperImprovements.lean:177:7: unused variable `q`

Note: This linter can be disabled with `set_option linter.unusedVariables false`
warning: PaperIII/PaperImprovements.lean:427:4: Try `simp at hPair` instead of `simpa using hPair`

Note: This linter can be disabled with `set_option linter.unnecessarySimpa false`
warning: PaperIII/PaperImprovements.lean:1300:18: unused variable `hβ`

Note: This linter can be disabled with `set_option linter.unusedVariables false`
warning: PaperIII/PaperImprovements.lean:1329:18: unused variable `hβ`

Note: This linter can be disabled with `set_option linter.unusedVariables false`
✔ [8436/8455] Built BKLO.MainDenseUnconditional (35s)
✔ [8437/8455] Built BKLO.GridPairingTwoSided (34s)
✔ [8438/8455] Built BKLO.GridPairingStepTwoSided (20s)
✔ [8439/8455] Built BKLO.TwoSidedLedger (20s)
⚠ [8440/8455] Built Nibble.CoarseCellCoupled (191s)
warning: Nibble/CoarseCellCoupled.lean:210:41: unused variable `ha0`

Note: This linter can be disabled with `set_option linter.unusedVariables false`
info: Nibble/CoarseCellCoupled.lean:1120:0: 'Nibble.AX1.blockCoverResidualCoupled_of_boxAllocation' depends on axioms: [propext, Classical.choice, Quot.sound]
info: Nibble/CoarseCellCoupled.lean:1121:0: 'Nibble.AX1.ax1_of_boxAllocation' depends on axioms: [propext, Classical.choice, Quot.sound]
✔ [8441/8455] Built BKLO.TwoSidedClassLedger (25s)
✔ [8442/8455] Built Nibble.AX1Closed (19s)
✔ [8443/8455] Built BKLO.TwoSidedLedgerObstruction (15s)
✔ [8444/8455] Built BKLO.TwoSidedCrossSide (16s)
✔ [8445/8455] Built BKLO.TwoSidedCrossSideSweep (16s)
✔ [8446/8455] Built BKLO.TwoSidedCrossSideExc (16s)
✔ [8447/8455] Built BKLO.TwoSidedClassMatched (17s)
✔ [8448/8455] Built BKLO.TwoSidedClassMatchedResidual (16s)
✔ [8449/8455] Built BKLO.TwoSidedClassMatchedInvariant (16s)
✔ [8450/8455] Built BKLO.TwoSidedUsedClassMatched (18s)
⚠ [8451/8455] Built Ax2.PartB.BKLO.Bridge (22s)
warning: Ax2/PartB/BKLO/Bridge.lean:24:0: automatically included section variable(s) unused in theorem `Ax2.BKLOBridge.triEdges_eq_cliqueEdges`:
  [Fintype V]
consider restructuring your `variable` declarations so that the variables are not in scope or explicitly omit them:
  omit [Fintype V] in theorem ...

Note: This linter can be disabled with `set_option linter.unusedSectionVars false`
⚠ [8452/8455] Built PaperIII.Theorem_1_1_Final (24s)
warning: PaperIII/Theorem_1_1_Final.lean:55:23: Used `tac1 <;> tac2` where `(tac1; tac2)` would suffice

Note: This linter can be disabled with `set_option linter.unnecessarySeqFocus false`
✔ [8453/8455] Built PaperIII.PublicAPI (23s)
✔ [8454/8455] Built PaperIII (21s)
Build completed successfully (8455 jobs).
